[01:29:27] <Cosmetics Plugin> (Plugin)  Loaded
[01:31:06] (SetOptions)  Bot Started [Tools/BankAllItems]
[01:31:06] (SetOptions)  [SetOptions] Anti-Lag in CBO is off. Skipping
privacy settings.
[01:31:12] (BankACMisc)  Banking misc AC items [10 items]: "Unidentified
13", "Tainted Gem", "Dark Crystal Shard", "Diamond
of Nulgath", "Totem of Nulgath", "Gem of Nulgath",
"Archfiend's Favor", "Nulgath's Approval", "Void
Aura", "Roentgenium of Nulgath"
[01:31:18] (ToBank)  Unidentified 13 moved to bank.
[01:31:20] (ToBank)  Tainted Gem moved to bank.
[01:31:23] (ToBank)  Dark Crystal Shard moved to bank.
[01:31:25] (ToBank)  Diamond of Nulgath moved to bank.
[01:31:28] (ToBank)  Totem of Nulgath moved to bank.
[01:31:30] (ToBank)  Gem of Nulgath moved to bank.
[01:31:33] (ToBank)  Archfiend's Favor moved to bank.
[01:31:35] (ToBank)  Nulgath's Approval moved to bank.
[01:31:38] (ToBank)  Void Aura moved to bank.
[01:31:40] (ToBank)  Roentgenium of Nulgath moved to bank.
[01:31:47] (_Equip)  Equipped item: Awescended Omni Cowl (ID: 58190)
[01:31:50] (_Equip)  Equipped item: Cape of Awe (ID: 29375)
[01:31:54] (_Equip)  Equipped item: Necrotic Sword of Doom (ID: 30629)
[01:31:58] (_Equip)  Equipped item: TimeKeeper (ID: 62123)
[01:31:59] (SetOptions)  Bot Configured
[01:32:02] (BankAll)  [86x Bag Spaces used] BlackList: StoneCrusher,
Awescended Omni Cowl, Awescended Omni Wings,
Formal Eternal Locks, Necrotic Sword of Doom, Dual
Necrotic Sword of Doom, Dual Unarmed, Unarmed,
Awescended, Head of the Legion Beast, ArchPaladin,
Void Highlord, Lord Of Order, Legion Revenant,
Polly Roger, Dragon of Time, Dark Legendary Hero,
Arata Gamer Gear, Cloaked Deathwalker, Fire
Champion's Armor, Inked Ao Tsuki, Orochi
Blademaster, So's Student Uniform, Amethyst
Akiba-kei Outfit, Party Night Visage, Abaddon
Desolation Katana, Dual Caladbolgs, Soul Fire
Fists, Oblivion Bank Pet, Shogun Paragon Pet,
Legion Evocator Flames, Mithril PvP Amulet +15000,
Snowy Caroler, TimeKeeper, Quantum Chronomancer,
Frigid Wolf Blades, Runic Poleaxe of Kheimon,
Vindicator Of They, Pixel Ronin Streetwear,
Permafrost Enchanter Claws, ArchFiend, Archfiend
DeathLord, Deathwalker Locks, Cursed Locks, Ebil
Administrator's Buns, Formal Eternal Dragon's
Locks, Legion DoomKnight, Verus DoomKnight,
Abyssal Angel, Infinity Titan, WitchBlade,
Enlightened Occult Club, Enchanted Nation
Ritualist's Sigil, Underworld Painsaw Gauntlets,
Abaddon Penumbra Blades, Legion Beast Carver and
Shield, Classic Exalted Soul Cleaver, Dark Ultra
OmniNight, DarkFrost Dragon Guardian, Deathwalker
Fall, Enchanted Eternal Flame, Eternal Underworld
Flame, Wandering Onryo Flames, Formal Party
Outfit, Ao Tsuki Hair, Divine Sunstreaker Locks,
Divine Sunstreaker Hair, Orochi Blademaster's
Locks, Summer Waves, Coastal Raider, Hollowborn
Sword of Doom, Pirate Ninja, Underworld Lich,
Coastal Raider's Battlescarred Morph, Brabos
Encantados, LightCaster, Dual PainSaw of Eidolon,
Frostval Barbarian, Dark Guise of Nulgath, Golden
Dragon Guard's Locks, BrightBlade Shoulder Cloth,
Drowned Soul, Dual Mammoth Crusher Blade, Awakened
Fiend Poleaxe, Sheathed Orochi Wakizashi, Dark
Dragon Defender, Mystic Witch Caster, Coastal
Raider's Battlescarred Visage, Dragonsworn Morph
Locks, ShadowFlame Knuckle Sword, Abyssal Angel
Naval Commander, Debris Naval Commander, Black
Peasant Rags 13, Abaddon Desolation Katanas,
Awakened Titan Blade, Obsidian Mirror Caladbolg,
Parasitic Decay Blades, Cyber Soul Reaper,
NightStalker's Spear, Higure, Hollowborn Reaper's
Scythe, Burning Blade, Burning Blade Of Abezeth,
Blinding Light of Destiny, Ascended Dragon of Time
Runes, Ascended Dragon of Time Wings, Cape of Awe,
Dragon of Time Runes, Dragon of Time Tail, Dragon
of Time Wings, Dragon of Time Helm, Dragon of Time
Horns, Dragon of Time Horns + Ponytail, Dragon of
Time Ponytail, Makai Transformed Hoodie, Makai Fan
Hood + Locks, Archfiend's Spikes, Eternity Blade,
Mirror of Makai, Runes Of Time, Scroll of Enrage,
Arcana Invoker, Treasure Potion
[01:32:05] (ToBank)  Bone Dust moved to bank.
[01:32:08] (ToBank)  Death Scythe of Nulgath moved to bank.
[01:32:11] (ToBank)  Emblem of Nulgath moved to bank.
[01:32:14] (ToBank)  Doomblade of Destruction moved to bank.
[01:32:14] (BankAll)  Inventory Items: ✅
[01:32:15] (ToHouseBank)  70184 moved to house bank
[01:32:15] (BankAll)  House Items: ✅
[01:32:16] (SetOptions)  Script ran for 00:01:09
[01:32:45] (SetOptions)  Bot Started [Other/Classes/REP-based/DeathKnight]
[01:32:45] (SetOptions)  [SetOptions] Anti-Lag in CBO is off. Skipping
privacy settings.
[01:32:52] (SetOptions)  Bot Configured
[01:33:01] (Unbank)  DeathKnight moved from bank
[01:33:01] (SetOptions)  Script ran for 00:00:16
[01:34:09] (SetOptions)  Bot Started [Other/Classes/DeathKnightLord[mem]]
[01:34:10] (SetOptions)  [SetOptions] Anti-Lag in CBO is off. Skipping
privacy settings.
[01:34:16] (SetOptions)  Bot Configured
[01:34:18] (isCompletedBefore)  Yurrod the Gold [5022] completion check [✔]
[01:34:28] (StartBuyAllMerge)  Farming to buy DeathKnight Lord (#0/1)
[01:34:37] (Unbank)  Shadow Skull moved from bank
[01:34:46] (Unbank)  DeathKnight Lord Armor moved from bank
[01:34:46] (StartBuyAllMerge)  Buying DeathKnight Lord (#1/1)
[01:34:52] (_CalcBuyQuantity)  Requirement Shadow Skull: needed 30, current 30
[01:34:53] (_CalcBuyQuantity)  Requirement DeathKnight Lord Armor: needed 1,
current 1
[01:34:56] (BuyItem)  Bought 1 DeathKnight Lord
[01:35:37] (RankUpClass)  Can't level up "DeathKnight Lord" because it's not
enhanced, and AutoEnhance is turned off
[01:35:37] (SetOptions)  Script ran for 00:01:28
[01:36:05] (SetOptions)  Bot Started [Other/Classes/0AllClasses]
[01:36:06] (SetOptions)  [SetOptions] Anti-Lag in CBO is off. Skipping
privacy settings.
[01:36:13] (SetOptions)  Bot Configured
[01:36:13] (MoreClassesToGet)  === Buying `beginner` classes start (will help
with forge enhancements later)===
[01:36:31] (Unbank)  Warrior moved from bank
[01:36:31] (_CalcBuyQuantity)  Cannot buy more Warrior, max stack reached
(302500/1).
[01:36:42] (Unbank)  Mage moved from bank
[01:36:43] (_CalcBuyQuantity)  Cannot buy more Mage, max stack reached
(302500/1).
[01:36:53] (Unbank)  Healer moved from bank
[01:36:54] (_CalcBuyQuantity)  Cannot buy more Healer, max stack reached
(302500/1).
[01:37:05] (Unbank)  Rogue moved from bank
[01:37:06] (_CalcBuyQuantity)  Cannot buy more Rogue, max stack reached
(302500/1).
[01:37:23] (Unbank)  Ninja moved from bank
[01:37:24] (_CalcBuyQuantity)  Cannot buy more Ninja, max stack reached
(302500/1).
[01:37:35] (Unbank)  Barber moved from bank
[01:37:35] (_CalcBuyQuantity)  Cannot buy more Barber, max stack reached
(302500/1).
[01:37:44] (Unbank)  Oracle moved from bank
[01:37:45] (_CalcBuyQuantity)  Cannot buy more Oracle, max stack reached
(302500/1).
[01:37:55] (Unbank)  Battle Warrior moved from bank
[01:37:56] (_CalcBuyQuantity)  Cannot buy more Battle Warrior, max stack reached
(302500/1).
[01:38:05] (Unbank)  Battle Healer moved from bank
[01:38:05] (_CalcBuyQuantity)  Cannot buy more Battle Healer, max stack reached
(302500/1).
[01:38:14] (Unbank)  No Class moved from bank
[01:38:15] (_CalcBuyQuantity)  Cannot buy more No Class, max stack reached
(302500/1).
[01:38:20] (ToBank)  Warrior moved to bank
[01:38:22] (ToBank)  Mage moved to bank
[01:38:24] (ToBank)  Healer moved to bank
[01:38:27] (ToBank)  Rogue moved to bank
[01:38:29] (ToBank)  Ninja moved to bank
[01:38:31] (ToBank)  Barber moved to bank
[01:38:33] (ToBank)  Oracle moved to bank
[01:38:36] (ToBank)  Battle Warrior moved to bank
[01:38:38] (ToBank)  Battle Healer moved to bank
[01:38:40] (ToBank)  No Class moved to bank
[01:38:40] (MoreClassesToGet)  === `beginner` classes - Bought! ===
[01:38:40] (DailyClasses)  === Doing Daily Classes ===
[01:38:45] (ToBank)  Item Blaze Binder is already in the bank, skipping
it
[01:38:45] (ToBank)  Item The Collector is already in the bank,
skipping it
[01:38:45] (ToBank)  Item Cryomancer is already in the bank, skipping
it
[01:38:46] (ToBank)  Death KnightLord not found in inventory, skipping
it
[01:38:46] (ToBank)  Lord of Order not found in inventory, skipping it
[01:38:46] (DailyClasses)  === Daily Classes - Completed! ===
[01:38:46] (RepClasses)  === Doing Reputation Classes ===
[01:39:04] (Unbank)  Royal BattleMage moved from bank
[01:39:12] (ToBank)  Item Arachnomancer is already in the bank,
skipping it
[01:39:13] (ToBank)  Item Darkblood StormKing is already in the bank,
skipping it
[01:39:13] (ToBank)  Item Elemental Dracomancer is already in the bank,
skipping it
[01:39:14] (ToBank)  Item Eternal Inversionist is already in the bank,
skipping it
[01:39:14] (ToBank)  Item Evolved Shaman is already in the bank,
skipping it
[01:39:15] (ToBank)  Item Glacial Berserker is already in the bank,
skipping it
[01:39:15] (ToBank)  Item Horc Evader is already in the bank, skipping
it
[01:39:15] (ToBank)  Item Imperial Chunin is already in the bank,
skipping it
[01:39:16] (ToBank)  Item Lycan is already in the bank, skipping it
[01:39:16] (ToBank)  Item Master Ranger is already in the bank,
skipping it
[01:39:17] (ToBank)  Item Paladin is already in the bank, skipping it
[01:39:19] (ToBank)  Royal BattleMage moved to bank
[01:39:19] (ToBank)  Item Shaman is already in the bank, skipping it
[01:39:20] (ToBank)  Item StoneCrusher is already in the bank, skipping
it
[01:39:20] (ToBank)  Item Thief of Hours is already in the bank,
skipping it
[01:39:20] (ToBank)  Item Troll Spellsmith is already in the bank,
skipping it
[01:39:21] (ToBank)  Item Chaos Slayer Mystic is already in the bank,
skipping it
[01:39:21] (ToBank)  Item Chaos Slayer Berserker is already in the
bank, skipping it
[01:39:22] (ToBank)  Item Chaos Slayer Cleric is already in the bank,
skipping it
[01:39:22] (ToBank)  Item Chaos Slayer Thief is already in the bank,
skipping it
[01:39:22] (RepClasses)  === Reputation Classes - Completed! ===
[01:39:22] (MemClasses)  === Doing Member Classes ===
[01:39:30] (DKL)  DeathKnight Lord class is already owned
[01:40:09] (RankUpClass)  Can't level up "DeathKnight Lord" because it's not
enhanced, and AutoEnhance is turned off
[01:40:15] (ToBank)  Item Alpha Omega is already in the bank, skipping
it
[01:40:15] (ToBank)  Item Acolyte is already in the bank, skipping it
[01:40:16] (ToBank)  Item Bard is already in the bank, skipping it
[01:40:16] (ToBank)  Item BeastMaster is already in the bank, skipping
it
[01:40:17] (ToBank)  Item Blood Ancient is already in the bank,
skipping it
[01:40:17] (ToBank)  Item Blood Titan is already in the bank, skipping
it
[01:40:18] (ToBank)  Item Chrono Assassin is already in the bank,
skipping it
[01:40:19] (ToBank)  Failed to bank DeathKnight, skipping it
[01:40:20] (ToBank)  Item DoomKnight is already in the bank, skipping
it
[01:40:20] (ToBank)  Item Drakel Warlord is already in the bank,
skipping it
[01:40:23] (ToBank)  Legion DoomKnight moved to bank
[01:40:23] (ToBank)  Item Legendary Elemental Warrior is already in the
bank, skipping it
[01:40:23] (ToBank)  Item Renegade is already in the bank, skipping it
[01:40:24] (ToBank)  Item UndeadSlayer is already in the bank, skipping
it
[01:40:24] (MemClasses)  === Member Classes - Completed! ===
[01:40:24] (SeasonalClasses)  === Doing Seasonal Classes ===
[01:40:31] (StartBuyAllMerge)  Farming to buy Alpha Pirate (#0/1)
[01:40:32] (StartBuyAllMerge)  Alpha Pirate Class Token [31382] is an external
item (not from this shop), attempting to farm it
from The ingredient list.
[01:40:33] (BuyAllMerge)  "Alpha Pirate Class Token" requires you to have
"Classic Alpha Pirate" which is rare. Skipping
this item.
[01:40:37] (isSeasonalMapActive)  [murdermoon] Seasonal Message: "murdermoon" is not
available.
[01:41:03] (isSeasonalMapActive)  [blackfridaywar] Seasonal Message:
"blackfridaywar" map is locked until event begins.
Get 'Portal to Harvest Event' house item from
/BaseCamp to unlock.
[01:41:21] (GetClass)  This class is only available during the Black
Friday event.
[01:41:26] (HuntMonster)  Farming Pumpkin Lord (0/1)
[01:42:43] (ToBank)  Alpha Pirate not found in inventory, skipping it
[01:42:44] (ToBank)  Dark Lord not found in inventory, skipping it
[01:42:44] (ToBank)  Item Evolved Leprechaun is already in the bank,
skipping it
[01:42:45] (ToBank)  Item Exalted Harbinger is already in the bank,
skipping it
[01:42:47] (ToBank)  Frostval Barbarian moved to bank
[01:42:47] (ToBank)  Item Legion SwordMaster Assassin is already in the
bank, skipping it
[01:42:48] (ToBank)  Item Northlands Monk is already in the bank,
skipping it
[01:42:48] (ToBank)  Item Pirate is already in the bank, skipping it
[01:42:49] (ToBank)  Shadow Dragon Shinobi not found in inventory,
skipping it
[01:42:51] (ToBank)  Pumpkin Lord moved to bank
[01:42:51] (ToBank)  Item Vampire Lord is already in the bank, skipping
it
[01:42:51] (SeasonalClasses)  === Seasonal Classes - Completed! ===
[01:42:51] (VariousClasses)  === Doing Various Classes ===
[01:42:53] (RankUpClass)  "Abyssal Angel" is already Rank 10 or you are not
a member and the item is members.
[01:43:02] (parseShopItem)  Item Abyssal Angel Shadow not found in shop 1657.
[01:43:02] (BuyItem)  Failed to find the item with name Abyssal Angel
Shadow in the shop with ID 1657, skipping it
[01:43:07] (isCompletedBefore)  Revive the Encore [9327] completion check [✔]
[01:43:15] (Unbank)  Neo Metal Necro moved from bank
[01:43:16] (RankUpClass)  "Neo Metal Necro" is already Rank 10 or you are
not a member and the item is members.
[01:43:29] (Unbank)  Bone Pick moved from bank
[01:43:40] (Unbank)  Arch DoomKnight moved from bank
[01:43:44] (isCompletedBefore)  A Means to an End [6798] completion check [✔]
[01:43:47] (isCompletedBefore)  VOIDUMINANCE [8380] completion check [❌]
[01:43:48] (PreLoad)  Loading 5 Quests.
[01:43:51] (isCompletedBefore)  The Final Form [7653] completion check [✔]
[01:43:51] (isCompletedBefore)  The Final Form [7653] completion check [✔]
[01:43:52] (isCompletedBefore)  Never Give Up [7636] completion check [✔]
[01:43:53] (isCompletedBefore)  Never Give Up [7636] completion check [✔]
[01:43:53] (isCompletedBefore)  The Final Form [7653] completion check [✔]
[01:43:53] (isCompletedBefore)  SKULLS [8376] completion check [✔]
[01:43:53] (QuestProgression)  Already Completed: [8376] - "SKULLS"
[01:43:53] (isCompletedBefore)  MORE SKULLS [8377] completion check [❌]
[01:43:53] (QuestProgression)  Doing Quest: [8377] - "MORE SKULLS"
[01:44:02] (Unbank)  Boneblade of Gorgorath moved from bank
[01:44:15] (Unbank)  Screaming Might moved from bank
[01:44:25] (HuntMonster)  Farming Bone Axe (0/1)
[01:45:28] (HuntMonster)  Farming Spine Gripper (0/1)
[01:47:20] (HuntMonster)  Farming Dread Staff (0/1)
[01:50:04] (_KillForItem)  Attacking Monster: O-Dokuro, for O-dokuro Blade
0/1
[01:50:53] (GetItemReq)  Farming reputation for Arcangrove (Required:
202500)
[01:51:10] (SetOptions)  Script ran for 00:15:04
[01:51:10] (StopBot)  Bot stopped successfully.
[01:51:15] (SetOptions)  Bot Started [Tools/BankAllItems]
[01:51:16] (SetOptions)  [SetOptions] Anti-Lag in CBO is off. Skipping
privacy settings.
[01:51:21] (BankACMisc)  Banking misc AC items [5 items]: "GOLD Boost! (1
hr)", "CLASS Boost! (1 hr)", "XP Boost! (1 hr)",
"REPUTATION Boost! (1 hr)", "Bone Pick"
[01:51:26] (ToBank)  GOLD Boost! (1 hr) moved to bank.
[01:51:28] (ToBank)  CLASS Boost! (1 hr) moved to bank.
[01:51:31] (ToBank)  XP Boost! (1 hr) moved to bank.
[01:51:33] (ToBank)  REPUTATION Boost! (1 hr) moved to bank.
[01:51:36] (ToBank)  Bone Pick moved to bank.
[01:51:37] (SetOptions)  Bot Configured
[01:51:41] (BankAll)  [84x Bag Spaces used] BlackList: StoneCrusher,
Awescended Omni Cowl, Awescended Omni Wings,
Formal Eternal Locks, Necrotic Sword of Doom, Dual
Necrotic Sword of Doom, Dual Unarmed, Unarmed,
Awescended, Head of the Legion Beast, ArchPaladin,
Void Highlord, Lord Of Order, Legion Revenant,
Polly Roger, Dragon of Time, Dark Legendary Hero,
Arata Gamer Gear, Cloaked Deathwalker, Fire
Champion's Armor, Inked Ao Tsuki, Orochi
Blademaster, So's Student Uniform, Amethyst
Akiba-kei Outfit, Party Night Visage, Abaddon
Desolation Katana, Dual Caladbolgs, Soul Fire
Fists, Oblivion Bank Pet, Shogun Paragon Pet,
Legion Evocator Flames, Mithril PvP Amulet +15000,
Snowy Caroler, TimeKeeper, Quantum Chronomancer,
Frigid Wolf Blades, Runic Poleaxe of Kheimon,
Vindicator Of They, Pixel Ronin Streetwear,
Permafrost Enchanter Claws, ArchFiend, Archfiend
DeathLord, Deathwalker Locks, Cursed Locks, Ebil
Administrator's Buns, Formal Eternal Dragon's
Locks, Legion DoomKnight, Verus DoomKnight,
Abyssal Angel, Infinity Titan, WitchBlade,
Enlightened Occult Club, Enchanted Nation
Ritualist's Sigil, Underworld Painsaw Gauntlets,
Abaddon Penumbra Blades, Legion Beast Carver and
Shield, Classic Exalted Soul Cleaver, Dark Ultra
OmniNight, DarkFrost Dragon Guardian, Deathwalker
Fall, Enchanted Eternal Flame, Eternal Underworld
Flame, Wandering Onryo Flames, Formal Party
Outfit, Ao Tsuki Hair, Divine Sunstreaker Locks,
Divine Sunstreaker Hair, Orochi Blademaster's
Locks, Summer Waves, Coastal Raider, Hollowborn
Sword of Doom, Pirate Ninja, Underworld Lich,
Coastal Raider's Battlescarred Morph, Brabos
Encantados, LightCaster, Dual PainSaw of Eidolon,
Frostval Barbarian, Dark Guise of Nulgath, Golden
Dragon Guard's Locks, BrightBlade Shoulder Cloth,
Drowned Soul, Dual Mammoth Crusher Blade, Awakened
Fiend Poleaxe, Sheathed Orochi Wakizashi, Dark
Dragon Defender, Mystic Witch Caster, Coastal
Raider's Battlescarred Visage, Dragonsworn Morph
Locks, ShadowFlame Knuckle Sword, Abyssal Angel
Naval Commander, Debris Naval Commander, Black
Peasant Rags 13, Abaddon Desolation Katanas,
Awakened Titan Blade, Obsidian Mirror Caladbolg,
Parasitic Decay Blades, Cyber Soul Reaper,
NightStalker's Spear, Higure, Hollowborn Reaper's
Scythe, Burning Blade, Burning Blade Of Abezeth,
Blinding Light of Destiny, Ascended Dragon of Time
Runes, Ascended Dragon of Time Wings, Cape of Awe,
Dragon of Time Runes, Dragon of Time Tail, Dragon
of Time Wings, Dragon of Time Helm, Dragon of Time
Horns, Dragon of Time Horns + Ponytail, Dragon of
Time Ponytail, Makai Transformed Hoodie, Makai Fan
Hood + Locks, Archfiend's Spikes, Eternity Blade,
Mirror of Makai, Runes Of Time, Scroll of Enrage,
Arcana Invoker, Treasure Potion
[01:51:44] (ToBank)  DeathKnight Lord moved to bank.
[01:51:46] (ToBank)  UwU Pumpkin Hat moved to bank.
[01:51:49] (ToBank)  Neo Metal Necro moved to bank.
[01:51:52] (ToBank)  Arch DoomKnight moved to bank.
[01:51:54] (ToBank)  Boneblade of Gorgorath moved to bank.
[01:51:57] (ToBank)  Screaming Might moved to bank.
[01:51:57] (BankAll)  Inventory Items: ✅
[01:51:57] (BankAll)  House Items: No items blacklisted
[01:51:58] (SetOptions)  Script ran for 00:00:42
[01:52:01] (_Equip)  Equipped item: Enchanted Eternal Flame (ID: 33210)
[01:52:03] (_Equip)  Equipped item: Dragon of Time (ID: 56722)
[01:52:06] (_Equip)  Equipped item: Hollowborn Sword of Doom (ID:
65845)
[01:52:08] (_Equip)  Equipped item: Ebil Administrator's Buns (ID:
73762)
[01:52:10] (_Equip)  Equipped item: Cape of Awe (ID: 29375)
[01:52:13] (_Equip)  Equipped item: Necrotic Sword of Doom (ID: 30629)
[01:52:15] (_Equip)  Equipped item: Awescended Omni Cowl (ID: 58190)
[01:52:18] (_Equip)  Equipped item: TimeKeeper (ID: 62123)
[01:52:19] (StopBot)  Bot stopped successfully.
[01:54:32] (SetOptions)  Bot Started [Other/Classes/0AllClasses]
[01:54:33] (SetOptions)  [SetOptions] Anti-Lag in CBO is off. Skipping
privacy settings.
[01:54:40] (SetOptions)  Bot Configured
[01:54:40] (MoreClassesToGet)  === Buying `beginner` classes start (will help
with forge enhancements later)===
[01:54:58] (Unbank)  Warrior moved from bank
[01:54:58] (_CalcBuyQuantity)  Cannot buy more Warrior, max stack reached
(302500/1).
[01:55:09] (Unbank)  Mage moved from bank
[01:55:10] (_CalcBuyQuantity)  Cannot buy more Mage, max stack reached
(302500/1).
[01:55:20] (Unbank)  Healer moved from bank
[01:55:21] (_CalcBuyQuantity)  Cannot buy more Healer, max stack reached
(302500/1).
[01:55:32] (Unbank)  Rogue moved from bank
[01:55:33] (_CalcBuyQuantity)  Cannot buy more Rogue, max stack reached
(302500/1).
[01:55:50] (Unbank)  Ninja moved from bank
[01:55:50] (_CalcBuyQuantity)  Cannot buy more Ninja, max stack reached
(302500/1).
[01:56:01] (Unbank)  Barber moved from bank
[01:56:02] (_CalcBuyQuantity)  Cannot buy more Barber, max stack reached
(302500/1).
[01:56:10] (Unbank)  Oracle moved from bank
[01:56:11] (_CalcBuyQuantity)  Cannot buy more Oracle, max stack reached
(302500/1).
[01:56:21] (Unbank)  Battle Warrior moved from bank
[01:56:22] (_CalcBuyQuantity)  Cannot buy more Battle Warrior, max stack reached
(302500/1).
[01:56:31] (Unbank)  Battle Healer moved from bank
[01:56:32] (_CalcBuyQuantity)  Cannot buy more Battle Healer, max stack reached
(302500/1).
[01:56:40] (Unbank)  No Class moved from bank
[01:56:41] (_CalcBuyQuantity)  Cannot buy more No Class, max stack reached
(302500/1).
[01:56:46] (ToBank)  Warrior moved to bank
[01:56:49] (ToBank)  Mage moved to bank
[01:56:51] (ToBank)  Healer moved to bank
[01:56:53] (ToBank)  Rogue moved to bank
[01:56:55] (ToBank)  Ninja moved to bank
[01:56:57] (ToBank)  Barber moved to bank
[01:56:59] (ToBank)  Oracle moved to bank
[01:57:01] (ToBank)  Battle Warrior moved to bank
[01:57:04] (ToBank)  Battle Healer moved to bank
[01:57:06] (ToBank)  No Class moved to bank
[01:57:06] (MoreClassesToGet)  === `beginner` classes - Bought! ===
[01:57:06] (DailyClasses)  === Doing Daily Classes ===
[01:57:11] (ToBank)  Item Blaze Binder is already in the bank, skipping
it
[01:57:11] (ToBank)  Item The Collector is already in the bank,
skipping it
[01:57:12] (ToBank)  Item Cryomancer is already in the bank, skipping
it
[01:57:12] (ToBank)  Death KnightLord not found in inventory, skipping
it
[01:57:12] (ToBank)  Lord of Order not found in inventory, skipping it
[01:57:12] (DailyClasses)  === Daily Classes - Completed! ===
[01:57:12] (RepClasses)  === Doing Reputation Classes ===
[01:57:31] (Unbank)  Royal BattleMage moved from bank
[01:57:39] (ToBank)  Item Arachnomancer is already in the bank,
skipping it
[01:57:39] (ToBank)  Item Darkblood StormKing is already in the bank,
skipping it
[01:57:40] (ToBank)  Item Elemental Dracomancer is already in the bank,
skipping it
[01:57:40] (ToBank)  Item Eternal Inversionist is already in the bank,
skipping it
[01:57:41] (ToBank)  Item Evolved Shaman is already in the bank,
skipping it
[01:57:41] (ToBank)  Item Glacial Berserker is already in the bank,
skipping it
[01:57:42] (ToBank)  Item Horc Evader is already in the bank, skipping
it
[01:57:42] (ToBank)  Item Imperial Chunin is already in the bank,
skipping it
[01:57:43] (ToBank)  Item Lycan is already in the bank, skipping it
[01:57:43] (ToBank)  Item Master Ranger is already in the bank,
skipping it
[01:57:43] (ToBank)  Item Paladin is already in the bank, skipping it
[01:57:45] (ToBank)  Royal BattleMage moved to bank
[01:57:46] (ToBank)  Item Shaman is already in the bank, skipping it
[01:57:46] (ToBank)  Item StoneCrusher is already in the bank, skipping
it
[01:57:47] (ToBank)  Item Thief of Hours is already in the bank,
skipping it
[01:57:47] (ToBank)  Item Troll Spellsmith is already in the bank,
skipping it
[01:57:48] (ToBank)  Item Chaos Slayer Mystic is already in the bank,
skipping it
[01:57:48] (ToBank)  Item Chaos Slayer Berserker is already in the
bank, skipping it
[01:57:48] (ToBank)  Item Chaos Slayer Cleric is already in the bank,
skipping it
[01:57:49] (ToBank)  Item Chaos Slayer Thief is already in the bank,
skipping it
[01:57:49] (RepClasses)  === Reputation Classes - Completed! ===
[01:57:49] (MemClasses)  === Doing Member Classes ===
[01:58:05] (Unbank)  DeathKnight Lord moved from bank
[01:58:05] (DKL)  DeathKnight Lord class is already owned
[01:58:08] (_Equip)  Equipped item: DeathKnight Lord (ID: 34780)
[01:58:30] (CheckClassRank)  Current Class: [34780]	(Item) DeathKnight Lord x1
AC  | Current Rank: 1
[01:58:31] (CheckClassRank)  Current Class: [34780]	(Item) DeathKnight Lord x1
AC  | Current Rank: 1
[01:58:31] (CheckClassRank)  Current Class: [34780]	(Item) DeathKnight Lord x1
AC  | Current Rank: 1
[01:58:32] (CheckClassRank)  Current Class: [34780]	(Item) DeathKnight Lord x1
AC  | Current Rank: 1
[01:58:33] (CheckClassRank)  Current Class: [34780]	(Item) DeathKnight Lord x1
AC  | Current Rank: 1
[01:58:33] (CheckClassRank)  Current Class: [34780]	(Item) DeathKnight Lord x1
AC  | Current Rank: 1
[01:58:34] (CheckClassRank)  Current Class: [34780]	(Item) DeathKnight Lord x1
AC  | Current Rank: 1
[01:58:34] (CheckClassRank)  Current Class: [34780]	(Item) DeathKnight Lord x1
AC  | Current Rank: 1
[01:58:35] (CheckClassRank)  Current Class: [34780]	(Item) DeathKnight Lord x1
AC  | Current Rank: 1
[01:58:35] (CheckClassRank)  Current Class: [34780]	(Item) DeathKnight Lord x1
AC  | Current Rank: 1
[01:58:36] (CheckClassRank)  Current Class: [34780]	(Item) DeathKnight Lord x1
AC  | Current Rank: 1
[01:58:37] (CheckClassRank)  Current Class: [34780]	(Item) DeathKnight Lord x1
AC  | Current Rank: 1
[01:58:37] (CheckClassRank)  Current Class: [34780]	(Item) DeathKnight Lord x1
AC  | Current Rank: 1
[01:58:38] (CheckClassRank)  Current Class: [34780]	(Item) DeathKnight Lord x1
AC  | Current Rank: 1
[01:58:38] (CheckClassRank)  Current Class: [34780]	(Item) DeathKnight Lord x1
AC  | Current Rank: 1
[01:58:39] (CheckClassRank)  Current Class: [34780]	(Item) DeathKnight Lord x1
AC  | Current Rank: 1
[01:58:39] (CheckClassRank)  Current Class: [34780]	(Item) DeathKnight Lord x1
AC  | Current Rank: 1
[01:58:40] (CheckClassRank)  Current Class: [34780]	(Item) DeathKnight Lord x1
AC  | Current Rank: 1
[01:58:41] (CheckClassRank)  Current Class: [34780]	(Item) DeathKnight Lord x1
AC  | Current Rank: 1
[01:58:41] (CheckClassRank)  Current Class: [34780]	(Item) DeathKnight Lord x1
AC  | Current Rank: 1
[01:58:42] (CheckClassRank)  Current Class: [34780]	(Item) DeathKnight Lord x1
AC  | Current Rank: 1
[01:58:42] (CheckClassRank)  Current Class: [34780]	(Item) DeathKnight Lord x1
AC  | Current Rank: 1
[01:58:43] (CheckClassRank)  Current Class: [34780]	(Item) DeathKnight Lord x1
AC  | Current Rank: 1
[01:58:44] (CheckClassRank)  Current Class: [34780]	(Item) DeathKnight Lord x1
AC  | Current Rank: 1
[01:58:44] (CheckClassRank)  Current Class: [34780]	(Item) DeathKnight Lord x1
AC  | Current Rank: 1
[01:58:45] (CheckClassRank)  Current Class: [34780]	(Item) DeathKnight Lord x1
AC  | Current Rank: 1
[01:58:45] (CheckClassRank)  Current Class: [34780]	(Item) DeathKnight Lord x1
AC  | Current Rank: 1
[01:58:46] (CheckClassRank)  Current Class: [34780]	(Item) DeathKnight Lord x1
AC  | Current Rank: 1
[01:58:46] (CheckClassRank)  Current Class: [34780]	(Item) DeathKnight Lord x1
AC  | Current Rank: 1
[01:58:47] (CheckClassRank)  Current Class: [34780]	(Item) DeathKnight Lord x1
AC  | Current Rank: 1
[01:58:48] (CheckClassRank)  Current Class: [34780]	(Item) DeathKnight Lord x1
AC  | Current Rank: 1
[01:58:48] (CheckClassRank)  Current Class: [34780]	(Item) DeathKnight Lord x1
AC  | Current Rank: 1
[01:58:49] (CheckClassRank)  Current Class: [34780]	(Item) DeathKnight Lord x1
AC  | Current Rank: 1
[01:58:49] (CheckClassRank)  Current Class: [34780]	(Item) DeathKnight Lord x1
AC  | Current Rank: 1
[01:58:50] (CheckClassRank)  Current Class: [34780]	(Item) DeathKnight Lord x1
AC  | Current Rank: 1
[01:58:50] (CheckClassRank)  Current Class: [34780]	(Item) DeathKnight Lord x1
AC  | Current Rank: 1
[01:58:51] (CheckClassRank)  Current Class: [34780]	(Item) DeathKnight Lord x1
AC  | Current Rank: 1
[01:58:52] (CheckClassRank)  Current Class: [34780]	(Item) DeathKnight Lord x1
AC  | Current Rank: 1
[01:58:52] (CheckClassRank)  Current Class: [34780]	(Item) DeathKnight Lord
x1531 AC  | Current Rank: 2
[01:58:53] (CheckClassRank)  Current Class: [34780]	(Item) DeathKnight Lord
x1531 AC  | Current Rank: 2
[01:58:53] (CheckClassRank)  Current Class: [34780]	(Item) DeathKnight Lord
x1531 AC  | Current Rank: 2
[01:58:54] (CheckClassRank)  Current Class: [34780]	(Item) DeathKnight Lord
x1531 AC  | Current Rank: 2
[01:58:54] (CheckClassRank)  Current Class: [34780]	(Item) DeathKnight Lord
x3211 AC  | Current Rank: 2
[01:58:55] (CheckClassRank)  Current Class: [34780]	(Item) DeathKnight Lord
x3211 AC  | Current Rank: 2
[01:58:56] (CheckClassRank)  Current Class: [34780]	(Item) DeathKnight Lord
x3211 AC  | Current Rank: 2
[01:58:56] (CheckClassRank)  Current Class: [34780]	(Item) DeathKnight Lord
x4891 AC  | Current Rank: 3
[01:58:57] (CheckClassRank)  Current Class: [34780]	(Item) DeathKnight Lord
x4891 AC  | Current Rank: 3
[01:58:57] (CheckClassRank)  Current Class: [34780]	(Item) DeathKnight Lord
x4891 AC  | Current Rank: 3
[01:58:58] (CheckClassRank)  Current Class: [34780]	(Item) DeathKnight Lord
x6721 AC  | Current Rank: 3
[01:59:10] (CheckClassRank)  Current Class: [34780]	(Item) DeathKnight Lord
x6721 AC  | Current Rank: 3
[01:59:11] (CheckClassRank)  Current Class: [34780]	(Item) DeathKnight Lord
x6721 AC  | Current Rank: 3
[01:59:11] (CheckClassRank)  Current Class: [34780]	(Item) DeathKnight Lord
x6721 AC  | Current Rank: 3
[01:59:12] (CheckClassRank)  Current Class: [34780]	(Item) DeathKnight Lord
x6721 AC  | Current Rank: 3
[01:59:13] (CheckClassRank)  Current Class: [34780]	(Item) DeathKnight Lord
x6721 AC  | Current Rank: 3
[01:59:13] (CheckClassRank)  Current Class: [34780]	(Item) DeathKnight Lord
x6721 AC  | Current Rank: 3
[01:59:14] (CheckClassRank)  Current Class: [34780]	(Item) DeathKnight Lord
x6721 AC  | Current Rank: 3
[01:59:14] (CheckClassRank)  Current Class: [34780]	(Item) DeathKnight Lord
x6721 AC  | Current Rank: 3
[01:59:15] (CheckClassRank)  Current Class: [34780]	(Item) DeathKnight Lord
x6721 AC  | Current Rank: 3
[01:59:16] (CheckClassRank)  Current Class: [34780]	(Item) DeathKnight Lord
x8551 AC  | Current Rank: 4
[01:59:16] (CheckClassRank)  Current Class: [34780]	(Item) DeathKnight Lord
x10381 AC  | Current Rank: 4
[01:59:17] (CheckClassRank)  Current Class: [34780]	(Item) DeathKnight Lord
x10381 AC  | Current Rank: 4
[01:59:17] (CheckClassRank)  Current Class: [34780]	(Item) DeathKnight Lord
x10381 AC  | Current Rank: 4
[01:59:18] (CheckClassRank)  Current Class: [34780]	(Item) DeathKnight Lord
x10381 AC  | Current Rank: 4
[01:59:18] (CheckClassRank)  Current Class: [34780]	(Item) DeathKnight Lord
x12361 AC  | Current Rank: 4
[01:59:19] (CheckClassRank)  Current Class: [34780]	(Item) DeathKnight Lord
x12361 AC  | Current Rank: 4
[01:59:20] (CheckClassRank)  Current Class: [34780]	(Item) DeathKnight Lord
x12361 AC  | Current Rank: 4
[01:59:20] (CheckClassRank)  Current Class: [34780]	(Item) DeathKnight Lord
x12361 AC  | Current Rank: 4
[01:59:21] (CheckClassRank)  Current Class: [34780]	(Item) DeathKnight Lord
x18301 AC  | Current Rank: 4
[01:59:22] (CheckClassRank)  Current Class: [34780]	(Item) DeathKnight Lord
x18301 AC  | Current Rank: 4
[01:59:22] (CheckClassRank)  Current Class: [34780]	(Item) DeathKnight Lord
x18301 AC  | Current Rank: 4
[01:59:23] (CheckClassRank)  Current Class: [34780]	(Item) DeathKnight Lord
x18301 AC  | Current Rank: 4
[01:59:23] (CheckClassRank)  Current Class: [34780]	(Item) DeathKnight Lord
x18301 AC  | Current Rank: 4
[01:59:24] (CheckClassRank)  Current Class: [34780]	(Item) DeathKnight Lord
x20281 AC  | Current Rank: 4
[01:59:25] (CheckClassRank)  Current Class: [34780]	(Item) DeathKnight Lord
x20281 AC  | Current Rank: 4
[01:59:25] (CheckClassRank)  Current Class: [34780]	(Item) DeathKnight Lord
x20281 AC  | Current Rank: 4
[01:59:26] (CheckClassRank)  Current Class: [34780]	(Item) DeathKnight Lord
x20281 AC  | Current Rank: 4
[01:59:26] (CheckClassRank)  Current Class: [34780]	(Item) DeathKnight Lord
x20281 AC  | Current Rank: 4
[01:59:27] (CheckClassRank)  Current Class: [34780]	(Item) DeathKnight Lord
x22261 AC  | Current Rank: 4
[01:59:28] (CheckClassRank)  Current Class: [34780]	(Item) DeathKnight Lord
x26371 AC  | Current Rank: 5
[01:59:28] (CheckClassRank)  Current Class: [34780]	(Item) DeathKnight Lord
x26371 AC  | Current Rank: 5
[01:59:29] (CheckClassRank)  Current Class: [34780]	(Item) DeathKnight Lord
x26371 AC  | Current Rank: 5
[01:59:29] (CheckClassRank)  Current Class: [34780]	(Item) DeathKnight Lord
x26371 AC  | Current Rank: 5
[01:59:30] (CheckClassRank)  Current Class: [34780]	(Item) DeathKnight Lord
x26371 AC  | Current Rank: 5
[01:59:30] (CheckClassRank)  Current Class: [34780]	(Item) DeathKnight Lord
x26371 AC  | Current Rank: 5
[01:59:31] (CheckClassRank)  Current Class: [34780]	(Item) DeathKnight Lord
x26371 AC  | Current Rank: 5
[01:59:32] (CheckClassRank)  Current Class: [34780]	(Item) DeathKnight Lord
x26371 AC  | Current Rank: 5
[01:59:32] (CheckClassRank)  Current Class: [34780]	(Item) DeathKnight Lord
x26371 AC  | Current Rank: 5
[01:59:33] (CheckClassRank)  Current Class: [34780]	(Item) DeathKnight Lord
x26371 AC  | Current Rank: 5
[01:59:33] (CheckClassRank)  Current Class: [34780]	(Item) DeathKnight Lord
x26371 AC  | Current Rank: 5
[01:59:34] (CheckClassRank)  Current Class: [34780]	(Item) DeathKnight Lord
x26371 AC  | Current Rank: 5
[01:59:34] (CheckClassRank)  Current Class: [34780]	(Item) DeathKnight Lord
x26371 AC  | Current Rank: 5
[01:59:35] (CheckClassRank)  Current Class: [34780]	(Item) DeathKnight Lord
x26371 AC  | Current Rank: 5
[01:59:36] (CheckClassRank)  Current Class: [34780]	(Item) DeathKnight Lord
x26371 AC  | Current Rank: 5
[01:59:36] (CheckClassRank)  Current Class: [34780]	(Item) DeathKnight Lord
x26371 AC  | Current Rank: 5
[01:59:37] (CheckClassRank)  Current Class: [34780]	(Item) DeathKnight Lord
x26371 AC  | Current Rank: 5
[01:59:37] (CheckClassRank)  Current Class: [34780]	(Item) DeathKnight Lord
x26371 AC  | Current Rank: 5
[01:59:38] (CheckClassRank)  Current Class: [34780]	(Item) DeathKnight Lord
x26371 AC  | Current Rank: 5
[01:59:38] (CheckClassRank)  Current Class: [34780]	(Item) DeathKnight Lord
x26371 AC  | Current Rank: 5
[01:59:39] (CheckClassRank)  Current Class: [34780]	(Item) DeathKnight Lord
x26371 AC  | Current Rank: 5
[01:59:40] (CheckClassRank)  Current Class: [34780]	(Item) DeathKnight Lord
x32761 AC  | Current Rank: 5
[01:59:40] (CheckClassRank)  Current Class: [34780]	(Item) DeathKnight Lord
x37021 AC  | Current Rank: 5
[01:59:41] (CheckClassRank)  Current Class: [34780]	(Item) DeathKnight Lord
x37021 AC  | Current Rank: 5
[01:59:41] (CheckClassRank)  Current Class: [34780]	(Item) DeathKnight Lord
x37021 AC  | Current Rank: 5
[01:59:42] (CheckClassRank)  Current Class: [34780]	(Item) DeathKnight Lord
x37021 AC  | Current Rank: 5
[01:59:43] (CheckClassRank)  Current Class: [34780]	(Item) DeathKnight Lord
x37021 AC  | Current Rank: 5
[01:59:43] (CheckClassRank)  Current Class: [34780]	(Item) DeathKnight Lord
x37021 AC  | Current Rank: 5
[01:59:44] (CheckClassRank)  Current Class: [34780]	(Item) DeathKnight Lord
x37021 AC  | Current Rank: 5
[01:59:44] (CheckClassRank)  Current Class: [34780]	(Item) DeathKnight Lord
x37021 AC  | Current Rank: 5
[01:59:45] (CheckClassRank)  Current Class: [34780]	(Item) DeathKnight Lord
x37021 AC  | Current Rank: 5
[01:59:46] (CheckClassRank)  Current Class: [34780]	(Item) DeathKnight Lord
x37021 AC  | Current Rank: 5
[01:59:46] (CheckClassRank)  Current Class: [34780]	(Item) DeathKnight Lord
x37021 AC  | Current Rank: 5
[01:59:47] (CheckClassRank)  Current Class: [34780]	(Item) DeathKnight Lord
x39151 AC  | Current Rank: 5
[01:59:47] (CheckClassRank)  Current Class: [34780]	(Item) DeathKnight Lord
x39151 AC  | Current Rank: 5
[01:59:48] (CheckClassRank)  Current Class: [34780]	(Item) DeathKnight Lord
x41281 AC  | Current Rank: 5
[01:59:49] (CheckClassRank)  Current Class: [34780]	(Item) DeathKnight Lord
x41281 AC  | Current Rank: 5
[01:59:49] (CheckClassRank)  Current Class: [34780]	(Item) DeathKnight Lord
x41281 AC  | Current Rank: 5
[01:59:50] (CheckClassRank)  Current Class: [34780]	(Item) DeathKnight Lord
x41281 AC  | Current Rank: 5
[01:59:50] (CheckClassRank)  Current Class: [34780]	(Item) DeathKnight Lord
x41281 AC  | Current Rank: 5
[01:59:51] (CheckClassRank)  Current Class: [34780]	(Item) DeathKnight Lord
x41281 AC  | Current Rank: 5
[01:59:51] (CheckClassRank)  Current Class: [34780]	(Item) DeathKnight Lord
x41281 AC  | Current Rank: 5
[01:59:52] (CheckClassRank)  Current Class: [34780]	(Item) DeathKnight Lord
x41281 AC  | Current Rank: 5
[01:59:53] (CheckClassRank)  Current Class: [34780]	(Item) DeathKnight Lord
x41281 AC  | Current Rank: 5
[01:59:53] (CheckClassRank)  Current Class: [34780]	(Item) DeathKnight Lord
x41281 AC  | Current Rank: 5
[01:59:54] (CheckClassRank)  Current Class: [34780]	(Item) DeathKnight Lord
x41281 AC  | Current Rank: 5
[01:59:54] (CheckClassRank)  Current Class: [34780]	(Item) DeathKnight Lord
x41281 AC  | Current Rank: 5
[01:59:55] (CheckClassRank)  Current Class: [34780]	(Item) DeathKnight Lord
x45541 AC  | Current Rank: 6
[01:59:56] (CheckClassRank)  Current Class: [34780]	(Item) DeathKnight Lord
x45541 AC  | Current Rank: 6
[01:59:56] (CheckClassRank)  Current Class: [34780]	(Item) DeathKnight Lord
x45541 AC  | Current Rank: 6
[01:59:57] (CheckClassRank)  Current Class: [34780]	(Item) DeathKnight Lord
x45541 AC  | Current Rank: 6
[01:59:57] (CheckClassRank)  Current Class: [34780]	(Item) DeathKnight Lord
x45541 AC  | Current Rank: 6
[01:59:58] (CheckClassRank)  Current Class: [34780]	(Item) DeathKnight Lord
x45541 AC  | Current Rank: 6
[01:59:59] (CheckClassRank)  Current Class: [34780]	(Item) DeathKnight Lord
x45541 AC  | Current Rank: 6
[01:59:59] (CheckClassRank)  Current Class: [34780]	(Item) DeathKnight Lord
x45541 AC  | Current Rank: 6
[02:00:00] (CheckClassRank)  Current Class: [34780]	(Item) DeathKnight Lord
x45541 AC  | Current Rank: 6
[02:00:00] (CheckClassRank)  Current Class: [34780]	(Item) DeathKnight Lord
x45541 AC  | Current Rank: 6
[02:00:01] (CheckClassRank)  Current Class: [34780]	(Item) DeathKnight Lord
x45541 AC  | Current Rank: 6
[02:00:01] (CheckClassRank)  Current Class: [34780]	(Item) DeathKnight Lord
x45541 AC  | Current Rank: 6
[02:00:02] (CheckClassRank)  Current Class: [34780]	(Item) DeathKnight Lord
x45541 AC  | Current Rank: 6
[02:00:03] (CheckClassRank)  Current Class: [34780]	(Item) DeathKnight Lord
x45541 AC  | Current Rank: 6
[02:00:03] (CheckClassRank)  Current Class: [34780]	(Item) DeathKnight Lord
x45541 AC  | Current Rank: 6
[02:00:04] (CheckClassRank)  Current Class: [34780]	(Item) DeathKnight Lord
x47821 AC  | Current Rank: 6
[02:00:04] (CheckClassRank)  Current Class: [34780]	(Item) DeathKnight Lord
x47821 AC  | Current Rank: 6
[02:00:05] (CheckClassRank)  Current Class: [34780]	(Item) DeathKnight Lord
x47821 AC  | Current Rank: 6
[02:00:05] (CheckClassRank)  Current Class: [34780]	(Item) DeathKnight Lord
x47821 AC  | Current Rank: 6
[02:00:06] (CheckClassRank)  Current Class: [34780]	(Item) DeathKnight Lord
x47821 AC  | Current Rank: 6
[02:00:07] (CheckClassRank)  Current Class: [34780]	(Item) DeathKnight Lord
x47821 AC  | Current Rank: 6
[02:00:07] (CheckClassRank)  Current Class: [34780]	(Item) DeathKnight Lord
x50101 AC  | Current Rank: 6
[02:00:08] (CheckClassRank)  Current Class: [34780]	(Item) DeathKnight Lord
x50101 AC  | Current Rank: 6
[02:00:08] (CheckClassRank)  Current Class: [34780]	(Item) DeathKnight Lord
x52381 AC  | Current Rank: 6
[02:00:09] (CheckClassRank)  Current Class: [34780]	(Item) DeathKnight Lord
x52381 AC  | Current Rank: 6
[02:00:10] (CheckClassRank)  Current Class: [34780]	(Item) DeathKnight Lord
x54661 AC  | Current Rank: 6
[02:00:10] (CheckClassRank)  Current Class: [34780]	(Item) DeathKnight Lord
x54661 AC  | Current Rank: 6
[02:00:11] (CheckClassRank)  Current Class: [34780]	(Item) DeathKnight Lord
x56941 AC  | Current Rank: 6
[02:00:11] (CheckClassRank)  Current Class: [34780]	(Item) DeathKnight Lord
x56941 AC  | Current Rank: 6
[02:00:12] (CheckClassRank)  Current Class: [34780]	(Item) DeathKnight Lord
x56941 AC  | Current Rank: 6
[02:00:13] (CheckClassRank)  Current Class: [34780]	(Item) DeathKnight Lord
x63781 AC  | Current Rank: 6
[02:00:13] (CheckClassRank)  Current Class: [34780]	(Item) DeathKnight Lord
x63781 AC  | Current Rank: 6
[02:00:14] (CheckClassRank)  Current Class: [34780]	(Item) DeathKnight Lord
x63781 AC  | Current Rank: 6
[02:00:14] (CheckClassRank)  Current Class: [34780]	(Item) DeathKnight Lord
x66061 AC  | Current Rank: 6
[02:00:15] (CheckClassRank)  Current Class: [34780]	(Item) DeathKnight Lord
x66061 AC  | Current Rank: 6
[02:00:16] (CheckClassRank)  Current Class: [34780]	(Item) DeathKnight Lord
x66061 AC  | Current Rank: 6
[02:00:17] (CheckClassRank)  Current Class: [34780]	(Item) DeathKnight Lord
x66061 AC  | Current Rank: 6
[02:00:17] (CheckClassRank)  Current Class: [34780]	(Item) DeathKnight Lord
x66061 AC  | Current Rank: 6
[02:00:18] (CheckClassRank)  Current Class: [34780]	(Item) DeathKnight Lord
x66061 AC  | Current Rank: 6
[02:00:18] (CheckClassRank)  Current Class: [34780]	(Item) DeathKnight Lord
x68341 AC  | Current Rank: 6
[02:00:19] (CheckClassRank)  Current Class: [34780]	(Item) DeathKnight Lord
x68341 AC  | Current Rank: 6
[02:00:20] (CheckClassRank)  Current Class: [34780]	(Item) DeathKnight Lord
x68341 AC  | Current Rank: 6
[02:00:20] (CheckClassRank)  Current Class: [34780]	(Item) DeathKnight Lord
x68341 AC  | Current Rank: 6
[02:00:21] (CheckClassRank)  Current Class: [34780]	(Item) DeathKnight Lord
x68341 AC  | Current Rank: 6
[02:00:21] (CheckClassRank)  Current Class: [34780]	(Item) DeathKnight Lord
x68341 AC  | Current Rank: 6
[02:00:22] (CheckClassRank)  Current Class: [34780]	(Item) DeathKnight Lord
x68341 AC  | Current Rank: 6
[02:00:22] (CheckClassRank)  Current Class: [34780]	(Item) DeathKnight Lord
x68341 AC  | Current Rank: 6
[02:00:23] (CheckClassRank)  Current Class: [34780]	(Item) DeathKnight Lord
x68341 AC  | Current Rank: 6
[02:00:24] (CheckClassRank)  Current Class: [34780]	(Item) DeathKnight Lord
x68341 AC  | Current Rank: 6
[02:00:24] (CheckClassRank)  Current Class: [34780]	(Item) DeathKnight Lord
x68341 AC  | Current Rank: 6
[02:00:25] (CheckClassRank)  Current Class: [34780]	(Item) DeathKnight Lord
x68341 AC  | Current Rank: 6
[02:00:25] (CheckClassRank)  Current Class: [34780]	(Item) DeathKnight Lord
x68341 AC  | Current Rank: 6
[02:00:26] (CheckClassRank)  Current Class: [34780]	(Item) DeathKnight Lord
x68341 AC  | Current Rank: 6
[02:00:27] (CheckClassRank)  Current Class: [34780]	(Item) DeathKnight Lord
x68341 AC  | Current Rank: 6
[02:00:27] (CheckClassRank)  Current Class: [34780]	(Item) DeathKnight Lord
x68341 AC  | Current Rank: 6
[02:00:28] (CheckClassRank)  Current Class: [34780]	(Item) DeathKnight Lord
x68341 AC  | Current Rank: 6
[02:00:28] (CheckClassRank)  Current Class: [34780]	(Item) DeathKnight Lord
x68341 AC  | Current Rank: 6
[02:00:29] (CheckClassRank)  Current Class: [34780]	(Item) DeathKnight Lord
x68341 AC  | Current Rank: 6
[02:00:29] (CheckClassRank)  Current Class: [34780]	(Item) DeathKnight Lord
x68341 AC  | Current Rank: 6
[02:00:30] (CheckClassRank)  Current Class: [34780]	(Item) DeathKnight Lord
x68341 AC  | Current Rank: 6
[02:00:31] (CheckClassRank)  Current Class: [34780]	(Item) DeathKnight Lord
x68341 AC  | Current Rank: 6
[02:00:31] (CheckClassRank)  Current Class: [34780]	(Item) DeathKnight Lord
x68341 AC  | Current Rank: 6
[02:00:32] (CheckClassRank)  Current Class: [34780]	(Item) DeathKnight Lord
x68341 AC  | Current Rank: 6
[02:00:32] (CheckClassRank)  Current Class: [34780]	(Item) DeathKnight Lord
x68341 AC  | Current Rank: 6
[02:00:33] (CheckClassRank)  Current Class: [34780]	(Item) DeathKnight Lord
x68341 AC  | Current Rank: 6
[02:00:33] (CheckClassRank)  Current Class: [34780]	(Item) DeathKnight Lord
x68341 AC  | Current Rank: 6
[02:00:34] (CheckClassRank)  Current Class: [34780]	(Item) DeathKnight Lord
x68341 AC  | Current Rank: 6
[02:00:35] (CheckClassRank)  Current Class: [34780]	(Item) DeathKnight Lord
x68341 AC  | Current Rank: 6
[02:00:35] (CheckClassRank)  Current Class: [34780]	(Item) DeathKnight Lord
x68341 AC  | Current Rank: 6
[02:00:36] (CheckClassRank)  Current Class: [34780]	(Item) DeathKnight Lord
x70621 AC  | Current Rank: 6
[02:00:36] (CheckClassRank)  Current Class: [34780]	(Item) DeathKnight Lord
x70621 AC  | Current Rank: 6
[02:00:37] (CheckClassRank)  Current Class: [34780]	(Item) DeathKnight Lord
x70621 AC  | Current Rank: 6
[02:00:38] (CheckClassRank)  Current Class: [34780]	(Item) DeathKnight Lord
x70621 AC  | Current Rank: 6
[02:00:38] (CheckClassRank)  Current Class: [34780]	(Item) DeathKnight Lord
x70621 AC  | Current Rank: 6
[02:00:39] (CheckClassRank)  Current Class: [34780]	(Item) DeathKnight Lord
x75181 AC  | Current Rank: 6
[02:00:39] (CheckClassRank)  Current Class: [34780]	(Item) DeathKnight Lord
x75181 AC  | Current Rank: 6
[02:00:40] (CheckClassRank)  Current Class: [34780]	(Item) DeathKnight Lord
x75181 AC  | Current Rank: 6
[02:00:41] (CheckClassRank)  Current Class: [34780]	(Item) DeathKnight Lord
x75181 AC  | Current Rank: 6
[02:00:41] (CheckClassRank)  Current Class: [34780]	(Item) DeathKnight Lord
x75181 AC  | Current Rank: 6
[02:00:42] (CheckClassRank)  Current Class: [34780]	(Item) DeathKnight Lord
x75181 AC  | Current Rank: 6
[02:00:42] (CheckClassRank)  Current Class: [34780]	(Item) DeathKnight Lord
x75181 AC  | Current Rank: 6
[02:00:43] (CheckClassRank)  Current Class: [34780]	(Item) DeathKnight Lord
x75181 AC  | Current Rank: 6
[02:00:43] (CheckClassRank)  Current Class: [34780]	(Item) DeathKnight Lord
x75181 AC  | Current Rank: 6
[02:00:44] (CheckClassRank)  Current Class: [34780]	(Item) DeathKnight Lord
x75181 AC  | Current Rank: 6
[02:00:45] (CheckClassRank)  Current Class: [34780]	(Item) DeathKnight Lord
x75181 AC  | Current Rank: 6
[02:00:45] (CheckClassRank)  Current Class: [34780]	(Item) DeathKnight Lord
x75181 AC  | Current Rank: 6
[02:00:46] (CheckClassRank)  Current Class: [34780]	(Item) DeathKnight Lord
x75181 AC  | Current Rank: 6
[02:00:46] (CheckClassRank)  Current Class: [34780]	(Item) DeathKnight Lord
x75181 AC  | Current Rank: 6
[02:00:47] (CheckClassRank)  Current Class: [34780]	(Item) DeathKnight Lord
x75181 AC  | Current Rank: 6
[02:00:47] (CheckClassRank)  Current Class: [34780]	(Item) DeathKnight Lord
x75181 AC  | Current Rank: 6
[02:00:48] (CheckClassRank)  Current Class: [34780]	(Item) DeathKnight Lord
x75181 AC  | Current Rank: 6
[02:00:49] (CheckClassRank)  Current Class: [34780]	(Item) DeathKnight Lord
x75181 AC  | Current Rank: 6
[02:00:49] (CheckClassRank)  Current Class: [34780]	(Item) DeathKnight Lord
x75181 AC  | Current Rank: 6
[02:00:50] (CheckClassRank)  Current Class: [34780]	(Item) DeathKnight Lord
x75181 AC  | Current Rank: 6
[02:00:50] (CheckClassRank)  Current Class: [34780]	(Item) DeathKnight Lord
x75181 AC  | Current Rank: 6
[02:00:51] (CheckClassRank)  Current Class: [34780]	(Item) DeathKnight Lord
x75181 AC  | Current Rank: 6
[02:00:51] (CheckClassRank)  Current Class: [34780]	(Item) DeathKnight Lord
x75181 AC  | Current Rank: 6
[02:00:52] (CheckClassRank)  Current Class: [34780]	(Item) DeathKnight Lord
x75181 AC  | Current Rank: 6
[02:00:53] (CheckClassRank)  Current Class: [34780]	(Item) DeathKnight Lord
x75181 AC  | Current Rank: 6
[02:00:53] (CheckClassRank)  Current Class: [34780]	(Item) DeathKnight Lord
x75181 AC  | Current Rank: 6
[02:00:54] (CheckClassRank)  Current Class: [34780]	(Item) DeathKnight Lord
x75181 AC  | Current Rank: 6
[02:00:54] (CheckClassRank)  Current Class: [34780]	(Item) DeathKnight Lord
x75181 AC  | Current Rank: 6
[02:00:55] (CheckClassRank)  Current Class: [34780]	(Item) DeathKnight Lord
x75181 AC  | Current Rank: 6
[02:00:56] (CheckClassRank)  Current Class: [34780]	(Item) DeathKnight Lord
x75181 AC  | Current Rank: 6
[02:00:56] (CheckClassRank)  Current Class: [34780]	(Item) DeathKnight Lord
x75181 AC  | Current Rank: 6
[02:00:57] (CheckClassRank)  Current Class: [34780]	(Item) DeathKnight Lord
x75181 AC  | Current Rank: 6
[02:00:57] (CheckClassRank)  Current Class: [34780]	(Item) DeathKnight Lord
x75181 AC  | Current Rank: 6
[02:00:58] (CheckClassRank)  Current Class: [34780]	(Item) DeathKnight Lord
x75181 AC  | Current Rank: 6
[02:00:59] (CheckClassRank)  Current Class: [34780]	(Item) DeathKnight Lord
x75181 AC  | Current Rank: 6
[02:00:59] (CheckClassRank)  Current Class: [34780]	(Item) DeathKnight Lord
x79741 AC  | Current Rank: 7
[02:01:00] (CheckClassRank)  Current Class: [34780]	(Item) DeathKnight Lord
x79741 AC  | Current Rank: 7
[02:01:00] (CheckClassRank)  Current Class: [34780]	(Item) DeathKnight Lord
x79741 AC  | Current Rank: 7
[02:01:01] (CheckClassRank)  Current Class: [34780]	(Item) DeathKnight Lord
x79741 AC  | Current Rank: 7
[02:01:01] (CheckClassRank)  Current Class: [34780]	(Item) DeathKnight Lord
x79741 AC  | Current Rank: 7
[02:01:02] (CheckClassRank)  Current Class: [34780]	(Item) DeathKnight Lord
x79741 AC  | Current Rank: 7
[02:01:03] (CheckClassRank)  Current Class: [34780]	(Item) DeathKnight Lord
x79741 AC  | Current Rank: 7
[02:01:03] (CheckClassRank)  Current Class: [34780]	(Item) DeathKnight Lord
x79741 AC  | Current Rank: 7
[02:01:04] (CheckClassRank)  Current Class: [34780]	(Item) DeathKnight Lord
x79741 AC  | Current Rank: 7
[02:01:04] (CheckClassRank)  Current Class: [34780]	(Item) DeathKnight Lord
x79741 AC  | Current Rank: 7
[02:01:05] (CheckClassRank)  Current Class: [34780]	(Item) DeathKnight Lord
x79741 AC  | Current Rank: 7
[02:01:05] (CheckClassRank)  Current Class: [34780]	(Item) DeathKnight Lord
x79741 AC  | Current Rank: 7
[02:01:06] (CheckClassRank)  Current Class: [34780]	(Item) DeathKnight Lord
x79741 AC  | Current Rank: 7
[02:01:07] (CheckClassRank)  Current Class: [34780]	(Item) DeathKnight Lord
x79741 AC  | Current Rank: 7
[02:01:07] (CheckClassRank)  Current Class: [34780]	(Item) DeathKnight Lord
x79741 AC  | Current Rank: 7
[02:01:08] (CheckClassRank)  Current Class: [34780]	(Item) DeathKnight Lord
x79741 AC  | Current Rank: 7
[02:01:08] (CheckClassRank)  Current Class: [34780]	(Item) DeathKnight Lord
x79741 AC  | Current Rank: 7
[02:01:09] (CheckClassRank)  Current Class: [34780]	(Item) DeathKnight Lord
x79741 AC  | Current Rank: 7
[02:01:09] (CheckClassRank)  Current Class: [34780]	(Item) DeathKnight Lord
x79741 AC  | Current Rank: 7
[02:01:10] (CheckClassRank)  Current Class: [34780]	(Item) DeathKnight Lord
x79741 AC  | Current Rank: 7
[02:01:11] (CheckClassRank)  Current Class: [34780]	(Item) DeathKnight Lord
x79741 AC  | Current Rank: 7
[02:01:11] (CheckClassRank)  Current Class: [34780]	(Item) DeathKnight Lord
x79741 AC  | Current Rank: 7
[02:01:12] (CheckClassRank)  Current Class: [34780]	(Item) DeathKnight Lord
x79741 AC  | Current Rank: 7
[02:01:12] (CheckClassRank)  Current Class: [34780]	(Item) DeathKnight Lord
x79741 AC  | Current Rank: 7
[02:01:13] (CheckClassRank)  Current Class: [34780]	(Item) DeathKnight Lord
x79741 AC  | Current Rank: 7
[02:01:13] (CheckClassRank)  Current Class: [34780]	(Item) DeathKnight Lord
x79741 AC  | Current Rank: 7
[02:01:14] (CheckClassRank)  Current Class: [34780]	(Item) DeathKnight Lord
x79741 AC  | Current Rank: 7
[02:01:15] (CheckClassRank)  Current Class: [34780]	(Item) DeathKnight Lord
x79741 AC  | Current Rank: 7
[02:01:15] (CheckClassRank)  Current Class: [34780]	(Item) DeathKnight Lord
x79741 AC  | Current Rank: 7
[02:01:16] (CheckClassRank)  Current Class: [34780]	(Item) DeathKnight Lord
x82171 AC  | Current Rank: 7
[02:01:16] (CheckClassRank)  Current Class: [34780]	(Item) DeathKnight Lord
x82171 AC  | Current Rank: 7
[02:01:17] (CheckClassRank)  Current Class: [34780]	(Item) DeathKnight Lord
x82171 AC  | Current Rank: 7
[02:01:18] (CheckClassRank)  Current Class: [34780]	(Item) DeathKnight Lord
x82171 AC  | Current Rank: 7
[02:01:18] (CheckClassRank)  Current Class: [34780]	(Item) DeathKnight Lord
x82171 AC  | Current Rank: 7
[02:01:19] (CheckClassRank)  Current Class: [34780]	(Item) DeathKnight Lord
x82171 AC  | Current Rank: 7
[02:01:19] (CheckClassRank)  Current Class: [34780]	(Item) DeathKnight Lord
x82171 AC  | Current Rank: 7
[02:01:20] (CheckClassRank)  Current Class: [34780]	(Item) DeathKnight Lord
x82171 AC  | Current Rank: 7
[02:01:21] (CheckClassRank)  Current Class: [34780]	(Item) DeathKnight Lord
x84601 AC  | Current Rank: 7
[02:01:21] (CheckClassRank)  Current Class: [34780]	(Item) DeathKnight Lord
x84601 AC  | Current Rank: 7
[02:01:22] (CheckClassRank)  Current Class: [34780]	(Item) DeathKnight Lord
x84601 AC  | Current Rank: 7
[02:01:22] (CheckClassRank)  Current Class: [34780]	(Item) DeathKnight Lord
x87031 AC  | Current Rank: 7
[02:01:23] (CheckClassRank)  Current Class: [34780]	(Item) DeathKnight Lord
x87031 AC  | Current Rank: 7
[02:01:23] (CheckClassRank)  Current Class: [34780]	(Item) DeathKnight Lord
x87031 AC  | Current Rank: 7
[02:01:24] (CheckClassRank)  Current Class: [34780]	(Item) DeathKnight Lord
x87031 AC  | Current Rank: 7
[02:01:25] (CheckClassRank)  Current Class: [34780]	(Item) DeathKnight Lord
x87031 AC  | Current Rank: 7
[02:01:25] (CheckClassRank)  Current Class: [34780]	(Item) DeathKnight Lord
x87031 AC  | Current Rank: 7
[02:01:26] (CheckClassRank)  Current Class: [34780]	(Item) DeathKnight Lord
x87031 AC  | Current Rank: 7
[02:01:26] (CheckClassRank)  Current Class: [34780]	(Item) DeathKnight Lord
x87031 AC  | Current Rank: 7
[02:01:27] (CheckClassRank)  Current Class: [34780]	(Item) DeathKnight Lord
x87031 AC  | Current Rank: 7
[02:01:27] (CheckClassRank)  Current Class: [34780]	(Item) DeathKnight Lord
x87031 AC  | Current Rank: 7
[02:01:28] (CheckClassRank)  Current Class: [34780]	(Item) DeathKnight Lord
x87031 AC  | Current Rank: 7
[02:01:29] (CheckClassRank)  Current Class: [34780]	(Item) DeathKnight Lord
x87031 AC  | Current Rank: 7
[02:01:29] (CheckClassRank)  Current Class: [34780]	(Item) DeathKnight Lord
x87031 AC  | Current Rank: 7
[02:01:30] (CheckClassRank)  Current Class: [34780]	(Item) DeathKnight Lord
x87031 AC  | Current Rank: 7
[02:01:30] (CheckClassRank)  Current Class: [34780]	(Item) DeathKnight Lord
x87031 AC  | Current Rank: 7
[02:01:31] (CheckClassRank)  Current Class: [34780]	(Item) DeathKnight Lord
x87031 AC  | Current Rank: 7
[02:01:32] (CheckClassRank)  Current Class: [34780]	(Item) DeathKnight Lord
x87031 AC  | Current Rank: 7
[02:01:32] (CheckClassRank)  Current Class: [34780]	(Item) DeathKnight Lord
x87031 AC  | Current Rank: 7
[02:01:33] (CheckClassRank)  Current Class: [34780]	(Item) DeathKnight Lord
x87031 AC  | Current Rank: 7
[02:01:33] (CheckClassRank)  Current Class: [34780]	(Item) DeathKnight Lord
x87031 AC  | Current Rank: 7
[02:01:34] (CheckClassRank)  Current Class: [34780]	(Item) DeathKnight Lord
x87031 AC  | Current Rank: 7
[02:01:34] (CheckClassRank)  Current Class: [34780]	(Item) DeathKnight Lord
x87031 AC  | Current Rank: 7
[02:01:35] (CheckClassRank)  Current Class: [34780]	(Item) DeathKnight Lord
x87031 AC  | Current Rank: 7
[02:01:36] (CheckClassRank)  Current Class: [34780]	(Item) DeathKnight Lord
x87031 AC  | Current Rank: 7
[02:01:36] (CheckClassRank)  Current Class: [34780]	(Item) DeathKnight Lord
x87031 AC  | Current Rank: 7
[02:01:37] (CheckClassRank)  Current Class: [34780]	(Item) DeathKnight Lord
x87031 AC  | Current Rank: 7
[02:01:37] (CheckClassRank)  Current Class: [34780]	(Item) DeathKnight Lord
x87031 AC  | Current Rank: 7
[02:01:38] (CheckClassRank)  Current Class: [34780]	(Item) DeathKnight Lord
x87031 AC  | Current Rank: 7
[02:01:38] (CheckClassRank)  Current Class: [34780]	(Item) DeathKnight Lord
x87031 AC  | Current Rank: 7
[02:01:39] (CheckClassRank)  Current Class: [34780]	(Item) DeathKnight Lord
x87031 AC  | Current Rank: 7
[02:01:40] (CheckClassRank)  Current Class: [34780]	(Item) DeathKnight Lord
x87031 AC  | Current Rank: 7
[02:01:40] (CheckClassRank)  Current Class: [34780]	(Item) DeathKnight Lord
x87031 AC  | Current Rank: 7
[02:01:41] (CheckClassRank)  Current Class: [34780]	(Item) DeathKnight Lord
x87031 AC  | Current Rank: 7
[02:01:41] (CheckClassRank)  Current Class: [34780]	(Item) DeathKnight Lord
x89461 AC  | Current Rank: 7
[02:01:42] (CheckClassRank)  Current Class: [34780]	(Item) DeathKnight Lord
x89461 AC  | Current Rank: 7
[02:01:43] (CheckClassRank)  Current Class: [34780]	(Item) DeathKnight Lord
x89461 AC  | Current Rank: 7
[02:01:43] (CheckClassRank)  Current Class: [34780]	(Item) DeathKnight Lord
x91891 AC  | Current Rank: 7
[02:01:44] (CheckClassRank)  Current Class: [34780]	(Item) DeathKnight Lord
x91891 AC  | Current Rank: 7
[02:01:44] (CheckClassRank)  Current Class: [34780]	(Item) DeathKnight Lord
x91891 AC  | Current Rank: 7
[02:01:45] (CheckClassRank)  Current Class: [34780]	(Item) DeathKnight Lord
x91891 AC  | Current Rank: 7
[02:01:46] (CheckClassRank)  Current Class: [34780]	(Item) DeathKnight Lord
x91891 AC  | Current Rank: 7
[02:01:46] (CheckClassRank)  Current Class: [34780]	(Item) DeathKnight Lord
x91891 AC  | Current Rank: 7
[02:01:47] (CheckClassRank)  Current Class: [34780]	(Item) DeathKnight Lord
x91891 AC  | Current Rank: 7
[02:01:47] (CheckClassRank)  Current Class: [34780]	(Item) DeathKnight Lord
x91891 AC  | Current Rank: 7
[02:01:48] (CheckClassRank)  Current Class: [34780]	(Item) DeathKnight Lord
x91891 AC  | Current Rank: 7
[02:01:49] (CheckClassRank)  Current Class: [34780]	(Item) DeathKnight Lord
x94321 AC  | Current Rank: 7
[02:01:49] (CheckClassRank)  Current Class: [34780]	(Item) DeathKnight Lord
x94321 AC  | Current Rank: 7
[02:01:50] (CheckClassRank)  Current Class: [34780]	(Item) DeathKnight Lord
x96751 AC  | Current Rank: 7
[02:01:50] (CheckClassRank)  Current Class: [34780]	(Item) DeathKnight Lord
x96751 AC  | Current Rank: 7
[02:01:51] (CheckClassRank)  Current Class: [34780]	(Item) DeathKnight Lord
x96751 AC  | Current Rank: 7
[02:01:52] (CheckClassRank)  Current Class: [34780]	(Item) DeathKnight Lord
x99181 AC  | Current Rank: 7
[02:01:52] (CheckClassRank)  Current Class: [34780]	(Item) DeathKnight Lord
x99181 AC  | Current Rank: 7
[02:01:53] (CheckClassRank)  Current Class: [34780]	(Item) DeathKnight Lord
x106471 AC  | Current Rank: 7
[02:01:53] (CheckClassRank)  Current Class: [34780]	(Item) DeathKnight Lord
x106471 AC  | Current Rank: 7
[02:01:54] (CheckClassRank)  Current Class: [34780]	(Item) DeathKnight Lord
x106471 AC  | Current Rank: 7
[02:01:55] (CheckClassRank)  Current Class: [34780]	(Item) DeathKnight Lord
x108901 AC  | Current Rank: 7
[02:01:55] (CheckClassRank)  Current Class: [34780]	(Item) DeathKnight Lord
x108901 AC  | Current Rank: 7
[02:01:56] (CheckClassRank)  Current Class: [34780]	(Item) DeathKnight Lord
x108901 AC  | Current Rank: 7
[02:01:56] (CheckClassRank)  Current Class: [34780]	(Item) DeathKnight Lord
x108901 AC  | Current Rank: 7
[02:01:57] (CheckClassRank)  Current Class: [34780]	(Item) DeathKnight Lord
x111331 AC  | Current Rank: 7
[02:01:58] (CheckClassRank)  Current Class: [34780]	(Item) DeathKnight Lord
x111331 AC  | Current Rank: 7
[02:01:58] (CheckClassRank)  Current Class: [34780]	(Item) DeathKnight Lord
x111331 AC  | Current Rank: 7
[02:01:59] (CheckClassRank)  Current Class: [34780]	(Item) DeathKnight Lord
x111331 AC  | Current Rank: 7
[02:01:59] (CheckClassRank)  Current Class: [34780]	(Item) DeathKnight Lord
x111331 AC  | Current Rank: 7
[02:02:00] (CheckClassRank)  Current Class: [34780]	(Item) DeathKnight Lord
x111331 AC  | Current Rank: 7
[02:02:01] (CheckClassRank)  Current Class: [34780]	(Item) DeathKnight Lord
x111331 AC  | Current Rank: 7
[02:02:01] (CheckClassRank)  Current Class: [34780]	(Item) DeathKnight Lord
x111331 AC  | Current Rank: 7
[02:02:02] (CheckClassRank)  Current Class: [34780]	(Item) DeathKnight Lord
x111331 AC  | Current Rank: 7
[02:02:02] (CheckClassRank)  Current Class: [34780]	(Item) DeathKnight Lord
x111331 AC  | Current Rank: 7
[02:02:03] (CheckClassRank)  Current Class: [34780]	(Item) DeathKnight Lord
x111331 AC  | Current Rank: 7
[02:02:03] (CheckClassRank)  Current Class: [34780]	(Item) DeathKnight Lord
x111331 AC  | Current Rank: 7
[02:02:04] (CheckClassRank)  Current Class: [34780]	(Item) DeathKnight Lord
x113761 AC  | Current Rank: 7
[02:02:05] (CheckClassRank)  Current Class: [34780]	(Item) DeathKnight Lord
x113761 AC  | Current Rank: 7
[02:02:05] (CheckClassRank)  Current Class: [34780]	(Item) DeathKnight Lord
x113761 AC  | Current Rank: 7
[02:02:06] (CheckClassRank)  Current Class: [34780]	(Item) DeathKnight Lord
x113761 AC  | Current Rank: 7
[02:02:06] (CheckClassRank)  Current Class: [34780]	(Item) DeathKnight Lord
x113761 AC  | Current Rank: 7
[02:02:07] (CheckClassRank)  Current Class: [34780]	(Item) DeathKnight Lord
x113761 AC  | Current Rank: 7
[02:02:07] (CheckClassRank)  Current Class: [34780]	(Item) DeathKnight Lord
x113761 AC  | Current Rank: 7
[02:02:08] (CheckClassRank)  Current Class: [34780]	(Item) DeathKnight Lord
x113761 AC  | Current Rank: 7
[02:02:09] (CheckClassRank)  Current Class: [34780]	(Item) DeathKnight Lord
x113761 AC  | Current Rank: 7
[02:02:09] (CheckClassRank)  Current Class: [34780]	(Item) DeathKnight Lord
x113761 AC  | Current Rank: 7
[02:02:10] (CheckClassRank)  Current Class: [34780]	(Item) DeathKnight Lord
x113761 AC  | Current Rank: 7
[02:02:10] (CheckClassRank)  Current Class: [34780]	(Item) DeathKnight Lord
x113761 AC  | Current Rank: 7
[02:02:11] (CheckClassRank)  Current Class: [34780]	(Item) DeathKnight Lord
x113761 AC  | Current Rank: 7
[02:02:11] (CheckClassRank)  Current Class: [34780]	(Item) DeathKnight Lord
x113761 AC  | Current Rank: 7
[02:02:12] (CheckClassRank)  Current Class: [34780]	(Item) DeathKnight Lord
x113761 AC  | Current Rank: 7
[02:02:13] (CheckClassRank)  Current Class: [34780]	(Item) DeathKnight Lord
x113761 AC  | Current Rank: 7
[02:02:13] (CheckClassRank)  Current Class: [34780]	(Item) DeathKnight Lord
x113761 AC  | Current Rank: 7
[02:02:14] (CheckClassRank)  Current Class: [34780]	(Item) DeathKnight Lord
x113761 AC  | Current Rank: 7
[02:02:14] (CheckClassRank)  Current Class: [34780]	(Item) DeathKnight Lord
x113761 AC  | Current Rank: 7
[02:02:15] (CheckClassRank)  Current Class: [34780]	(Item) DeathKnight Lord
x113761 AC  | Current Rank: 7
[02:02:16] (CheckClassRank)  Current Class: [34780]	(Item) DeathKnight Lord
x113761 AC  | Current Rank: 7
[02:02:16] (CheckClassRank)  Current Class: [34780]	(Item) DeathKnight Lord
x113761 AC  | Current Rank: 7
[02:02:17] (CheckClassRank)  Current Class: [34780]	(Item) DeathKnight Lord
x113761 AC  | Current Rank: 7
[02:02:17] (CheckClassRank)  Current Class: [34780]	(Item) DeathKnight Lord
x116191 AC  | Current Rank: 7
[02:02:18] (CheckClassRank)  Current Class: [34780]	(Item) DeathKnight Lord
x116191 AC  | Current Rank: 7
[02:02:19] (CheckClassRank)  Current Class: [34780]	(Item) DeathKnight Lord
x116191 AC  | Current Rank: 7
[02:02:19] (CheckClassRank)  Current Class: [34780]	(Item) DeathKnight Lord
x116191 AC  | Current Rank: 7
[02:02:20] (CheckClassRank)  Current Class: [34780]	(Item) DeathKnight Lord
x116191 AC  | Current Rank: 7
[02:02:20] (CheckClassRank)  Current Class: [34780]	(Item) DeathKnight Lord
x116191 AC  | Current Rank: 7
[02:02:21] (CheckClassRank)  Current Class: [34780]	(Item) DeathKnight Lord
x116191 AC  | Current Rank: 7
[02:02:22] (CheckClassRank)  Current Class: [34780]	(Item) DeathKnight Lord
x116191 AC  | Current Rank: 7
[02:02:22] (CheckClassRank)  Current Class: [34780]	(Item) DeathKnight Lord
x116191 AC  | Current Rank: 7
[02:02:23] (CheckClassRank)  Current Class: [34780]	(Item) DeathKnight Lord
x116191 AC  | Current Rank: 7
[02:02:23] (CheckClassRank)  Current Class: [34780]	(Item) DeathKnight Lord
x116191 AC  | Current Rank: 7
[02:02:24] (CheckClassRank)  Current Class: [34780]	(Item) DeathKnight Lord
x116191 AC  | Current Rank: 7
[02:02:24] (CheckClassRank)  Current Class: [34780]	(Item) DeathKnight Lord
x116191 AC  | Current Rank: 7
[02:02:25] (CheckClassRank)  Current Class: [34780]	(Item) DeathKnight Lord
x118621 AC  | Current Rank: 7
[02:02:26] (CheckClassRank)  Current Class: [34780]	(Item) DeathKnight Lord
x118621 AC  | Current Rank: 7
[02:02:26] (CheckClassRank)  Current Class: [34780]	(Item) DeathKnight Lord
x118621 AC  | Current Rank: 7
[02:02:27] (CheckClassRank)  Current Class: [34780]	(Item) DeathKnight Lord
x121051 AC  | Current Rank: 7
[02:02:27] (CheckClassRank)  Current Class: [34780]	(Item) DeathKnight Lord
x121051 AC  | Current Rank: 7
[02:02:28] (CheckClassRank)  Current Class: [34780]	(Item) DeathKnight Lord
x121051 AC  | Current Rank: 7
[02:02:29] (CheckClassRank)  Current Class: [34780]	(Item) DeathKnight Lord
x121051 AC  | Current Rank: 7
[02:02:29] (CheckClassRank)  Current Class: [34780]	(Item) DeathKnight Lord
x121051 AC  | Current Rank: 7
[02:02:30] (CheckClassRank)  Current Class: [34780]	(Item) DeathKnight Lord
x121051 AC  | Current Rank: 7
[02:02:31] (CheckClassRank)  Current Class: [34780]	(Item) DeathKnight Lord
x121051 AC  | Current Rank: 7
[02:02:31] (CheckClassRank)  Current Class: [34780]	(Item) DeathKnight Lord
x121051 AC  | Current Rank: 7
[02:02:32] (CheckClassRank)  Current Class: [34780]	(Item) DeathKnight Lord
x125911 AC  | Current Rank: 7
[02:02:32] (CheckClassRank)  Current Class: [34780]	(Item) DeathKnight Lord
x128341 AC  | Current Rank: 7
[02:02:33] (CheckClassRank)  Current Class: [34780]	(Item) DeathKnight Lord
x128341 AC  | Current Rank: 7
[02:02:33] (CheckClassRank)  Current Class: [34780]	(Item) DeathKnight Lord
x128341 AC  | Current Rank: 7
[02:02:34] (CheckClassRank)  Current Class: [34780]	(Item) DeathKnight Lord
x128341 AC  | Current Rank: 7
[02:02:35] (CheckClassRank)  Current Class: [34780]	(Item) DeathKnight Lord
x128341 AC  | Current Rank: 7
[02:02:35] (CheckClassRank)  Current Class: [34780]	(Item) DeathKnight Lord
x128341 AC  | Current Rank: 7
[02:02:36] (CheckClassRank)  Current Class: [34780]	(Item) DeathKnight Lord
x128341 AC  | Current Rank: 7
[02:02:36] (CheckClassRank)  Current Class: [34780]	(Item) DeathKnight Lord
x128341 AC  | Current Rank: 7
[02:02:37] (CheckClassRank)  Current Class: [34780]	(Item) DeathKnight Lord
x130771 AC  | Current Rank: 8
[02:02:38] (CheckClassRank)  Current Class: [34780]	(Item) DeathKnight Lord
x130771 AC  | Current Rank: 8
[02:02:38] (CheckClassRank)  Current Class: [34780]	(Item) DeathKnight Lord
x130771 AC  | Current Rank: 8
[02:02:39] (CheckClassRank)  Current Class: [34780]	(Item) DeathKnight Lord
x133351 AC  | Current Rank: 8
[02:02:39] (CheckClassRank)  Current Class: [34780]	(Item) DeathKnight Lord
x135931 AC  | Current Rank: 8
[02:02:40] (CheckClassRank)  Current Class: [34780]	(Item) DeathKnight Lord
x135931 AC  | Current Rank: 8
[02:02:40] (CheckClassRank)  Current Class: [34780]	(Item) DeathKnight Lord
x138511 AC  | Current Rank: 8
[02:02:41] (CheckClassRank)  Current Class: [34780]	(Item) DeathKnight Lord
x138511 AC  | Current Rank: 8
[02:02:42] (CheckClassRank)  Current Class: [34780]	(Item) DeathKnight Lord
x138511 AC  | Current Rank: 8
[02:02:42] (CheckClassRank)  Current Class: [34780]	(Item) DeathKnight Lord
x138511 AC  | Current Rank: 8
[02:02:43] (CheckClassRank)  Current Class: [34780]	(Item) DeathKnight Lord
x138511 AC  | Current Rank: 8
[02:02:43] (CheckClassRank)  Current Class: [34780]	(Item) DeathKnight Lord
x138511 AC  | Current Rank: 8
[02:02:44] (CheckClassRank)  Current Class: [34780]	(Item) DeathKnight Lord
x138511 AC  | Current Rank: 8
[02:02:45] (CheckClassRank)  Current Class: [34780]	(Item) DeathKnight Lord
x138511 AC  | Current Rank: 8
[02:02:45] (CheckClassRank)  Current Class: [34780]	(Item) DeathKnight Lord
x138511 AC  | Current Rank: 8
[02:02:46] (CheckClassRank)  Current Class: [34780]	(Item) DeathKnight Lord
x141091 AC  | Current Rank: 8
[02:02:46] (CheckClassRank)  Current Class: [34780]	(Item) DeathKnight Lord
x141091 AC  | Current Rank: 8
[02:02:47] (CheckClassRank)  Current Class: [34780]	(Item) DeathKnight Lord
x141091 AC  | Current Rank: 8
[02:02:48] (CheckClassRank)  Current Class: [34780]	(Item) DeathKnight Lord
x141091 AC  | Current Rank: 8
[02:02:48] (CheckClassRank)  Current Class: [34780]	(Item) DeathKnight Lord
x146251 AC  | Current Rank: 8
[02:02:49] (CheckClassRank)  Current Class: [34780]	(Item) DeathKnight Lord
x146251 AC  | Current Rank: 8
[02:02:49] (CheckClassRank)  Current Class: [34780]	(Item) DeathKnight Lord
x146251 AC  | Current Rank: 8
[02:02:50] (CheckClassRank)  Current Class: [34780]	(Item) DeathKnight Lord
x146251 AC  | Current Rank: 8
[02:02:51] (CheckClassRank)  Current Class: [34780]	(Item) DeathKnight Lord
x146251 AC  | Current Rank: 8
[02:02:51] (CheckClassRank)  Current Class: [34780]	(Item) DeathKnight Lord
x146251 AC  | Current Rank: 8
[02:02:52] (CheckClassRank)  Current Class: [34780]	(Item) DeathKnight Lord
x146251 AC  | Current Rank: 8
[02:02:52] (CheckClassRank)  Current Class: [34780]	(Item) DeathKnight Lord
x146251 AC  | Current Rank: 8
[02:02:53] (CheckClassRank)  Current Class: [34780]	(Item) DeathKnight Lord
x146251 AC  | Current Rank: 8
[02:02:53] (CheckClassRank)  Current Class: [34780]	(Item) DeathKnight Lord
x146251 AC  | Current Rank: 8
[02:02:54] (CheckClassRank)  Current Class: [34780]	(Item) DeathKnight Lord
x146251 AC  | Current Rank: 8
[02:02:55] (CheckClassRank)  Current Class: [34780]	(Item) DeathKnight Lord
x146251 AC  | Current Rank: 8
[02:02:55] (CheckClassRank)  Current Class: [34780]	(Item) DeathKnight Lord
x146251 AC  | Current Rank: 8
[02:02:56] (CheckClassRank)  Current Class: [34780]	(Item) DeathKnight Lord
x146251 AC  | Current Rank: 8
[02:02:56] (CheckClassRank)  Current Class: [34780]	(Item) DeathKnight Lord
x146251 AC  | Current Rank: 8
[02:02:57] (CheckClassRank)  Current Class: [34780]	(Item) DeathKnight Lord
x146251 AC  | Current Rank: 8
[02:02:57] (CheckClassRank)  Current Class: [34780]	(Item) DeathKnight Lord
x146251 AC  | Current Rank: 8
[02:02:58] (CheckClassRank)  Current Class: [34780]	(Item) DeathKnight Lord
x146251 AC  | Current Rank: 8
[02:02:59] (CheckClassRank)  Current Class: [34780]	(Item) DeathKnight Lord
x146251 AC  | Current Rank: 8
[02:02:59] (CheckClassRank)  Current Class: [34780]	(Item) DeathKnight Lord
x146251 AC  | Current Rank: 8
[02:03:00] (CheckClassRank)  Current Class: [34780]	(Item) DeathKnight Lord
x146251 AC  | Current Rank: 8
[02:03:00] (CheckClassRank)  Current Class: [34780]	(Item) DeathKnight Lord
x146251 AC  | Current Rank: 8
[02:03:01] (CheckClassRank)  Current Class: [34780]	(Item) DeathKnight Lord
x146251 AC  | Current Rank: 8
[02:03:01] (CheckClassRank)  Current Class: [34780]	(Item) DeathKnight Lord
x146251 AC  | Current Rank: 8
[02:03:02] (CheckClassRank)  Current Class: [34780]	(Item) DeathKnight Lord
x146251 AC  | Current Rank: 8
[02:03:03] (CheckClassRank)  Current Class: [34780]	(Item) DeathKnight Lord
x146251 AC  | Current Rank: 8
[02:03:03] (CheckClassRank)  Current Class: [34780]	(Item) DeathKnight Lord
x146251 AC  | Current Rank: 8
[02:03:04] (CheckClassRank)  Current Class: [34780]	(Item) DeathKnight Lord
x146251 AC  | Current Rank: 8
[02:03:04] (CheckClassRank)  Current Class: [34780]	(Item) DeathKnight Lord
x146251 AC  | Current Rank: 8
[02:03:05] (CheckClassRank)  Current Class: [34780]	(Item) DeathKnight Lord
x146251 AC  | Current Rank: 8
[02:03:06] (CheckClassRank)  Current Class: [34780]	(Item) DeathKnight Lord
x146251 AC  | Current Rank: 8
[02:03:06] (CheckClassRank)  Current Class: [34780]	(Item) DeathKnight Lord
x146251 AC  | Current Rank: 8
[02:03:07] (CheckClassRank)  Current Class: [34780]	(Item) DeathKnight Lord
x148831 AC  | Current Rank: 8
[02:03:07] (CheckClassRank)  Current Class: [34780]	(Item) DeathKnight Lord
x148831 AC  | Current Rank: 8
[02:03:08] (CheckClassRank)  Current Class: [34780]	(Item) DeathKnight Lord
x148831 AC  | Current Rank: 8
[02:03:08] (CheckClassRank)  Current Class: [34780]	(Item) DeathKnight Lord
x148831 AC  | Current Rank: 8
[02:03:09] (CheckClassRank)  Current Class: [34780]	(Item) DeathKnight Lord
x148831 AC  | Current Rank: 8
[02:03:10] (CheckClassRank)  Current Class: [34780]	(Item) DeathKnight Lord
x148831 AC  | Current Rank: 8
[02:03:10] (CheckClassRank)  Current Class: [34780]	(Item) DeathKnight Lord
x148831 AC  | Current Rank: 8
[02:03:11] (CheckClassRank)  Current Class: [34780]	(Item) DeathKnight Lord
x151411 AC  | Current Rank: 8
[02:03:11] (CheckClassRank)  Current Class: [34780]	(Item) DeathKnight Lord
x151411 AC  | Current Rank: 8
[02:03:12] (CheckClassRank)  Current Class: [34780]	(Item) DeathKnight Lord
x151411 AC  | Current Rank: 8
[02:03:13] (CheckClassRank)  Current Class: [34780]	(Item) DeathKnight Lord
x153991 AC  | Current Rank: 8
[02:03:13] (CheckClassRank)  Current Class: [34780]	(Item) DeathKnight Lord
x153991 AC  | Current Rank: 8
[02:03:14] (CheckClassRank)  Current Class: [34780]	(Item) DeathKnight Lord
x153991 AC  | Current Rank: 8
[02:03:14] (CheckClassRank)  Current Class: [34780]	(Item) DeathKnight Lord
x153991 AC  | Current Rank: 8
[02:03:15] (CheckClassRank)  Current Class: [34780]	(Item) DeathKnight Lord
x153991 AC  | Current Rank: 8
[02:03:15] (CheckClassRank)  Current Class: [34780]	(Item) DeathKnight Lord
x153991 AC  | Current Rank: 8
[02:03:16] (CheckClassRank)  Current Class: [34780]	(Item) DeathKnight Lord
x153991 AC  | Current Rank: 8
[02:03:17] (CheckClassRank)  Current Class: [34780]	(Item) DeathKnight Lord
x153991 AC  | Current Rank: 8
[02:03:17] (CheckClassRank)  Current Class: [34780]	(Item) DeathKnight Lord
x153991 AC  | Current Rank: 8
[02:03:18] (CheckClassRank)  Current Class: [34780]	(Item) DeathKnight Lord
x153991 AC  | Current Rank: 8
[02:03:18] (CheckClassRank)  Current Class: [34780]	(Item) DeathKnight Lord
x153991 AC  | Current Rank: 8
[02:03:19] (CheckClassRank)  Current Class: [34780]	(Item) DeathKnight Lord
x153991 AC  | Current Rank: 8
[02:03:20] (CheckClassRank)  Current Class: [34780]	(Item) DeathKnight Lord
x153991 AC  | Current Rank: 8
[02:03:20] (CheckClassRank)  Current Class: [34780]	(Item) DeathKnight Lord
x153991 AC  | Current Rank: 8
[02:03:21] (CheckClassRank)  Current Class: [34780]	(Item) DeathKnight Lord
x153991 AC  | Current Rank: 8
[02:03:21] (CheckClassRank)  Current Class: [34780]	(Item) DeathKnight Lord
x153991 AC  | Current Rank: 8
[02:03:22] (CheckClassRank)  Current Class: [34780]	(Item) DeathKnight Lord
x153991 AC  | Current Rank: 8
[02:03:22] (CheckClassRank)  Current Class: [34780]	(Item) DeathKnight Lord
x153991 AC  | Current Rank: 8
[02:03:23] (CheckClassRank)  Current Class: [34780]	(Item) DeathKnight Lord
x153991 AC  | Current Rank: 8
[02:03:24] (CheckClassRank)  Current Class: [34780]	(Item) DeathKnight Lord
x153991 AC  | Current Rank: 8
[02:03:24] (CheckClassRank)  Current Class: [34780]	(Item) DeathKnight Lord
x153991 AC  | Current Rank: 8
[02:03:25] (CheckClassRank)  Current Class: [34780]	(Item) DeathKnight Lord
x153991 AC  | Current Rank: 8
[02:03:25] (CheckClassRank)  Current Class: [34780]	(Item) DeathKnight Lord
x153991 AC  | Current Rank: 8
[02:03:26] (CheckClassRank)  Current Class: [34780]	(Item) DeathKnight Lord
x153991 AC  | Current Rank: 8
[02:03:26] (CheckClassRank)  Current Class: [34780]	(Item) DeathKnight Lord
x153991 AC  | Current Rank: 8
[02:03:27] (CheckClassRank)  Current Class: [34780]	(Item) DeathKnight Lord
x153991 AC  | Current Rank: 8
[02:03:28] (CheckClassRank)  Current Class: [34780]	(Item) DeathKnight Lord
x153991 AC  | Current Rank: 8
[02:03:28] (CheckClassRank)  Current Class: [34780]	(Item) DeathKnight Lord
x153991 AC  | Current Rank: 8
[02:03:29] (CheckClassRank)  Current Class: [34780]	(Item) DeathKnight Lord
x156571 AC  | Current Rank: 8
[02:03:29] (CheckClassRank)  Current Class: [34780]	(Item) DeathKnight Lord
x156571 AC  | Current Rank: 8
[02:03:30] (CheckClassRank)  Current Class: [34780]	(Item) DeathKnight Lord
x159151 AC  | Current Rank: 8
[02:03:31] (CheckClassRank)  Current Class: [34780]	(Item) DeathKnight Lord
x159151 AC  | Current Rank: 8
[02:03:31] (CheckClassRank)  Current Class: [34780]	(Item) DeathKnight Lord
x159151 AC  | Current Rank: 8
[02:03:32] (CheckClassRank)  Current Class: [34780]	(Item) DeathKnight Lord
x159151 AC  | Current Rank: 8
[02:03:32] (CheckClassRank)  Current Class: [34780]	(Item) DeathKnight Lord
x159151 AC  | Current Rank: 8
[02:03:33] (CheckClassRank)  Current Class: [34780]	(Item) DeathKnight Lord
x159151 AC  | Current Rank: 8
[02:03:34] (CheckClassRank)  Current Class: [34780]	(Item) DeathKnight Lord
x159151 AC  | Current Rank: 8
[02:03:34] (CheckClassRank)  Current Class: [34780]	(Item) DeathKnight Lord
x164311 AC  | Current Rank: 8
[02:03:35] (CheckClassRank)  Current Class: [34780]	(Item) DeathKnight Lord
x164311 AC  | Current Rank: 8
[02:03:35] (CheckClassRank)  Current Class: [34780]	(Item) DeathKnight Lord
x164311 AC  | Current Rank: 8
[02:03:36] (CheckClassRank)  Current Class: [34780]	(Item) DeathKnight Lord
x164311 AC  | Current Rank: 8
[02:03:37] (CheckClassRank)  Current Class: [34780]	(Item) DeathKnight Lord
x164311 AC  | Current Rank: 8
[02:03:37] (CheckClassRank)  Current Class: [34780]	(Item) DeathKnight Lord
x164311 AC  | Current Rank: 8
[02:03:38] (CheckClassRank)  Current Class: [34780]	(Item) DeathKnight Lord
x164311 AC  | Current Rank: 8
[02:03:38] (CheckClassRank)  Current Class: [34780]	(Item) DeathKnight Lord
x164311 AC  | Current Rank: 8
[02:03:39] (CheckClassRank)  Current Class: [34780]	(Item) DeathKnight Lord
x164311 AC  | Current Rank: 8
[02:03:39] (CheckClassRank)  Current Class: [34780]	(Item) DeathKnight Lord
x164311 AC  | Current Rank: 8
[02:03:40] (CheckClassRank)  Current Class: [34780]	(Item) DeathKnight Lord
x164311 AC  | Current Rank: 8
[02:03:41] (CheckClassRank)  Current Class: [34780]	(Item) DeathKnight Lord
x164311 AC  | Current Rank: 8
[02:03:41] (CheckClassRank)  Current Class: [34780]	(Item) DeathKnight Lord
x164311 AC  | Current Rank: 8
[02:03:42] (CheckClassRank)  Current Class: [34780]	(Item) DeathKnight Lord
x164311 AC  | Current Rank: 8
[02:03:42] (CheckClassRank)  Current Class: [34780]	(Item) DeathKnight Lord
x164311 AC  | Current Rank: 8
[02:03:43] (CheckClassRank)  Current Class: [34780]	(Item) DeathKnight Lord
x164311 AC  | Current Rank: 8
[02:03:43] (CheckClassRank)  Current Class: [34780]	(Item) DeathKnight Lord
x164311 AC  | Current Rank: 8
[02:03:44] (CheckClassRank)  Current Class: [34780]	(Item) DeathKnight Lord
x166891 AC  | Current Rank: 8
[02:03:45] (CheckClassRank)  Current Class: [34780]	(Item) DeathKnight Lord
x166891 AC  | Current Rank: 8
[02:03:45] (CheckClassRank)  Current Class: [34780]	(Item) DeathKnight Lord
x166891 AC  | Current Rank: 8
[02:03:46] (CheckClassRank)  Current Class: [34780]	(Item) DeathKnight Lord
x166891 AC  | Current Rank: 8
[02:03:46] (CheckClassRank)  Current Class: [34780]	(Item) DeathKnight Lord
x166891 AC  | Current Rank: 8
[02:03:47] (CheckClassRank)  Current Class: [34780]	(Item) DeathKnight Lord
x166891 AC  | Current Rank: 8
[02:03:48] (CheckClassRank)  Current Class: [34780]	(Item) DeathKnight Lord
x169471 AC  | Current Rank: 8
[02:03:48] (CheckClassRank)  Current Class: [34780]	(Item) DeathKnight Lord
x169471 AC  | Current Rank: 8
[02:03:49] (CheckClassRank)  Current Class: [34780]	(Item) DeathKnight Lord
x169471 AC  | Current Rank: 8
[02:03:49] (CheckClassRank)  Current Class: [34780]	(Item) DeathKnight Lord
x169471 AC  | Current Rank: 8
[02:03:50] (CheckClassRank)  Current Class: [34780]	(Item) DeathKnight Lord
x172051 AC  | Current Rank: 8
[02:03:51] (CheckClassRank)  Current Class: [34780]	(Item) DeathKnight Lord
x172051 AC  | Current Rank: 8
[02:03:51] (CheckClassRank)  Current Class: [34780]	(Item) DeathKnight Lord
x172051 AC  | Current Rank: 8
[02:03:52] (CheckClassRank)  Current Class: [34780]	(Item) DeathKnight Lord
x172051 AC  | Current Rank: 8
[02:03:52] (CheckClassRank)  Current Class: [34780]	(Item) DeathKnight Lord
x174631 AC  | Current Rank: 8
[02:03:53] (CheckClassRank)  Current Class: [34780]	(Item) DeathKnight Lord
x174631 AC  | Current Rank: 8
[02:03:54] (CheckClassRank)  Current Class: [34780]	(Item) DeathKnight Lord
x174631 AC  | Current Rank: 8
[02:03:54] (CheckClassRank)  Current Class: [34780]	(Item) DeathKnight Lord
x174631 AC  | Current Rank: 8
[02:03:55] (CheckClassRank)  Current Class: [34780]	(Item) DeathKnight Lord
x174631 AC  | Current Rank: 8
[02:03:55] (CheckClassRank)  Current Class: [34780]	(Item) DeathKnight Lord
x174631 AC  | Current Rank: 8
[02:03:56] (CheckClassRank)  Current Class: [34780]	(Item) DeathKnight Lord
x174631 AC  | Current Rank: 8
[02:03:56] (CheckClassRank)  Current Class: [34780]	(Item) DeathKnight Lord
x174631 AC  | Current Rank: 8
[02:03:57] (CheckClassRank)  Current Class: [34780]	(Item) DeathKnight Lord
x174631 AC  | Current Rank: 8
[02:03:58] (CheckClassRank)  Current Class: [34780]	(Item) DeathKnight Lord
x174631 AC  | Current Rank: 8
[02:03:58] (CheckClassRank)  Current Class: [34780]	(Item) DeathKnight Lord
x174631 AC  | Current Rank: 8
[02:03:59] (CheckClassRank)  Current Class: [34780]	(Item) DeathKnight Lord
x174631 AC  | Current Rank: 8
[02:03:59] (CheckClassRank)  Current Class: [34780]	(Item) DeathKnight Lord
x174631 AC  | Current Rank: 8
[02:04:00] (CheckClassRank)  Current Class: [34780]	(Item) DeathKnight Lord
x174631 AC  | Current Rank: 8
[02:04:00] (CheckClassRank)  Current Class: [34780]	(Item) DeathKnight Lord
x174631 AC  | Current Rank: 8
[02:04:01] (CheckClassRank)  Current Class: [34780]	(Item) DeathKnight Lord
x174631 AC  | Current Rank: 8
[02:04:02] (CheckClassRank)  Current Class: [34780]	(Item) DeathKnight Lord
x174631 AC  | Current Rank: 8
[02:04:02] (CheckClassRank)  Current Class: [34780]	(Item) DeathKnight Lord
x174631 AC  | Current Rank: 8
[02:04:03] (CheckClassRank)  Current Class: [34780]	(Item) DeathKnight Lord
x174631 AC  | Current Rank: 8
[02:04:03] (CheckClassRank)  Current Class: [34780]	(Item) DeathKnight Lord
x174631 AC  | Current Rank: 8
[02:04:04] (CheckClassRank)  Current Class: [34780]	(Item) DeathKnight Lord
x177211 AC  | Current Rank: 8
[02:04:04] (CheckClassRank)  Current Class: [34780]	(Item) DeathKnight Lord
x184951 AC  | Current Rank: 8
[02:04:05] (CheckClassRank)  Current Class: [34780]	(Item) DeathKnight Lord
x184951 AC  | Current Rank: 8
[02:04:06] (CheckClassRank)  Current Class: [34780]	(Item) DeathKnight Lord
x184951 AC  | Current Rank: 8
[02:04:06] (CheckClassRank)  Current Class: [34780]	(Item) DeathKnight Lord
x184951 AC  | Current Rank: 8
[02:04:07] (CheckClassRank)  Current Class: [34780]	(Item) DeathKnight Lord
x184951 AC  | Current Rank: 8
[02:04:07] (CheckClassRank)  Current Class: [34780]	(Item) DeathKnight Lord
x184951 AC  | Current Rank: 8
[02:04:08] (CheckClassRank)  Current Class: [34780]	(Item) DeathKnight Lord
x184951 AC  | Current Rank: 8
[02:04:09] (CheckClassRank)  Current Class: [34780]	(Item) DeathKnight Lord
x184951 AC  | Current Rank: 8
[02:04:09] (CheckClassRank)  Current Class: [34780]	(Item) DeathKnight Lord
x184951 AC  | Current Rank: 8
[02:04:10] (CheckClassRank)  Current Class: [34780]	(Item) DeathKnight Lord
x184951 AC  | Current Rank: 8
[02:04:10] (CheckClassRank)  Current Class: [34780]	(Item) DeathKnight Lord
x187531 AC  | Current Rank: 8
[02:04:11] (CheckClassRank)  Current Class: [34780]	(Item) DeathKnight Lord
x190111 AC  | Current Rank: 8
[02:04:12] (CheckClassRank)  Current Class: [34780]	(Item) DeathKnight Lord
x190111 AC  | Current Rank: 8
[02:04:12] (CheckClassRank)  Current Class: [34780]	(Item) DeathKnight Lord
x190111 AC  | Current Rank: 8
[02:04:13] (CheckClassRank)  Current Class: [34780]	(Item) DeathKnight Lord
x190111 AC  | Current Rank: 8
[02:04:13] (CheckClassRank)  Current Class: [34780]	(Item) DeathKnight Lord
x190111 AC  | Current Rank: 8
[02:04:14] (CheckClassRank)  Current Class: [34780]	(Item) DeathKnight Lord
x190111 AC  | Current Rank: 8
[02:04:14] (CheckClassRank)  Current Class: [34780]	(Item) DeathKnight Lord
x190111 AC  | Current Rank: 8
[02:04:15] (CheckClassRank)  Current Class: [34780]	(Item) DeathKnight Lord
x190111 AC  | Current Rank: 8
[02:04:16] (CheckClassRank)  Current Class: [34780]	(Item) DeathKnight Lord
x190111 AC  | Current Rank: 8
[02:04:16] (CheckClassRank)  Current Class: [34780]	(Item) DeathKnight Lord
x190111 AC  | Current Rank: 8
[02:04:17] (CheckClassRank)  Current Class: [34780]	(Item) DeathKnight Lord
x190111 AC  | Current Rank: 8
[02:04:17] (CheckClassRank)  Current Class: [34780]	(Item) DeathKnight Lord
x190111 AC  | Current Rank: 8
[02:04:18] (CheckClassRank)  Current Class: [34780]	(Item) DeathKnight Lord
x190111 AC  | Current Rank: 8
[02:04:18] (CheckClassRank)  Current Class: [34780]	(Item) DeathKnight Lord
x190111 AC  | Current Rank: 8
[02:04:19] (CheckClassRank)  Current Class: [34780]	(Item) DeathKnight Lord
x190111 AC  | Current Rank: 8
[02:04:20] (CheckClassRank)  Current Class: [34780]	(Item) DeathKnight Lord
x190111 AC  | Current Rank: 8
[02:04:20] (CheckClassRank)  Current Class: [34780]	(Item) DeathKnight Lord
x190111 AC  | Current Rank: 8
[02:04:21] (CheckClassRank)  Current Class: [34780]	(Item) DeathKnight Lord
x190111 AC  | Current Rank: 8
[02:04:21] (CheckClassRank)  Current Class: [34780]	(Item) DeathKnight Lord
x190111 AC  | Current Rank: 8
[02:04:22] (CheckClassRank)  Current Class: [34780]	(Item) DeathKnight Lord
x190111 AC  | Current Rank: 8
[02:04:22] (CheckClassRank)  Current Class: [34780]	(Item) DeathKnight Lord
x190111 AC  | Current Rank: 8
[02:04:23] (CheckClassRank)  Current Class: [34780]	(Item) DeathKnight Lord
x190111 AC  | Current Rank: 8
[02:04:24] (CheckClassRank)  Current Class: [34780]	(Item) DeathKnight Lord
x190111 AC  | Current Rank: 8
[02:04:24] (CheckClassRank)  Current Class: [34780]	(Item) DeathKnight Lord
x190111 AC  | Current Rank: 8
[02:04:25] (CheckClassRank)  Current Class: [34780]	(Item) DeathKnight Lord
x190111 AC  | Current Rank: 8
[02:04:25] (CheckClassRank)  Current Class: [34780]	(Item) DeathKnight Lord
x190111 AC  | Current Rank: 8
[02:04:26] (CheckClassRank)  Current Class: [34780]	(Item) DeathKnight Lord
x190111 AC  | Current Rank: 8
[02:04:26] (CheckClassRank)  Current Class: [34780]	(Item) DeathKnight Lord
x190111 AC  | Current Rank: 8
[02:04:27] (CheckClassRank)  Current Class: [34780]	(Item) DeathKnight Lord
x190111 AC  | Current Rank: 8
[02:04:28] (CheckClassRank)  Current Class: [34780]	(Item) DeathKnight Lord
x190111 AC  | Current Rank: 8
[02:04:28] (CheckClassRank)  Current Class: [34780]	(Item) DeathKnight Lord
x190111 AC  | Current Rank: 8
[02:04:29] (CheckClassRank)  Current Class: [34780]	(Item) DeathKnight Lord
x190111 AC  | Current Rank: 8
[02:04:41] (CheckClassRank)  Current Class: [34780]	(Item) DeathKnight Lord
x190111 AC  | Current Rank: 8
[02:04:41] (CheckClassRank)  Current Class: [34780]	(Item) DeathKnight Lord
x190111 AC  | Current Rank: 8
[02:04:42] (CheckClassRank)  Current Class: [34780]	(Item) DeathKnight Lord
x190111 AC  | Current Rank: 8
[02:04:43] (CheckClassRank)  Current Class: [34780]	(Item) DeathKnight Lord
x190111 AC  | Current Rank: 8
[02:04:43] (CheckClassRank)  Current Class: [34780]	(Item) DeathKnight Lord
x190111 AC  | Current Rank: 8
[02:04:44] (CheckClassRank)  Current Class: [34780]	(Item) DeathKnight Lord
x190111 AC  | Current Rank: 8
[02:04:45] (CheckClassRank)  Current Class: [34780]	(Item) DeathKnight Lord
x190111 AC  | Current Rank: 8
[02:04:45] (CheckClassRank)  Current Class: [34780]	(Item) DeathKnight Lord
x192691 AC  | Current Rank: 8
[02:04:46] (CheckClassRank)  Current Class: [34780]	(Item) DeathKnight Lord
x192691 AC  | Current Rank: 8
[02:04:46] (CheckClassRank)  Current Class: [34780]	(Item) DeathKnight Lord
x192691 AC  | Current Rank: 8
[02:04:47] (CheckClassRank)  Current Class: [34780]	(Item) DeathKnight Lord
x192691 AC  | Current Rank: 8
[02:04:47] (CheckClassRank)  Current Class: [34780]	(Item) DeathKnight Lord
x197851 AC  | Current Rank: 8
[02:04:48] (CheckClassRank)  Current Class: [34780]	(Item) DeathKnight Lord
x200431 AC  | Current Rank: 8
[02:04:49] (CheckClassRank)  Current Class: [34780]	(Item) DeathKnight Lord
x203011 AC  | Current Rank: 9
[02:04:49] (CheckClassRank)  Current Class: [34780]	(Item) DeathKnight Lord
x203011 AC  | Current Rank: 9
[02:04:50] (CheckClassRank)  Current Class: [34780]	(Item) DeathKnight Lord
x203011 AC  | Current Rank: 9
[02:04:51] (CheckClassRank)  Current Class: [34780]	(Item) DeathKnight Lord
x203011 AC  | Current Rank: 9
[02:04:51] (CheckClassRank)  Current Class: [34780]	(Item) DeathKnight Lord
x203011 AC  | Current Rank: 9
[02:04:52] (CheckClassRank)  Current Class: [34780]	(Item) DeathKnight Lord
x211201 AC  | Current Rank: 9
[02:04:52] (CheckClassRank)  Current Class: [34780]	(Item) DeathKnight Lord
x211201 AC  | Current Rank: 9
[02:04:53] (CheckClassRank)  Current Class: [34780]	(Item) DeathKnight Lord
x211201 AC  | Current Rank: 9
[02:04:53] (CheckClassRank)  Current Class: [34780]	(Item) DeathKnight Lord
x211201 AC  | Current Rank: 9
[02:04:54] (CheckClassRank)  Current Class: [34780]	(Item) DeathKnight Lord
x211201 AC  | Current Rank: 9
[02:04:55] (CheckClassRank)  Current Class: [34780]	(Item) DeathKnight Lord
x211201 AC  | Current Rank: 9
[02:04:55] (CheckClassRank)  Current Class: [34780]	(Item) DeathKnight Lord
x211201 AC  | Current Rank: 9
[02:04:56] (CheckClassRank)  Current Class: [34780]	(Item) DeathKnight Lord
x213931 AC  | Current Rank: 9
[02:04:56] (CheckClassRank)  Current Class: [34780]	(Item) DeathKnight Lord
x213931 AC  | Current Rank: 9
[02:04:57] (CheckClassRank)  Current Class: [34780]	(Item) DeathKnight Lord
x213931 AC  | Current Rank: 9
[02:04:58] (CheckClassRank)  Current Class: [34780]	(Item) DeathKnight Lord
x213931 AC  | Current Rank: 9
[02:04:58] (CheckClassRank)  Current Class: [34780]	(Item) DeathKnight Lord
x213931 AC  | Current Rank: 9
[02:04:59] (CheckClassRank)  Current Class: [34780]	(Item) DeathKnight Lord
x213931 AC  | Current Rank: 9
[02:04:59] (CheckClassRank)  Current Class: [34780]	(Item) DeathKnight Lord
x213931 AC  | Current Rank: 9
[02:05:00] (CheckClassRank)  Current Class: [34780]	(Item) DeathKnight Lord
x213931 AC  | Current Rank: 9
[02:05:01] (CheckClassRank)  Current Class: [34780]	(Item) DeathKnight Lord
x213931 AC  | Current Rank: 9
[02:05:01] (CheckClassRank)  Current Class: [34780]	(Item) DeathKnight Lord
x216661 AC  | Current Rank: 9
[02:05:02] (CheckClassRank)  Current Class: [34780]	(Item) DeathKnight Lord
x216661 AC  | Current Rank: 9
[02:05:02] (CheckClassRank)  Current Class: [34780]	(Item) DeathKnight Lord
x216661 AC  | Current Rank: 9
[02:05:03] (CheckClassRank)  Current Class: [34780]	(Item) DeathKnight Lord
x219391 AC  | Current Rank: 9
[02:05:04] (CheckClassRank)  Current Class: [34780]	(Item) DeathKnight Lord
x219391 AC  | Current Rank: 9
[02:05:04] (CheckClassRank)  Current Class: [34780]	(Item) DeathKnight Lord
x222121 AC  | Current Rank: 9
[02:05:05] (CheckClassRank)  Current Class: [34780]	(Item) DeathKnight Lord
x222121 AC  | Current Rank: 9
[02:05:05] (CheckClassRank)  Current Class: [34780]	(Item) DeathKnight Lord
x222121 AC  | Current Rank: 9
[02:05:06] (CheckClassRank)  Current Class: [34780]	(Item) DeathKnight Lord
x222121 AC  | Current Rank: 9
[02:05:07] (CheckClassRank)  Current Class: [34780]	(Item) DeathKnight Lord
x222121 AC  | Current Rank: 9
[02:05:07] (CheckClassRank)  Current Class: [34780]	(Item) DeathKnight Lord
x222121 AC  | Current Rank: 9
[02:05:08] (CheckClassRank)  Current Class: [34780]	(Item) DeathKnight Lord
x222121 AC  | Current Rank: 9
[02:05:08] (CheckClassRank)  Current Class: [34780]	(Item) DeathKnight Lord
x222121 AC  | Current Rank: 9
[02:05:09] (CheckClassRank)  Current Class: [34780]	(Item) DeathKnight Lord
x222121 AC  | Current Rank: 9
[02:05:09] (CheckClassRank)  Current Class: [34780]	(Item) DeathKnight Lord
x222121 AC  | Current Rank: 9
[02:05:10] (CheckClassRank)  Current Class: [34780]	(Item) DeathKnight Lord
x222121 AC  | Current Rank: 9
[02:05:11] (CheckClassRank)  Current Class: [34780]	(Item) DeathKnight Lord
x222121 AC  | Current Rank: 9
[02:05:11] (CheckClassRank)  Current Class: [34780]	(Item) DeathKnight Lord
x222121 AC  | Current Rank: 9
[02:05:12] (CheckClassRank)  Current Class: [34780]	(Item) DeathKnight Lord
x222121 AC  | Current Rank: 9
[02:05:12] (CheckClassRank)  Current Class: [34780]	(Item) DeathKnight Lord
x222121 AC  | Current Rank: 9
[02:05:13] (CheckClassRank)  Current Class: [34780]	(Item) DeathKnight Lord
x222121 AC  | Current Rank: 9
[02:05:13] (CheckClassRank)  Current Class: [34780]	(Item) DeathKnight Lord
x222121 AC  | Current Rank: 9
[02:05:14] (CheckClassRank)  Current Class: [34780]	(Item) DeathKnight Lord
x222121 AC  | Current Rank: 9
[02:05:15] (CheckClassRank)  Current Class: [34780]	(Item) DeathKnight Lord
x222121 AC  | Current Rank: 9
[02:05:15] (CheckClassRank)  Current Class: [34780]	(Item) DeathKnight Lord
x222121 AC  | Current Rank: 9
[02:05:16] (CheckClassRank)  Current Class: [34780]	(Item) DeathKnight Lord
x222121 AC  | Current Rank: 9
[02:05:16] (CheckClassRank)  Current Class: [34780]	(Item) DeathKnight Lord
x222121 AC  | Current Rank: 9
[02:05:17] (CheckClassRank)  Current Class: [34780]	(Item) DeathKnight Lord
x222121 AC  | Current Rank: 9
[02:05:17] (CheckClassRank)  Current Class: [34780]	(Item) DeathKnight Lord
x222121 AC  | Current Rank: 9
[02:05:18] (CheckClassRank)  Current Class: [34780]	(Item) DeathKnight Lord
x222121 AC  | Current Rank: 9
[02:05:19] (CheckClassRank)  Current Class: [34780]	(Item) DeathKnight Lord
x222121 AC  | Current Rank: 9
[02:05:19] (CheckClassRank)  Current Class: [34780]	(Item) DeathKnight Lord
x222121 AC  | Current Rank: 9
[02:05:20] (CheckClassRank)  Current Class: [34780]	(Item) DeathKnight Lord
x222121 AC  | Current Rank: 9
[02:05:20] (CheckClassRank)  Current Class: [34780]	(Item) DeathKnight Lord
x222121 AC  | Current Rank: 9
[02:05:21] (CheckClassRank)  Current Class: [34780]	(Item) DeathKnight Lord
x222121 AC  | Current Rank: 9
[02:05:22] (CheckClassRank)  Current Class: [34780]	(Item) DeathKnight Lord
x222121 AC  | Current Rank: 9
[02:05:22] (CheckClassRank)  Current Class: [34780]	(Item) DeathKnight Lord
x222121 AC  | Current Rank: 9
[02:05:23] (CheckClassRank)  Current Class: [34780]	(Item) DeathKnight Lord
x224851 AC  | Current Rank: 9
[02:05:23] (CheckClassRank)  Current Class: [34780]	(Item) DeathKnight Lord
x224851 AC  | Current Rank: 9
[02:05:24] (CheckClassRank)  Current Class: [34780]	(Item) DeathKnight Lord
x224851 AC  | Current Rank: 9
[02:05:25] (CheckClassRank)  Current Class: [34780]	(Item) DeathKnight Lord
x224851 AC  | Current Rank: 9
[02:05:25] (CheckClassRank)  Current Class: [34780]	(Item) DeathKnight Lord
x227581 AC  | Current Rank: 9
[02:05:26] (CheckClassRank)  Current Class: [34780]	(Item) DeathKnight Lord
x227581 AC  | Current Rank: 9
[02:05:26] (CheckClassRank)  Current Class: [34780]	(Item) DeathKnight Lord
x235771 AC  | Current Rank: 9
[02:05:27] (CheckClassRank)  Current Class: [34780]	(Item) DeathKnight Lord
x235771 AC  | Current Rank: 9
[02:05:28] (CheckClassRank)  Current Class: [34780]	(Item) DeathKnight Lord
x235771 AC  | Current Rank: 9
[02:05:28] (CheckClassRank)  Current Class: [34780]	(Item) DeathKnight Lord
x235771 AC  | Current Rank: 9
[02:05:29] (CheckClassRank)  Current Class: [34780]	(Item) DeathKnight Lord
x238501 AC  | Current Rank: 9
[02:05:29] (CheckClassRank)  Current Class: [34780]	(Item) DeathKnight Lord
x238501 AC  | Current Rank: 9
[02:05:30] (CheckClassRank)  Current Class: [34780]	(Item) DeathKnight Lord
x238501 AC  | Current Rank: 9
[02:05:31] (CheckClassRank)  Current Class: [34780]	(Item) DeathKnight Lord
x238501 AC  | Current Rank: 9
[02:05:31] (CheckClassRank)  Current Class: [34780]	(Item) DeathKnight Lord
x241231 AC  | Current Rank: 9
[02:05:32] (CheckClassRank)  Current Class: [34780]	(Item) DeathKnight Lord
x241231 AC  | Current Rank: 9
[02:05:32] (CheckClassRank)  Current Class: [34780]	(Item) DeathKnight Lord
x241231 AC  | Current Rank: 9
[02:05:33] (CheckClassRank)  Current Class: [34780]	(Item) DeathKnight Lord
x241231 AC  | Current Rank: 9
[02:05:34] (CheckClassRank)  Current Class: [34780]	(Item) DeathKnight Lord
x243961 AC  | Current Rank: 9
[02:05:34] (CheckClassRank)  Current Class: [34780]	(Item) DeathKnight Lord
x243961 AC  | Current Rank: 9
[02:05:35] (CheckClassRank)  Current Class: [34780]	(Item) DeathKnight Lord
x243961 AC  | Current Rank: 9
[02:05:35] (CheckClassRank)  Current Class: [34780]	(Item) DeathKnight Lord
x243961 AC  | Current Rank: 9
[02:05:36] (CheckClassRank)  Current Class: [34780]	(Item) DeathKnight Lord
x243961 AC  | Current Rank: 9
[02:05:36] (CheckClassRank)  Current Class: [34780]	(Item) DeathKnight Lord
x243961 AC  | Current Rank: 9
[02:05:37] (CheckClassRank)  Current Class: [34780]	(Item) DeathKnight Lord
x243961 AC  | Current Rank: 9
[02:05:38] (CheckClassRank)  Current Class: [34780]	(Item) DeathKnight Lord
x246691 AC  | Current Rank: 9
[02:05:38] (CheckClassRank)  Current Class: [34780]	(Item) DeathKnight Lord
x246691 AC  | Current Rank: 9
[02:05:39] (CheckClassRank)  Current Class: [34780]	(Item) DeathKnight Lord
x246691 AC  | Current Rank: 9
[02:05:39] (CheckClassRank)  Current Class: [34780]	(Item) DeathKnight Lord
x246691 AC  | Current Rank: 9
[02:05:40] (CheckClassRank)  Current Class: [34780]	(Item) DeathKnight Lord
x246691 AC  | Current Rank: 9
[02:05:41] (CheckClassRank)  Current Class: [34780]	(Item) DeathKnight Lord
x246691 AC  | Current Rank: 9
[02:05:41] (CheckClassRank)  Current Class: [34780]	(Item) DeathKnight Lord
x249421 AC  | Current Rank: 9
[02:05:42] (CheckClassRank)  Current Class: [34780]	(Item) DeathKnight Lord
x249421 AC  | Current Rank: 9
[02:05:42] (CheckClassRank)  Current Class: [34780]	(Item) DeathKnight Lord
x249421 AC  | Current Rank: 9
[02:05:43] (CheckClassRank)  Current Class: [34780]	(Item) DeathKnight Lord
x249421 AC  | Current Rank: 9
[02:05:44] (CheckClassRank)  Current Class: [34780]	(Item) DeathKnight Lord
x249421 AC  | Current Rank: 9
[02:05:44] (CheckClassRank)  Current Class: [34780]	(Item) DeathKnight Lord
x252151 AC  | Current Rank: 9
[02:05:45] (CheckClassRank)  Current Class: [34780]	(Item) DeathKnight Lord
x252151 AC  | Current Rank: 9
[02:05:45] (CheckClassRank)  Current Class: [34780]	(Item) DeathKnight Lord
x252151 AC  | Current Rank: 9
[02:05:46] (CheckClassRank)  Current Class: [34780]	(Item) DeathKnight Lord
x252151 AC  | Current Rank: 9
[02:05:47] (CheckClassRank)  Current Class: [34780]	(Item) DeathKnight Lord
x254881 AC  | Current Rank: 9
[02:05:47] (CheckClassRank)  Current Class: [34780]	(Item) DeathKnight Lord
x257611 AC  | Current Rank: 9
[02:05:48] (CheckClassRank)  Current Class: [34780]	(Item) DeathKnight Lord
x257611 AC  | Current Rank: 9
[02:05:48] (CheckClassRank)  Current Class: [34780]	(Item) DeathKnight Lord
x257611 AC  | Current Rank: 9
[02:05:49] (CheckClassRank)  Current Class: [34780]	(Item) DeathKnight Lord
x257611 AC  | Current Rank: 9
[02:05:50] (CheckClassRank)  Current Class: [34780]	(Item) DeathKnight Lord
x257611 AC  | Current Rank: 9
[02:05:50] (CheckClassRank)  Current Class: [34780]	(Item) DeathKnight Lord
x257611 AC  | Current Rank: 9
[02:05:51] (CheckClassRank)  Current Class: [34780]	(Item) DeathKnight Lord
x257611 AC  | Current Rank: 9
[02:05:51] (CheckClassRank)  Current Class: [34780]	(Item) DeathKnight Lord
x260341 AC  | Current Rank: 9
[02:05:52] (CheckClassRank)  Current Class: [34780]	(Item) DeathKnight Lord
x260341 AC  | Current Rank: 9
[02:05:53] (CheckClassRank)  Current Class: [34780]	(Item) DeathKnight Lord
x263071 AC  | Current Rank: 9
[02:05:53] (CheckClassRank)  Current Class: [34780]	(Item) DeathKnight Lord
x263071 AC  | Current Rank: 9
[02:05:54] (CheckClassRank)  Current Class: [34780]	(Item) DeathKnight Lord
x263071 AC  | Current Rank: 9
[02:05:54] (CheckClassRank)  Current Class: [34780]	(Item) DeathKnight Lord
x263071 AC  | Current Rank: 9
[02:05:55] (CheckClassRank)  Current Class: [34780]	(Item) DeathKnight Lord
x263071 AC  | Current Rank: 9
[02:05:55] (CheckClassRank)  Current Class: [34780]	(Item) DeathKnight Lord
x263071 AC  | Current Rank: 9
[02:05:56] (CheckClassRank)  Current Class: [34780]	(Item) DeathKnight Lord
x263071 AC  | Current Rank: 9
[02:05:57] (CheckClassRank)  Current Class: [34780]	(Item) DeathKnight Lord
x263071 AC  | Current Rank: 9
[02:05:57] (CheckClassRank)  Current Class: [34780]	(Item) DeathKnight Lord
x263071 AC  | Current Rank: 9
[02:05:58] (CheckClassRank)  Current Class: [34780]	(Item) DeathKnight Lord
x263071 AC  | Current Rank: 9
[02:05:58] (CheckClassRank)  Current Class: [34780]	(Item) DeathKnight Lord
x263071 AC  | Current Rank: 9
[02:05:59] (CheckClassRank)  Current Class: [34780]	(Item) DeathKnight Lord
x263071 AC  | Current Rank: 9
[02:05:59] (CheckClassRank)  Current Class: [34780]	(Item) DeathKnight Lord
x263071 AC  | Current Rank: 9
[02:06:00] (CheckClassRank)  Current Class: [34780]	(Item) DeathKnight Lord
x263071 AC  | Current Rank: 9
[02:06:01] (CheckClassRank)  Current Class: [34780]	(Item) DeathKnight Lord
x263071 AC  | Current Rank: 9
[02:06:01] (CheckClassRank)  Current Class: [34780]	(Item) DeathKnight Lord
x263071 AC  | Current Rank: 9
[02:06:02] (CheckClassRank)  Current Class: [34780]	(Item) DeathKnight Lord
x263071 AC  | Current Rank: 9
[02:06:02] (CheckClassRank)  Current Class: [34780]	(Item) DeathKnight Lord
x263071 AC  | Current Rank: 9
[02:06:03] (CheckClassRank)  Current Class: [34780]	(Item) DeathKnight Lord
x263071 AC  | Current Rank: 9
[02:06:04] (CheckClassRank)  Current Class: [34780]	(Item) DeathKnight Lord
x263071 AC  | Current Rank: 9
[02:06:04] (CheckClassRank)  Current Class: [34780]	(Item) DeathKnight Lord
x263071 AC  | Current Rank: 9
[02:06:05] (CheckClassRank)  Current Class: [34780]	(Item) DeathKnight Lord
x265801 AC  | Current Rank: 9
[02:06:05] (CheckClassRank)  Current Class: [34780]	(Item) DeathKnight Lord
x265801 AC  | Current Rank: 9
[02:06:06] (CheckClassRank)  Current Class: [34780]	(Item) DeathKnight Lord
x265801 AC  | Current Rank: 9
[02:06:06] (CheckClassRank)  Current Class: [34780]	(Item) DeathKnight Lord
x265801 AC  | Current Rank: 9
[02:06:07] (CheckClassRank)  Current Class: [34780]	(Item) DeathKnight Lord
x265801 AC  | Current Rank: 9
[02:06:08] (CheckClassRank)  Current Class: [34780]	(Item) DeathKnight Lord
x265801 AC  | Current Rank: 9
[02:06:08] (CheckClassRank)  Current Class: [34780]	(Item) DeathKnight Lord
x265801 AC  | Current Rank: 9
[02:06:09] (CheckClassRank)  Current Class: [34780]	(Item) DeathKnight Lord
x265801 AC  | Current Rank: 9
[02:06:09] (CheckClassRank)  Current Class: [34780]	(Item) DeathKnight Lord
x265801 AC  | Current Rank: 9
[02:06:10] (CheckClassRank)  Current Class: [34780]	(Item) DeathKnight Lord
x265801 AC  | Current Rank: 9
[02:06:10] (CheckClassRank)  Current Class: [34780]	(Item) DeathKnight Lord
x265801 AC  | Current Rank: 9
[02:06:11] (CheckClassRank)  Current Class: [34780]	(Item) DeathKnight Lord
x265801 AC  | Current Rank: 9
[02:06:12] (CheckClassRank)  Current Class: [34780]	(Item) DeathKnight Lord
x265801 AC  | Current Rank: 9
[02:06:12] (CheckClassRank)  Current Class: [34780]	(Item) DeathKnight Lord
x265801 AC  | Current Rank: 9
[02:06:13] (CheckClassRank)  Current Class: [34780]	(Item) DeathKnight Lord
x265801 AC  | Current Rank: 9
[02:06:13] (CheckClassRank)  Current Class: [34780]	(Item) DeathKnight Lord
x268531 AC  | Current Rank: 9
[02:06:14] (CheckClassRank)  Current Class: [34780]	(Item) DeathKnight Lord
x268531 AC  | Current Rank: 9
[02:06:15] (CheckClassRank)  Current Class: [34780]	(Item) DeathKnight Lord
x268531 AC  | Current Rank: 9
[02:06:15] (CheckClassRank)  Current Class: [34780]	(Item) DeathKnight Lord
x268531 AC  | Current Rank: 9
[02:06:16] (CheckClassRank)  Current Class: [34780]	(Item) DeathKnight Lord
x268531 AC  | Current Rank: 9
[02:06:16] (CheckClassRank)  Current Class: [34780]	(Item) DeathKnight Lord
x268531 AC  | Current Rank: 9
[02:06:17] (CheckClassRank)  Current Class: [34780]	(Item) DeathKnight Lord
x268531 AC  | Current Rank: 9
[02:06:17] (CheckClassRank)  Current Class: [34780]	(Item) DeathKnight Lord
x268531 AC  | Current Rank: 9
[02:06:18] (CheckClassRank)  Current Class: [34780]	(Item) DeathKnight Lord
x268531 AC  | Current Rank: 9
[02:06:19] (CheckClassRank)  Current Class: [34780]	(Item) DeathKnight Lord
x268531 AC  | Current Rank: 9
[02:06:19] (CheckClassRank)  Current Class: [34780]	(Item) DeathKnight Lord
x268531 AC  | Current Rank: 9
[02:06:20] (CheckClassRank)  Current Class: [34780]	(Item) DeathKnight Lord
x268531 AC  | Current Rank: 9
[02:06:20] (CheckClassRank)  Current Class: [34780]	(Item) DeathKnight Lord
x268531 AC  | Current Rank: 9
[02:06:21] (CheckClassRank)  Current Class: [34780]	(Item) DeathKnight Lord
x268531 AC  | Current Rank: 9
[02:06:22] (CheckClassRank)  Current Class: [34780]	(Item) DeathKnight Lord
x268531 AC  | Current Rank: 9
[02:06:22] (CheckClassRank)  Current Class: [34780]	(Item) DeathKnight Lord
x268531 AC  | Current Rank: 9
[02:06:23] (CheckClassRank)  Current Class: [34780]	(Item) DeathKnight Lord
x268531 AC  | Current Rank: 9
[02:06:23] (CheckClassRank)  Current Class: [34780]	(Item) DeathKnight Lord
x268531 AC  | Current Rank: 9
[02:06:24] (CheckClassRank)  Current Class: [34780]	(Item) DeathKnight Lord
x268531 AC  | Current Rank: 9
[02:06:24] (CheckClassRank)  Current Class: [34780]	(Item) DeathKnight Lord
x268531 AC  | Current Rank: 9
[02:06:25] (CheckClassRank)  Current Class: [34780]	(Item) DeathKnight Lord
x268531 AC  | Current Rank: 9
[02:06:26] (CheckClassRank)  Current Class: [34780]	(Item) DeathKnight Lord
x268531 AC  | Current Rank: 9
[02:06:26] (CheckClassRank)  Current Class: [34780]	(Item) DeathKnight Lord
x268531 AC  | Current Rank: 9
[02:06:27] (CheckClassRank)  Current Class: [34780]	(Item) DeathKnight Lord
x268531 AC  | Current Rank: 9
[02:06:27] (CheckClassRank)  Current Class: [34780]	(Item) DeathKnight Lord
x268531 AC  | Current Rank: 9
[02:06:28] (CheckClassRank)  Current Class: [34780]	(Item) DeathKnight Lord
x268531 AC  | Current Rank: 9
[02:06:28] (CheckClassRank)  Current Class: [34780]	(Item) DeathKnight Lord
x268531 AC  | Current Rank: 9
[02:06:29] (CheckClassRank)  Current Class: [34780]	(Item) DeathKnight Lord
x268531 AC  | Current Rank: 9
[02:06:30] (CheckClassRank)  Current Class: [34780]	(Item) DeathKnight Lord
x268531 AC  | Current Rank: 9
[02:06:30] (CheckClassRank)  Current Class: [34780]	(Item) DeathKnight Lord
x268531 AC  | Current Rank: 9
[02:06:31] (CheckClassRank)  Current Class: [34780]	(Item) DeathKnight Lord
x271261 AC  | Current Rank: 9
[02:06:31] (CheckClassRank)  Current Class: [34780]	(Item) DeathKnight Lord
x271261 AC  | Current Rank: 9
[02:06:32] (CheckClassRank)  Current Class: [34780]	(Item) DeathKnight Lord
x273991 AC  | Current Rank: 9
[02:06:33] (CheckClassRank)  Current Class: [34780]	(Item) DeathKnight Lord
x273991 AC  | Current Rank: 9
[02:06:33] (CheckClassRank)  Current Class: [34780]	(Item) DeathKnight Lord
x276721 AC  | Current Rank: 9
[02:06:34] (CheckClassRank)  Current Class: [34780]	(Item) DeathKnight Lord
x276721 AC  | Current Rank: 9
[02:06:34] (CheckClassRank)  Current Class: [34780]	(Item) DeathKnight Lord
x276721 AC  | Current Rank: 9
[02:06:35] (CheckClassRank)  Current Class: [34780]	(Item) DeathKnight Lord
x276721 AC  | Current Rank: 9
[02:06:36] (CheckClassRank)  Current Class: [34780]	(Item) DeathKnight Lord
x276721 AC  | Current Rank: 9
[02:06:36] (CheckClassRank)  Current Class: [34780]	(Item) DeathKnight Lord
x276721 AC  | Current Rank: 9
[02:06:37] (CheckClassRank)  Current Class: [34780]	(Item) DeathKnight Lord
x276721 AC  | Current Rank: 9
[02:06:37] (CheckClassRank)  Current Class: [34780]	(Item) DeathKnight Lord
x276721 AC  | Current Rank: 9
[02:06:38] (CheckClassRank)  Current Class: [34780]	(Item) DeathKnight Lord
x276721 AC  | Current Rank: 9
[02:06:39] (CheckClassRank)  Current Class: [34780]	(Item) DeathKnight Lord
x276721 AC  | Current Rank: 9
[02:06:39] (CheckClassRank)  Current Class: [34780]	(Item) DeathKnight Lord
x276721 AC  | Current Rank: 9
[02:06:40] (CheckClassRank)  Current Class: [34780]	(Item) DeathKnight Lord
x276721 AC  | Current Rank: 9
[02:06:40] (CheckClassRank)  Current Class: [34780]	(Item) DeathKnight Lord
x276721 AC  | Current Rank: 9
[02:06:41] (CheckClassRank)  Current Class: [34780]	(Item) DeathKnight Lord
x276721 AC  | Current Rank: 9
[02:06:41] (CheckClassRank)  Current Class: [34780]	(Item) DeathKnight Lord
x276721 AC  | Current Rank: 9
[02:06:42] (CheckClassRank)  Current Class: [34780]	(Item) DeathKnight Lord
x276721 AC  | Current Rank: 9
[02:06:43] (CheckClassRank)  Current Class: [34780]	(Item) DeathKnight Lord
x276721 AC  | Current Rank: 9
[02:06:43] (CheckClassRank)  Current Class: [34780]	(Item) DeathKnight Lord
x276721 AC  | Current Rank: 9
[02:06:44] (CheckClassRank)  Current Class: [34780]	(Item) DeathKnight Lord
x276721 AC  | Current Rank: 9
[02:06:44] (CheckClassRank)  Current Class: [34780]	(Item) DeathKnight Lord
x276721 AC  | Current Rank: 9
[02:06:45] (CheckClassRank)  Current Class: [34780]	(Item) DeathKnight Lord
x276721 AC  | Current Rank: 9
[02:06:45] (CheckClassRank)  Current Class: [34780]	(Item) DeathKnight Lord
x276721 AC  | Current Rank: 9
[02:06:46] (CheckClassRank)  Current Class: [34780]	(Item) DeathKnight Lord
x276721 AC  | Current Rank: 9
[02:06:47] (CheckClassRank)  Current Class: [34780]	(Item) DeathKnight Lord
x276721 AC  | Current Rank: 9
[02:06:47] (CheckClassRank)  Current Class: [34780]	(Item) DeathKnight Lord
x276721 AC  | Current Rank: 9
[02:06:48] (CheckClassRank)  Current Class: [34780]	(Item) DeathKnight Lord
x276721 AC  | Current Rank: 9
[02:06:48] (CheckClassRank)  Current Class: [34780]	(Item) DeathKnight Lord
x276721 AC  | Current Rank: 9
[02:06:49] (CheckClassRank)  Current Class: [34780]	(Item) DeathKnight Lord
x276721 AC  | Current Rank: 9
[02:06:49] (CheckClassRank)  Current Class: [34780]	(Item) DeathKnight Lord
x276721 AC  | Current Rank: 9
[02:06:50] (CheckClassRank)  Current Class: [34780]	(Item) DeathKnight Lord
x276721 AC  | Current Rank: 9
[02:06:51] (CheckClassRank)  Current Class: [34780]	(Item) DeathKnight Lord
x276721 AC  | Current Rank: 9
[02:06:51] (CheckClassRank)  Current Class: [34780]	(Item) DeathKnight Lord
x276721 AC  | Current Rank: 9
[02:06:52] (CheckClassRank)  Current Class: [34780]	(Item) DeathKnight Lord
x276721 AC  | Current Rank: 9
[02:06:52] (CheckClassRank)  Current Class: [34780]	(Item) DeathKnight Lord
x276721 AC  | Current Rank: 9
[02:06:53] (CheckClassRank)  Current Class: [34780]	(Item) DeathKnight Lord
x276721 AC  | Current Rank: 9
[02:06:54] (CheckClassRank)  Current Class: [34780]	(Item) DeathKnight Lord
x276721 AC  | Current Rank: 9
[02:06:54] (CheckClassRank)  Current Class: [34780]	(Item) DeathKnight Lord
x282181 AC  | Current Rank: 9
[02:06:55] (CheckClassRank)  Current Class: [34780]	(Item) DeathKnight Lord
x282181 AC  | Current Rank: 9
[02:06:55] (CheckClassRank)  Current Class: [34780]	(Item) DeathKnight Lord
x282181 AC  | Current Rank: 9
[02:06:56] (CheckClassRank)  Current Class: [34780]	(Item) DeathKnight Lord
x282181 AC  | Current Rank: 9
[02:06:57] (CheckClassRank)  Current Class: [34780]	(Item) DeathKnight Lord
x282181 AC  | Current Rank: 9
[02:06:57] (CheckClassRank)  Current Class: [34780]	(Item) DeathKnight Lord
x282181 AC  | Current Rank: 9
[02:06:58] (CheckClassRank)  Current Class: [34780]	(Item) DeathKnight Lord
x282181 AC  | Current Rank: 9
[02:06:58] (CheckClassRank)  Current Class: [34780]	(Item) DeathKnight Lord
x282181 AC  | Current Rank: 9
[02:06:59] (CheckClassRank)  Current Class: [34780]	(Item) DeathKnight Lord
x282181 AC  | Current Rank: 9
[02:06:59] (CheckClassRank)  Current Class: [34780]	(Item) DeathKnight Lord
x282181 AC  | Current Rank: 9
[02:07:00] (CheckClassRank)  Current Class: [34780]	(Item) DeathKnight Lord
x282181 AC  | Current Rank: 9
[02:07:01] (CheckClassRank)  Current Class: [34780]	(Item) DeathKnight Lord
x282181 AC  | Current Rank: 9
[02:07:01] (CheckClassRank)  Current Class: [34780]	(Item) DeathKnight Lord
x282181 AC  | Current Rank: 9
[02:07:02] (CheckClassRank)  Current Class: [34780]	(Item) DeathKnight Lord
x282181 AC  | Current Rank: 9
[02:07:02] (CheckClassRank)  Current Class: [34780]	(Item) DeathKnight Lord
x282181 AC  | Current Rank: 9
[02:07:03] (CheckClassRank)  Current Class: [34780]	(Item) DeathKnight Lord
x282181 AC  | Current Rank: 9
[02:07:03] (CheckClassRank)  Current Class: [34780]	(Item) DeathKnight Lord
x282181 AC  | Current Rank: 9
[02:07:04] (CheckClassRank)  Current Class: [34780]	(Item) DeathKnight Lord
x282181 AC  | Current Rank: 9
[02:07:05] (CheckClassRank)  Current Class: [34780]	(Item) DeathKnight Lord
x282181 AC  | Current Rank: 9
[02:07:05] (CheckClassRank)  Current Class: [34780]	(Item) DeathKnight Lord
x282181 AC  | Current Rank: 9
[02:07:06] (CheckClassRank)  Current Class: [34780]	(Item) DeathKnight Lord
x282181 AC  | Current Rank: 9
[02:07:06] (CheckClassRank)  Current Class: [34780]	(Item) DeathKnight Lord
x284911 AC  | Current Rank: 9
[02:07:07] (CheckClassRank)  Current Class: [34780]	(Item) DeathKnight Lord
x287641 AC  | Current Rank: 9
[02:07:08] (CheckClassRank)  Current Class: [34780]	(Item) DeathKnight Lord
x287641 AC  | Current Rank: 9
[02:07:08] (CheckClassRank)  Current Class: [34780]	(Item) DeathKnight Lord
x290371 AC  | Current Rank: 9
[02:07:09] (CheckClassRank)  Current Class: [34780]	(Item) DeathKnight Lord
x290371 AC  | Current Rank: 9
[02:07:09] (CheckClassRank)  Current Class: [34780]	(Item) DeathKnight Lord
x290371 AC  | Current Rank: 9
[02:07:10] (CheckClassRank)  Current Class: [34780]	(Item) DeathKnight Lord
x290371 AC  | Current Rank: 9
[02:07:11] (CheckClassRank)  Current Class: [34780]	(Item) DeathKnight Lord
x290371 AC  | Current Rank: 9
[02:07:11] (CheckClassRank)  Current Class: [34780]	(Item) DeathKnight Lord
x290371 AC  | Current Rank: 9
[02:07:12] (CheckClassRank)  Current Class: [34780]	(Item) DeathKnight Lord
x290371 AC  | Current Rank: 9
[02:07:12] (CheckClassRank)  Current Class: [34780]	(Item) DeathKnight Lord
x290371 AC  | Current Rank: 9
[02:07:13] (CheckClassRank)  Current Class: [34780]	(Item) DeathKnight Lord
x290371 AC  | Current Rank: 9
[02:07:13] (CheckClassRank)  Current Class: [34780]	(Item) DeathKnight Lord
x290371 AC  | Current Rank: 9
[02:07:14] (CheckClassRank)  Current Class: [34780]	(Item) DeathKnight Lord
x290371 AC  | Current Rank: 9
[02:07:15] (CheckClassRank)  Current Class: [34780]	(Item) DeathKnight Lord
x290371 AC  | Current Rank: 9
[02:07:15] (CheckClassRank)  Current Class: [34780]	(Item) DeathKnight Lord
x290371 AC  | Current Rank: 9
[02:07:16] (CheckClassRank)  Current Class: [34780]	(Item) DeathKnight Lord
x293101 AC  | Current Rank: 9
[02:07:16] (CheckClassRank)  Current Class: [34780]	(Item) DeathKnight Lord
x293101 AC  | Current Rank: 9
[02:07:17] (CheckClassRank)  Current Class: [34780]	(Item) DeathKnight Lord
x293101 AC  | Current Rank: 9
[02:07:17] (CheckClassRank)  Current Class: [34780]	(Item) DeathKnight Lord
x293101 AC  | Current Rank: 9
[02:07:18] (CheckClassRank)  Current Class: [34780]	(Item) DeathKnight Lord
x293101 AC  | Current Rank: 9
[02:07:19] (CheckClassRank)  Current Class: [34780]	(Item) DeathKnight Lord
x293101 AC  | Current Rank: 9
[02:07:19] (CheckClassRank)  Current Class: [34780]	(Item) DeathKnight Lord
x293101 AC  | Current Rank: 9
[02:07:20] (CheckClassRank)  Current Class: [34780]	(Item) DeathKnight Lord
x295831 AC  | Current Rank: 9
[02:07:20] (CheckClassRank)  Current Class: [34780]	(Item) DeathKnight Lord
x295831 AC  | Current Rank: 9
[02:07:21] (CheckClassRank)  Current Class: [34780]	(Item) DeathKnight Lord
x295831 AC  | Current Rank: 9
[02:07:22] (CheckClassRank)  Current Class: [34780]	(Item) DeathKnight Lord
x295831 AC  | Current Rank: 9
[02:07:22] (CheckClassRank)  Current Class: [34780]	(Item) DeathKnight Lord
x295831 AC  | Current Rank: 9
[02:07:23] (CheckClassRank)  Current Class: [34780]	(Item) DeathKnight Lord
x298561 AC  | Current Rank: 9
[02:07:23] (CheckClassRank)  Current Class: [34780]	(Item) DeathKnight Lord
x298561 AC  | Current Rank: 9
[02:07:24] (CheckClassRank)  Current Class: [34780]	(Item) DeathKnight Lord
x298561 AC  | Current Rank: 9
[02:07:25] (CheckClassRank)  Current Class: [34780]	(Item) DeathKnight Lord
x298561 AC  | Current Rank: 9
[02:07:25] (CheckClassRank)  Current Class: [34780]	(Item) DeathKnight Lord
x298561 AC  | Current Rank: 9
[02:07:26] (CheckClassRank)  Current Class: [34780]	(Item) DeathKnight Lord
x298561 AC  | Current Rank: 9
[02:07:26] (CheckClassRank)  Current Class: [34780]	(Item) DeathKnight Lord
x298561 AC  | Current Rank: 9
[02:07:27] (CheckClassRank)  Current Class: [34780]	(Item) DeathKnight Lord
x298561 AC  | Current Rank: 9
[02:07:27] (CheckClassRank)  Current Class: [34780]	(Item) DeathKnight Lord
x298561 AC  | Current Rank: 9
[02:07:28] (CheckClassRank)  Current Class: [34780]	(Item) DeathKnight Lord
x298561 AC  | Current Rank: 9
[02:07:29] (CheckClassRank)  Current Class: [34780]	(Item) DeathKnight Lord
x301291 AC  | Current Rank: 9
[02:07:29] (CheckClassRank)  Current Class: [34780]	(Item) DeathKnight Lord
x301291 AC  | Current Rank: 9
[02:07:30] (CheckClassRank)  Current Class: [34780]	(Item) DeathKnight Lord
x302500 AC  | Current Rank: 10
[02:07:34] (RankUpClass)  "DeathKnight Lord" is now Rank 10
[02:07:37] (_Equip)  Equipped item: TimeKeeper (ID: 62123)
[02:07:45] (ToBank)  Item Alpha Omega is already in the bank, skipping
it
[02:07:45] (ToBank)  Item Acolyte is already in the bank, skipping it
[02:07:45] (ToBank)  Item Bard is already in the bank, skipping it
[02:07:46] (ToBank)  Item BeastMaster is already in the bank, skipping
it
[02:07:46] (ToBank)  Item Blood Ancient is already in the bank,
skipping it
[02:07:47] (ToBank)  Item Blood Titan is already in the bank, skipping
it
[02:07:47] (ToBank)  Item Chrono Assassin is already in the bank,
skipping it
[02:07:48] (ToBank)  Item DeathKnight is already in the bank, skipping
it
[02:07:48] (ToBank)  Item DoomKnight is already in the bank, skipping
it
[02:07:49] (ToBank)  Item Drakel Warlord is already in the bank,
skipping it
[02:07:49] (ToBank)  Item Legion DoomKnight is already in the bank,
skipping it
[02:07:49] (ToBank)  Item Legendary Elemental Warrior is already in the
bank, skipping it
[02:07:50] (ToBank)  Item Renegade is already in the bank, skipping it
[02:07:50] (ToBank)  Item UndeadSlayer is already in the bank, skipping
it
[02:07:50] (MemClasses)  === Member Classes - Completed! ===
[02:07:50] (SeasonalClasses)  === Doing Seasonal Classes ===
[02:07:58] (StartBuyAllMerge)  Farming to buy Alpha Pirate (#0/1)
[02:07:59] (StartBuyAllMerge)  Alpha Pirate Class Token [31382] is an external
item (not from this shop), attempting to farm it
from The ingredient list.
[02:07:59] (BuyAllMerge)  "Alpha Pirate Class Token" requires you to have
"Classic Alpha Pirate" which is rare. Skipping
this item.
[02:08:04] (isSeasonalMapActive)  [murdermoon] Seasonal Message: "murdermoon" is not
available.
[02:08:30] (isSeasonalMapActive)  [blackfridaywar] Seasonal Message:
"blackfridaywar" map is locked until event begins.
Get 'Portal to Harvest Event' house item from
/BaseCamp to unlock.
[02:08:48] (GetClass)  This class is only available during the Black
Friday event.
[02:08:58] (ToBank)  Alpha Pirate not found in inventory, skipping it
[02:08:58] (ToBank)  Dark Lord not found in inventory, skipping it
[02:08:59] (ToBank)  Item Evolved Leprechaun is already in the bank,
skipping it
[02:08:59] (ToBank)  Item Exalted Harbinger is already in the bank,
skipping it
[02:09:00] (ToBank)  Item Frostval Barbarian is already in the bank,
skipping it
[02:09:00] (ToBank)  Item Legion SwordMaster Assassin is already in the
bank, skipping it
[02:09:00] (ToBank)  Item Northlands Monk is already in the bank,
skipping it
[02:09:01] (ToBank)  Item Pirate is already in the bank, skipping it
[02:09:01] (ToBank)  Shadow Dragon Shinobi not found in inventory,
skipping it
[02:09:02] (ToBank)  Item Pumpkin Lord is already in the bank, skipping
it
[02:09:02] (ToBank)  Item Vampire Lord is already in the bank, skipping
it
[02:09:02] (SeasonalClasses)  === Seasonal Classes - Completed! ===
[02:09:02] (VariousClasses)  === Doing Various Classes ===
[02:09:04] (RankUpClass)  "Abyssal Angel" is already Rank 10 or you are not
a member and the item is members.
[02:09:12] (parseShopItem)  Item Abyssal Angel Shadow not found in shop 1657.
[02:09:12] (BuyItem)  Failed to find the item with name Abyssal Angel
Shadow in the shop with ID 1657, skipping it
[02:09:15] (isCompletedBefore)  Revive the Encore [9327] completion check [✔]
[02:09:23] (Unbank)  Neo Metal Necro moved from bank
[02:09:24] (RankUpClass)  "Neo Metal Necro" is already Rank 10 or you are
not a member and the item is members.
[02:09:26] (isCompletedBefore)  A Means to an End [6798] completion check [✔]
[02:09:34] (Unbank)  Arch DoomKnight moved from bank
[02:09:43] (Unbank)  Bone Pick moved from bank
[02:09:44] (isCompletedBefore)  VOIDUMINANCE [8380] completion check [❌]
[02:09:44] (PreLoad)  Loading 0 Quests.
[02:09:44] (isCompletedBefore)  The Final Form [7653] completion check [✔]
[02:09:44] (isCompletedBefore)  The Final Form [7653] completion check [✔]
[02:09:44] (isCompletedBefore)  Never Give Up [7636] completion check [✔]
[02:09:44] (isCompletedBefore)  Never Give Up [7636] completion check [✔]
[02:09:44] (isCompletedBefore)  The Final Form [7653] completion check [✔]
[02:09:44] (isCompletedBefore)  SKULLS [8376] completion check [✔]
[02:09:44] (QuestProgression)  Already Completed: [8376] - "SKULLS"
[02:09:44] (isCompletedBefore)  MORE SKULLS [8377] completion check [❌]
[02:09:44] (QuestProgression)  Doing Quest: [8377] - "MORE SKULLS"
[02:09:55] (Unbank)  Screaming Might moved from bank
[02:10:07] (GetItemReq)  Farming reputation for Arcangrove (Required:
202500)
[02:10:11] (BuyItem)  Bought 1 Ancient Skull Blade
[02:10:20] (HuntMonster)  Farming Dracolich Destroyer Scythe (0/1)
[02:12:22] (Unbank)  Boneblade of Gorgorath moved from bank
[02:12:23] (isCompletedBefore)  MORE SKULLS ON THE SKULLS [8378] completion check
[❌]
[02:12:23] (QuestProgression)  Doing Quest: [8378] - "MORE SKULLS ON THE SKULLS"
[02:12:29] (KillEscherion)  Farming Escherion's Robe (0/1)
Staff has respawned!
Staff has respawned!
Staff has respawned!
Staff has respawned!
Staff has respawned!
Staff has respawned!
Staff has respawned!
Staff has respawned!
Staff has respawned!
Staff has respawned!
Staff has respawned!
Staff has respawned!
Staff has respawned!
Staff has respawned!
Staff has respawned!
Staff has respawned!
Staff has respawned!
Staff has respawned!
Staff has respawned!
Staff has respawned!
Staff has respawned!
Staff has respawned!
Staff has respawned!
[02:28:18] (HuntMonster)  Farming Undead Terror Armor (0/1)
[02:47:05] (HuntMonster)  Farming Skulls of the Necromancer (0/1)
[02:52:00] (Unbank)  Dage's Approval moved from bank
[02:52:09] (Unbank)  Dage's Favor moved from bank
[02:52:17] (HuntMonster)  Farming Undead Warrior Bruiser (0/1)
[02:53:27] (_CalcBuyQuantity)  Requirement Undead Warrior Bruiser: needed 1,
current 1
[02:53:27] (_CalcBuyQuantity)  Requirement Dage's Approval: needed 100, current
5000
[02:53:28] (_CalcBuyQuantity)  Requirement Dage's Favor: needed 75, current 132
[02:53:31] (BuyItem)  Bought 1 Undead Warrior Executioner
[02:53:33] (isCompletedBefore)  MORE SKULLS ON THOSE SKULLS [8379] completion
check [❌]
[02:53:33] (QuestProgression)  Doing Quest: [8379] - "MORE SKULLS ON THOSE
SKULLS"
[02:53:43] (Unbank)  Desolich's Skull moved from bank
[02:53:53] (HuntMonster)  Farming Desolich's Skull (1/5)
[03:02:02] (_KillForItem)  Attacking Monster: Undead Raxgore, for Undead
Raxgore's Skull  0/10
Autorelogin triggered.
Waiting 70000ms for relogin.
[03:31:20] (SetOptions)  Script ran for 01:36:47
[03:31:27] (StopBot)  Bot stopped due to Auto-Relogin failure.
[03:31:27] (SetOptions)  Bot Started [Other/Classes/0AllClasses]
[03:31:27] (SetOptions)  Auto Login triggered
[03:31:36] (SetOptions)  [SetOptions] Anti-Lag in CBO is off. Skipping
privacy settings.
[03:31:42] (BankACMisc)  Banking misc AC items [4 items]: "Dage's Favor",
"Dage's Approval", "Undead Raxgore's Skull", "Bone
Pick"
[03:31:47] (ToBank)  Dage's Favor moved to bank.
[03:31:49] (ToBank)  Dage's Approval moved to bank.
[03:31:52] (ToBank)  Undead Raxgore's Skull moved to bank.
[03:31:54] (ToBank)  Bone Pick moved to bank.
[03:31:56] (SetOptions)  Bot Configured
[03:31:56] (MoreClassesToGet)  === Buying `beginner` classes start (will help
with forge enhancements later)===
[03:32:12] (Unbank)  Warrior moved from bank
[03:32:13] (_CalcBuyQuantity)  Cannot buy more Warrior, max stack reached
(302500/1).
[03:32:24] (Unbank)  Mage moved from bank
[03:32:24] (_CalcBuyQuantity)  Cannot buy more Mage, max stack reached
(302500/1).
Script already running.
Relogin was successful.
[03:32:35] (Unbank)  Healer moved from bank
[03:32:36] (_CalcBuyQuantity)  Cannot buy more Healer, max stack reached
(302500/1).
[03:32:46] (Unbank)  Rogue moved from bank
[03:32:47] (_CalcBuyQuantity)  Cannot buy more Rogue, max stack reached
(302500/1).
[03:33:04] (Unbank)  Ninja moved from bank
[03:33:05] (_CalcBuyQuantity)  Cannot buy more Ninja, max stack reached
(302500/1).
[03:33:15] (Unbank)  Barber moved from bank
[03:33:16] (_CalcBuyQuantity)  Cannot buy more Barber, max stack reached
(302500/1).
[03:33:25] (Unbank)  Oracle moved from bank
[03:33:26] (_CalcBuyQuantity)  Cannot buy more Oracle, max stack reached
(302500/1).
[03:33:36] (Unbank)  Battle Warrior moved from bank
[03:33:37] (_CalcBuyQuantity)  Cannot buy more Battle Warrior, max stack reached
(302500/1).
[03:33:46] (Unbank)  Battle Healer moved from bank
[03:33:47] (_CalcBuyQuantity)  Cannot buy more Battle Healer, max stack reached
(302500/1).
[03:33:56] (Unbank)  No Class moved from bank
[03:33:56] (_CalcBuyQuantity)  Cannot buy more No Class, max stack reached
(302500/1).
[03:34:03] (ToBank)  Warrior moved to bank
[03:34:05] (ToBank)  Mage moved to bank
[03:34:07] (ToBank)  Healer moved to bank
[03:34:09] (ToBank)  Rogue moved to bank
[03:34:11] (ToBank)  Ninja moved to bank
[03:34:13] (ToBank)  Barber moved to bank
[03:34:15] (ToBank)  Oracle moved to bank
[03:34:18] (ToBank)  Battle Warrior moved to bank
[03:34:20] (ToBank)  Battle Healer moved to bank
[03:34:22] (ToBank)  No Class moved to bank
[03:34:22] (MoreClassesToGet)  === `beginner` classes - Bought! ===
[03:34:22] (DailyClasses)  === Doing Daily Classes ===
[03:34:27] (ToBank)  Item Blaze Binder is already in the bank, skipping
it
[03:34:28] (ToBank)  Item The Collector is already in the bank,
skipping it
[03:34:28] (ToBank)  Item Cryomancer is already in the bank, skipping
it
[03:34:29] (ToBank)  Death KnightLord not found in inventory, skipping
it
[03:34:29] (ToBank)  Lord of Order not found in inventory, skipping it
[03:34:29] (DailyClasses)  === Daily Classes - Completed! ===
[03:34:29] (RepClasses)  === Doing Reputation Classes ===
[03:34:48] (Unbank)  Royal BattleMage moved from bank
[03:34:57] (ToBank)  Item Arachnomancer is already in the bank,
skipping it
[03:34:57] (ToBank)  Item Darkblood StormKing is already in the bank,
skipping it
[03:34:58] (ToBank)  Item Elemental Dracomancer is already in the bank,
skipping it
[03:34:58] (ToBank)  Item Eternal Inversionist is already in the bank,
skipping it
[03:34:59] (ToBank)  Item Evolved Shaman is already in the bank,
skipping it
[03:34:59] (ToBank)  Item Glacial Berserker is already in the bank,
skipping it
[03:35:00] (ToBank)  Item Horc Evader is already in the bank, skipping
it
[03:35:00] (ToBank)  Item Imperial Chunin is already in the bank,
skipping it
[03:35:00] (ToBank)  Item Lycan is already in the bank, skipping it
[03:35:01] (ToBank)  Item Master Ranger is already in the bank,
skipping it
[03:35:01] (ToBank)  Item Paladin is already in the bank, skipping it
[03:35:03] (ToBank)  Royal BattleMage moved to bank
[03:35:04] (ToBank)  Item Shaman is already in the bank, skipping it
[03:35:04] (ToBank)  Item StoneCrusher is already in the bank, skipping
it
[03:35:05] (ToBank)  Item Thief of Hours is already in the bank,
skipping it
[03:35:05] (ToBank)  Item Troll Spellsmith is already in the bank,
skipping it
[03:35:06] (ToBank)  Item Chaos Slayer Mystic is already in the bank,
skipping it
[03:35:06] (ToBank)  Item Chaos Slayer Berserker is already in the
bank, skipping it
[03:35:07] (ToBank)  Item Chaos Slayer Cleric is already in the bank,
skipping it
[03:35:07] (ToBank)  Item Chaos Slayer Thief is already in the bank,
skipping it
[03:35:07] (RepClasses)  === Reputation Classes - Completed! ===
[03:35:07] (MemClasses)  === Doing Member Classes ===
[03:35:15] (DKL)  DeathKnight Lord class is already owned
[03:35:15] (RankUpClass)  "DeathKnight Lord" is already Rank 10 or you are
not a member and the item is members.
[03:35:23] (ToBank)  Item Alpha Omega is already in the bank, skipping
it
[03:35:23] (ToBank)  Item Acolyte is already in the bank, skipping it
[03:35:23] (ToBank)  Item Bard is already in the bank, skipping it
[03:35:24] (ToBank)  Item BeastMaster is already in the bank, skipping
it
[03:35:24] (ToBank)  Item Blood Ancient is already in the bank,
skipping it
[03:35:25] (ToBank)  Item Blood Titan is already in the bank, skipping
it
[03:35:25] (ToBank)  Item Chrono Assassin is already in the bank,
skipping it
[03:35:26] (ToBank)  Item DeathKnight is already in the bank, skipping
it
[03:35:26] (ToBank)  Item DoomKnight is already in the bank, skipping
it
[03:35:27] (ToBank)  Item Drakel Warlord is already in the bank,
skipping it
[03:35:27] (ToBank)  Item Legion DoomKnight is already in the bank,
skipping it
[03:35:28] (ToBank)  Item Legendary Elemental Warrior is already in the
bank, skipping it
[03:35:28] (ToBank)  Item Renegade is already in the bank, skipping it
[03:35:29] (ToBank)  Item UndeadSlayer is already in the bank, skipping
it
[03:35:29] (MemClasses)  === Member Classes - Completed! ===
[03:35:29] (SeasonalClasses)  === Doing Seasonal Classes ===
[03:35:35] (StartBuyAllMerge)  Farming to buy Alpha Pirate (#0/1)
[03:35:36] (StartBuyAllMerge)  Alpha Pirate Class Token [31382] is an external
item (not from this shop), attempting to farm it
from The ingredient list.
[03:35:37] (BuyAllMerge)  "Alpha Pirate Class Token" requires you to have
"Classic Alpha Pirate" which is rare. Skipping
this item.
[03:35:42] (isSeasonalMapActive)  [murdermoon] Seasonal Message: "murdermoon" is not
available.
[03:36:07] (isSeasonalMapActive)  [blackfridaywar] Seasonal Message:
"blackfridaywar" map is locked until event begins.
Get 'Portal to Harvest Event' house item from
/BaseCamp to unlock.
[03:36:25] (GetClass)  This class is only available during the Black
Friday event.
[03:36:36] (ToBank)  Alpha Pirate not found in inventory, skipping it
[03:36:36] (ToBank)  Dark Lord not found in inventory, skipping it
[03:36:37] (ToBank)  Item Evolved Leprechaun is already in the bank,
skipping it
[03:36:37] (ToBank)  Item Exalted Harbinger is already in the bank,
skipping it
[03:36:37] (ToBank)  Item Frostval Barbarian is already in the bank,
skipping it
[03:36:38] (ToBank)  Item Legion SwordMaster Assassin is already in the
bank, skipping it
[03:36:38] (ToBank)  Item Northlands Monk is already in the bank,
skipping it
[03:36:39] (ToBank)  Item Pirate is already in the bank, skipping it
[03:36:39] (ToBank)  Shadow Dragon Shinobi not found in inventory,
skipping it
[03:36:40] (ToBank)  Item Pumpkin Lord is already in the bank, skipping
it
[03:36:40] (ToBank)  Item Vampire Lord is already in the bank, skipping
it
[03:36:40] (SeasonalClasses)  === Seasonal Classes - Completed! ===
[03:36:40] (VariousClasses)  === Doing Various Classes ===
[03:36:42] (RankUpClass)  "Abyssal Angel" is already Rank 10 or you are not
a member and the item is members.
[03:36:50] (parseShopItem)  Item Abyssal Angel Shadow not found in shop 1657.
[03:36:50] (BuyItem)  Failed to find the item with name Abyssal Angel
Shadow in the shop with ID 1657, skipping it
[03:36:55] (isCompletedBefore)  Revive the Encore [9327] completion check [✔]
[03:36:55] (RankUpClass)  "Neo Metal Necro" is already Rank 10 or you are
not a member and the item is members.
[03:37:00] (isCompletedBefore)  A Means to an End [6798] completion check [✔]
[03:37:08] (Unbank)  Bone Pick moved from bank
[03:37:10] (isCompletedBefore)  VOIDUMINANCE [8380] completion check [❌]
[03:37:11] (PreLoad)  Loading 5 Quests.
[03:37:14] (isCompletedBefore)  The Final Form [7653] completion check [✔]
[03:37:14] (isCompletedBefore)  The Final Form [7653] completion check [✔]
[03:37:16] (isCompletedBefore)  Never Give Up [7636] completion check [✔]
[03:37:16] (isCompletedBefore)  Never Give Up [7636] completion check [✔]
[03:37:16] (isCompletedBefore)  The Final Form [7653] completion check [✔]
[03:37:16] (isCompletedBefore)  SKULLS [8376] completion check [✔]
[03:37:16] (QuestProgression)  Already Completed: [8376] - "SKULLS"
[03:37:16] (isCompletedBefore)  MORE SKULLS [8377] completion check [✔]
[03:37:16] (QuestProgression)  Already Completed: [8377] - "MORE SKULLS"
[03:37:16] (isCompletedBefore)  MORE SKULLS ON THE SKULLS [8378] completion check
[✔]
[03:37:16] (QuestProgression)  Already Completed: [8378] - "MORE SKULLS ON THE
SKULLS"
[03:37:16] (isCompletedBefore)  MORE SKULLS ON THOSE SKULLS [8379] completion
check [❌]
[03:37:16] (QuestProgression)  Doing Quest: [8379] - "MORE SKULLS ON THOSE
SKULLS"
[03:37:26] (Unbank)  Undead Raxgore's Skull moved from bank
[03:37:36] (_KillForItem)  Attacking Monster: Undead Raxgore, for Undead
Raxgore's Skull  4/10
[03:59:12] (HuntMonster)  Farming Legion Lich Lord's Skull (0/15)
[04:00:51] (SetOptions)  Script ran for 00:29:24
[04:00:54] (StopBot)  Bot stopped successfully.
[04:02:21] (SetOptions)  Bot Started [Enhancement/UnlockForgeEnhancements]
[04:02:24] (SetOptions)  [SetOptions] Anti-Lag in CBO is off. Skipping
privacy settings.
[04:02:29] (BankACMisc)  Banking misc AC items [6 items]: "XP Boost! (1
hr)", "CLASS Boost! (1 hr)", "REPUTATION Boost! (1
hr)", "GOLD Boost! (1 hr)", "Bone Pick", "Undead
Raxgore's Skull"
[04:02:35] (ToBank)  XP Boost! (1 hr) moved to bank.
[04:02:37] (ToBank)  CLASS Boost! (1 hr) moved to bank.
[04:02:40] (ToBank)  REPUTATION Boost! (1 hr) moved to bank.
[04:02:42] (ToBank)  GOLD Boost! (1 hr) moved to bank.
[04:02:44] (ToBank)  Bone Pick moved to bank.
[04:02:47] (ToBank)  Undead Raxgore's Skull moved to bank.
[04:02:49] (SetOptions)  Bot Configured
[04:02:49] (ForgeUnlocks)  Selected Forge Weapon Enhancement: Ravenous
[04:02:50] (isCompletedBefore)  Ravenous [9560] completion check [❌]
[04:02:50] (Ravenous)  Unlocking Enhancement: Ravenous
[04:02:52] (isCompletedBefore)  The Fiend Shard's Finale [9559] completion check
[❌]
[04:02:52] (Storyline)  If you're going to use insingias for the roents,
please do so before starting the script, as it
will stop otherwise if dont have them.
[04:02:52] (RankUpClass)  "Void Highlord" is already Rank 10 or you are not
a member and the item is members.
[04:03:00] (Unbank)  Roentgenium of Nulgath moved from bank
[04:03:02] (isCompletedBefore)  Famiglia di Carcano [9552] completion check [✔]
[04:03:11] (StartBuyAllMerge)  Found 0 items to purchase from shop [2410] on map
[voidchasm].
[04:03:14] (Unbank)  Prime Fiend Shard moved from bank
[04:03:16] (isCompletedBefore)  Feed the Fiend Shard [9555] completion check [✔]
[04:03:16] (QuestProgression)  Already Completed: [9555] - "Feed the Fiend Shard"
[04:03:18] (isCompletedBefore)  Grow the Fiend Shard [9556] completion check [✔]
[04:03:18] (QuestProgression)  Already Completed: [9556] - "Grow the Fiend Shard"
[04:03:19] (isCompletedBefore)  Evolve the Fiend Shard [9557] completion check [✔]
[04:03:19] (QuestProgression)  Already Completed: [9557] - "Evolve the Fiend
Shard"
[04:03:21] (isCompletedBefore)  The Fiend Shard's Demand [9558] completion check
[❌]
[04:03:21] (QuestProgression)  Doing Quest: [9558] - "The Fiend Shard's Demand"
[04:03:32] (Unbank)  Doomblade of Destruction moved from bank
[04:03:37] (isCompletedBefore)  Bear Facts [322] completion check [✔]
[04:03:39] (isCompletedBefore)  Follow your Nose! [327] completion check [✔]
[04:03:39] (SkewsQuests)  Farming Void Avenger Scythe.
[04:03:51] (Unbank)  Death Scythe of Nulgath moved from bank
[04:04:01] (Unbank)  Void Aura moved from bank
[04:04:11] (Unbank)  Dark Crystal Shard moved from bank
[04:04:21] (Unbank)  Nulgath's Approval moved from bank
[04:04:34] (Unbank)  Diamond of Nulgath moved from bank
[04:04:43] (Unbank)  Gem of Nulgath moved from bank
[04:04:52] (Unbank)  Totem of Nulgath moved from bank
[04:05:01] (Unbank)  Tainted Gem moved from bank
[04:05:10] (Unbank)  Unidentified 13 moved from bank
[04:05:21] (Unbank)  Emblem of Nulgath moved from bank
[04:05:30] (Unbank)  Bone Dust moved from bank
[04:05:39] (Unbank)  Archfiend's Favor moved from bank
[04:05:51] (JuggItems)  ... Ungodly_Reavers_of_Nulgath ...
[04:05:59] (FarmVoucher)  KeepVoucher set to False
[04:06:04] (Supplies)  if Swindles is enabled, it will only accept the
quest when it has the required Unis it needs
[04:06:04] (Supplies)  Do Return Policy?: True
Sell Voucher of Nulgath:
False
[04:06:04] (Supplies)  Item: Voucher of Nulgath (non-mem) Quantity: 1

UltraAlteon: False
 KeepVoucher: False

AssistantDuring: False
 ReturnItem:
Staff has respawned!
Autorelogin triggered.
Waiting 70000ms for relogin.
[04:07:34] (SetOptions)  Script ran for 00:05:13
[04:07:40] (SetOptions)  Bot Started [Enhancement/UnlockForgeEnhancements]
[04:07:40] (StopBot)  Bot stopped due to Auto-Relogin failure.
[04:08:14] (SetOptions)  Auto Login triggered
[04:08:24] (SetOptions)  [SetOptions] Anti-Lag in CBO is off. Skipping
privacy settings.
[04:08:31] (BankACMisc)  Banking misc AC items [11 items]: "Unidentified
13", "Tainted Gem", "Dark Crystal Shard", "Diamond
of Nulgath", "Totem of Nulgath", "Gem of Nulgath",
"Archfiend's Favor", "Nulgath's Approval", "Void
Aura", "Roentgenium of Nulgath", "DragonRoad Merge
Access Card"
[04:08:36] (ToBank)  Unidentified 13 moved to bank.
[04:08:38] (ToBank)  Tainted Gem moved to bank.
[04:08:40] (ToBank)  Dark Crystal Shard moved to bank.
[04:08:43] (ToBank)  Diamond of Nulgath moved to bank.
Script already running.
Relogin was successful.
[04:08:45] (ToBank)  Totem of Nulgath moved to bank.
[04:08:48] (ToBank)  Gem of Nulgath moved to bank.
[04:08:50] (ToBank)  Archfiend's Favor moved to bank.
[04:08:53] (ToBank)  Nulgath's Approval moved to bank.
[04:08:56] (ToBank)  Void Aura moved to bank.
[04:08:58] (ToBank)  Roentgenium of Nulgath moved to bank.
[04:09:00] (ToBank)  DragonRoad Merge Access Card moved to bank.
[04:09:02] (SetOptions)  Bot Configured
[04:09:02] (ForgeUnlocks)  Selected Forge Weapon Enhancement: Ravenous
[04:09:04] (isCompletedBefore)  Ravenous [9560] completion check [❌]
[04:09:04] (Ravenous)  Unlocking Enhancement: Ravenous
[04:09:05] (isCompletedBefore)  The Fiend Shard's Finale [9559] completion check
[❌]
[04:09:05] (Storyline)  If you're going to use insingias for the roents,
please do so before starting the script, as it
will stop otherwise if dont have them.
[04:09:06] (RankUpClass)  "Void Highlord" is already Rank 10 or you are not
a member and the item is members.
[04:09:14] (Unbank)  Roentgenium of Nulgath moved from bank
[04:09:16] (isCompletedBefore)  Famiglia di Carcano [9552] completion check [✔]
[04:09:25] (StartBuyAllMerge)  Found 0 items to purchase from shop [2410] on map
[voidchasm].
[04:09:27] (isCompletedBefore)  Feed the Fiend Shard [9555] completion check [✔]
[04:09:27] (QuestProgression)  Already Completed: [9555] - "Feed the Fiend Shard"
[04:09:29] (isCompletedBefore)  Grow the Fiend Shard [9556] completion check [✔]
[04:09:29] (QuestProgression)  Already Completed: [9556] - "Grow the Fiend Shard"
[04:09:30] (isCompletedBefore)  Evolve the Fiend Shard [9557] completion check [✔]
[04:09:31] (QuestProgression)  Already Completed: [9557] - "Evolve the Fiend
Shard"
[04:09:32] (isCompletedBefore)  The Fiend Shard's Demand [9558] completion check
[❌]
[04:09:32] (QuestProgression)  Doing Quest: [9558] - "The Fiend Shard's Demand"
[04:09:36] (isCompletedBefore)  Bear Facts [322] completion check [✔]
[04:09:37] (isCompletedBefore)  Follow your Nose! [327] completion check [✔]
[04:09:38] (SkewsQuests)  Farming Void Avenger Scythe.
[04:09:51] (Unbank)  Dark Crystal Shard moved from bank
[04:10:00] (Unbank)  Diamond of Nulgath moved from bank
[04:10:09] (Unbank)  Gem of Nulgath moved from bank
[04:10:18] (Unbank)  Totem of Nulgath moved from bank
[04:10:26] (Unbank)  Tainted Gem moved from bank
[04:10:35] (Unbank)  Unidentified 13 moved from bank
[04:10:47] (Unbank)  Nulgath's Approval moved from bank
[04:10:56] (Unbank)  Archfiend's Favor moved from bank
[04:11:07] (JuggItems)  ... Ungodly_Reavers_of_Nulgath ...
[04:11:10] (FarmVoucher)  KeepVoucher set to False
[04:11:15] (Supplies)  if Swindles is enabled, it will only accept the
quest when it has the required Unis it needs
[04:11:15] (Supplies)  Do Return Policy?: True
Sell Voucher of Nulgath:
False
[04:11:15] (Supplies)  Item: Voucher of Nulgath (non-mem) Quantity: 1

UltraAlteon: False
 KeepVoucher: False

AssistantDuring: False
 ReturnItem:
Staff has respawned!
Staff has respawned!
Staff has respawned!
Staff has respawned!
Staff has respawned!
Staff has respawned!
Staff has respawned!
Staff has respawned!
Staff has respawned!
Staff has respawned!
Staff has respawned!
Staff has respawned!
Staff has respawned!
Staff has respawned!
Staff has respawned!
Staff has respawned!
[12:18:54] (SetOptions)  Script ran for 08:11:13
[12:18:56] (StopBot)  Bot stopped successfully.
[12:19:00] (SetOptions)  Bot Started [Enhancement/UnlockForgeEnhancements]
[12:19:03] (SetOptions)  [SetOptions] Anti-Lag in CBO is off. Skipping
privacy settings.
[12:19:08] (BankACMisc)  Banking misc AC items [9 items]: "Roentgenium of
Nulgath", "Dark Crystal Shard", "Diamond of
Nulgath", "Gem of Nulgath", "Totem of Nulgath",
"Tainted Gem", "Unidentified 13", "Nulgath's
Approval", "Archfiend's Favor"
[12:19:11] (ToBank)  Roentgenium of Nulgath moved to bank.
[12:19:13] (ToBank)  Dark Crystal Shard moved to bank.
[12:19:16] (ToBank)  Diamond of Nulgath moved to bank.
[12:19:18] (ToBank)  Gem of Nulgath moved to bank.
[12:19:21] (ToBank)  Totem of Nulgath moved to bank.
[12:19:23] (ToBank)  Tainted Gem moved to bank.
[12:19:26] (ToBank)  Unidentified 13 moved to bank.
[12:19:28] (ToBank)  Nulgath's Approval moved to bank.
[12:19:31] (ToBank)  Archfiend's Favor moved to bank.
[12:19:34] (_Equip)  Equipped item: Head of the Legion Beast (ID:
60038)
[12:19:38] (_Equip)  Equipped item: Enchanted Eternal Flame (ID: 33210)
[12:19:41] (_Equip)  Equipped item: Hollowborn Sword of Doom (ID:
65845)
[12:19:45] (_Equip)  Equipped item: Arcana Invoker (ID: 85252)
[12:19:48] (SetOptions)  Bot Configured
[12:19:48] (ForgeUnlocks)  Selected Forge Weapon Enhancement: Ravenous
[12:19:48] (isCompletedBefore)  Ravenous [9560] completion check [❌]
[12:19:48] (Ravenous)  Unlocking Enhancement: Ravenous
[12:19:48] (isCompletedBefore)  The Fiend Shard's Finale [9559] completion check
[❌]
[12:19:48] (Storyline)  If you're going to use insingias for the roents,
please do so before starting the script, as it
will stop otherwise if dont have them.
[12:19:48] (RankUpClass)  "Void Highlord" is already Rank 10 or you are not
a member and the item is members.
[12:19:57] (Unbank)  Roentgenium of Nulgath moved from bank
[12:19:57] (isCompletedBefore)  Famiglia di Carcano [9552] completion check [✔]
[12:20:04] (StartBuyAllMerge)  Found 0 items to purchase from shop [2410] on map
[voidchasm].
[12:20:04] (isCompletedBefore)  Feed the Fiend Shard [9555] completion check [✔]
[12:20:04] (QuestProgression)  Already Completed: [9555] - "Feed the Fiend Shard"
[12:20:05] (isCompletedBefore)  Grow the Fiend Shard [9556] completion check [✔]
[12:20:05] (QuestProgression)  Already Completed: [9556] - "Grow the Fiend Shard"
[12:20:05] (isCompletedBefore)  Evolve the Fiend Shard [9557] completion check [✔]
[12:20:05] (QuestProgression)  Already Completed: [9557] - "Evolve the Fiend
Shard"
[12:20:05] (isCompletedBefore)  The Fiend Shard's Demand [9558] completion check
[❌]
[12:20:05] (QuestProgression)  Doing Quest: [9558] - "The Fiend Shard's Demand"
[12:20:06] (isCompletedBefore)  Bear Facts [322] completion check [✔]
[12:20:06] (isCompletedBefore)  Follow your Nose! [327] completion check [✔]
[12:20:07] (SkewsQuests)  Farming Void Avenger Scythe.
[12:20:18] (Unbank)  Dark Crystal Shard moved from bank
[12:20:27] (Unbank)  Diamond of Nulgath moved from bank
[12:20:36] (Unbank)  Gem of Nulgath moved from bank
[12:20:44] (Unbank)  Totem of Nulgath moved from bank
[12:20:52] (Unbank)  Tainted Gem moved from bank
[12:21:01] (Unbank)  Unidentified 13 moved from bank
[12:21:13] (Unbank)  Nulgath's Approval moved from bank
[12:21:21] (Unbank)  Archfiend's Favor moved from bank
[12:21:32] (JuggItems)  ... Ungodly_Reavers_of_Nulgath ...
[12:21:34] (FarmVoucher)  KeepVoucher set to False
[12:21:38] (Supplies)  if Swindles is enabled, it will only accept the
quest when it has the required Unis it needs
[12:21:38] (Supplies)  Do Return Policy?: True
Sell Voucher of Nulgath:
False
[12:21:38] (Supplies)  Item: Voucher of Nulgath (non-mem) Quantity: 1

UltraAlteon: False
 KeepVoucher: False

AssistantDuring: False
 ReturnItem:
Staff has respawned!
Staff has respawned!
Staff has respawned!
Staff has respawned!
Staff has respawned!
Staff has respawned!
Staff has respawned!
Staff has respawned!
Staff has respawned!
Staff has respawned!
Staff has respawned!
Staff has respawned!
Staff has respawned!
Staff has respawned!
Staff has respawned!
Staff has respawned!
Staff has respawned!
Staff has respawned!
Staff has respawned!
Staff has respawned!
Staff has respawned!
Staff has respawned!
[12:27:08] (KillEscherion)  Completing with: Receipt of Swindle [ID: 57446]
[12:27:23] (HuntMonster)  Farming Undead Bruiser Rune (0/1)
[12:27:41] (HuntMonster)  Farming Scythe of Sisyphean (0/1)
[12:28:00] (HuntMonster)  Farming Heart of the Void (0/1)
[12:29:29] (HuntMonster)  Farming The Scythe of Eternal Rest (0/1)
[12:30:42] (ApprovalAndFavor)  Farming Nulgath's Approval (548/1000)
[12:30:42] (ApprovalAndFavor)  Farming Archfiend's Favor (167/0)
[12:36:57] (SetOptions)  Script ran for 00:17:57
[12:37:03] (StopBot)  Bot stopped successfully.
[12:37:17] (SetOptions)  Bot Started [Tools/BankAllItems]
[12:37:17] (SetOptions)  [SetOptions] Anti-Lag in CBO is off. Skipping
privacy settings.
[12:37:22] (BankACMisc)  Banking misc AC items [11 items]: "Roentgenium of
Nulgath", "Dark Crystal Shard", "Diamond of
Nulgath", "Gem of Nulgath", "Totem of Nulgath",
"Tainted Gem", "Unidentified 13", "Nulgath's
Approval", "Archfiend's Favor", "Essence of
Nulgath", "Sepulchure's Legion Badge"
[12:37:28] (ToBank)  Roentgenium of Nulgath moved to bank.
[12:37:31] (ToBank)  Dark Crystal Shard moved to bank.
[12:37:33] (ToBank)  Diamond of Nulgath moved to bank.
[12:37:36] (ToBank)  Gem of Nulgath moved to bank.
[12:37:38] (ToBank)  Totem of Nulgath moved to bank.
[12:37:41] (ToBank)  Tainted Gem moved to bank.
[12:37:43] (ToBank)  Unidentified 13 moved to bank.
[12:37:46] (ToBank)  Nulgath's Approval moved to bank.
[12:37:48] (ToBank)  Archfiend's Favor moved to bank.
[12:37:50] (ToBank)  Essence of Nulgath moved to bank.
[12:37:53] (ToBank)  Sepulchure's Legion Badge moved to bank.
[12:38:00] (_Equip)  Equipped item: Enchanted Eternal Flame (ID: 33210)
[12:38:03] (_Equip)  Equipped item: Hollowborn Sword of Doom (ID:
65845)
[12:38:07] (_Equip)  Equipped item: Arcana Invoker (ID: 85252)
[12:38:09] (SetOptions)  Bot Configured
[12:38:13] (BankAll)  [83x Bag Spaces used] BlackList: StoneCrusher,
Awescended Omni Cowl, Awescended Omni Wings,
Formal Eternal Locks, Necrotic Sword of Doom, Dual
Necrotic Sword of Doom, Dual Unarmed, Unarmed,
Awescended, Head of the Legion Beast, ArchPaladin,
Void Highlord, Lord Of Order, Legion Revenant,
Polly Roger, Dragon of Time, Dark Legendary Hero,
Arata Gamer Gear, Cloaked Deathwalker, Fire
Champion's Armor, Inked Ao Tsuki, Orochi
Blademaster, So's Student Uniform, Amethyst
Akiba-kei Outfit, Party Night Visage, Abaddon
Desolation Katana, Dual Caladbolgs, Soul Fire
Fists, Oblivion Bank Pet, Shogun Paragon Pet,
Legion Evocator Flames, Mithril PvP Amulet +15000,
Snowy Caroler, TimeKeeper, Quantum Chronomancer,
Frigid Wolf Blades, Runic Poleaxe of Kheimon,
Vindicator Of They, Pixel Ronin Streetwear,
Permafrost Enchanter Claws, ArchFiend, Archfiend
DeathLord, Deathwalker Locks, Cursed Locks, Ebil
Administrator's Buns, Formal Eternal Dragon's
Locks, Legion DoomKnight, Verus DoomKnight,
Abyssal Angel, Infinity Titan, WitchBlade,
Enlightened Occult Club, Enchanted Nation
Ritualist's Sigil, Underworld Painsaw Gauntlets,
Abaddon Penumbra Blades, Legion Beast Carver and
Shield, Classic Exalted Soul Cleaver, Dark Ultra
OmniNight, DarkFrost Dragon Guardian, Deathwalker
Fall, Enchanted Eternal Flame, Eternal Underworld
Flame, Wandering Onryo Flames, Formal Party
Outfit, Ao Tsuki Hair, Divine Sunstreaker Locks,
Divine Sunstreaker Hair, Orochi Blademaster's
Locks, Summer Waves, Coastal Raider, Hollowborn
Sword of Doom, Pirate Ninja, Underworld Lich,
Coastal Raider's Battlescarred Morph, Brabos
Encantados, LightCaster, Dual PainSaw of Eidolon,
Frostval Barbarian, Dark Guise of Nulgath, Golden
Dragon Guard's Locks, BrightBlade Shoulder Cloth,
Drowned Soul, Dual Mammoth Crusher Blade, Awakened
Fiend Poleaxe, Sheathed Orochi Wakizashi, Dark
Dragon Defender, Mystic Witch Caster, Coastal
Raider's Battlescarred Visage, Dragonsworn Morph
Locks, ShadowFlame Knuckle Sword, Abyssal Angel
Naval Commander, Debris Naval Commander, Black
Peasant Rags 13, Abaddon Desolation Katanas,
Awakened Titan Blade, Obsidian Mirror Caladbolg,
Parasitic Decay Blades, Cyber Soul Reaper,
NightStalker's Spear, Higure, Hollowborn Reaper's
Scythe, Burning Blade, Burning Blade Of Abezeth,
Blinding Light of Destiny, Ascended Dragon of Time
Runes, Ascended Dragon of Time Wings, Cape of Awe,
Dragon of Time Runes, Dragon of Time Tail, Dragon
of Time Wings, Dragon of Time Helm, Dragon of Time
Horns, Dragon of Time Horns + Ponytail, Dragon of
Time Ponytail, Makai Transformed Hoodie, Makai Fan
Hood + Locks, Archfiend's Spikes, Eternity Blade,
Mirror of Makai, Runes Of Time, Scroll of Enrage,
Arcana Invoker, Treasure Potion
[12:38:15] (ToBank)  Bone Dust moved to bank.
[12:38:18] (ToBank)  Death Scythe of Nulgath moved to bank.
[12:38:21] (ToBank)  Emblem of Nulgath moved to bank.
[12:38:24] (ToBank)  DeathKnight Lord moved to bank.
[12:38:27] (ToBank)  Doomblade of Destruction moved to bank.
[12:38:29] (ToBank)  Abyssal Angel's Shadow moved to bank.
[12:38:32] (ToBank)  Arch DoomKnight moved to bank.
[12:38:35] (ToBank)  Neo Metal Necro moved to bank.
[12:38:37] (ToBank)  Raxgore's Axe moved to bank.
[12:38:40] (ToBank)  Dark Caster Star Sword moved to bank.
[12:38:43] (ToBank)  Binky's Star Slasher moved to bank.
[12:38:45] (ToBank)  Stealth Ops Briefcase moved to bank.
[12:38:48] (ToBank)  Ungodly Reavers of Nulgath moved to bank.
[12:38:51] (ToBank)  Dread Knight Cleaver moved to bank.
[12:38:51] (BankAll)  Inventory Items: ✅
[12:38:52] (ToHouseBank)  70184 moved to house bank
[12:38:52] (BankAll)  House Items: ✅
[12:38:53] (SetOptions)  Script ran for 00:01:36
[12:38:56] (_Equip)  Equipped item: Dragon of Time (ID: 56722)
[12:38:58] (_Equip)  Equipped item: Ebil Administrator's Buns (ID:
73762)
[12:39:01] (_Equip)  Equipped item: Cape of Awe (ID: 29375)
[12:39:04] (_Equip)  Equipped item: Necrotic Sword of Doom (ID: 30629)
[12:39:06] (_Equip)  Equipped item: Awescended Omni Cowl (ID: 58190)
[12:39:09] (_Equip)  Equipped item: TimeKeeper (ID: 62123)
[12:39:11] (_Equip)  Equipped item: Head of the Legion Beast (ID:
60038)
[12:39:12] (StopBot)  Bot stopped successfully.
[12:39:59] (SetOptions)  Bot Started [Enhancement/UnlockForgeEnhancements]
[12:40:02] (SetOptions)  [SetOptions] Anti-Lag in CBO is off. Skipping
privacy settings.
[12:40:14] (_Equip)  Equipped item: Enchanted Eternal Flame (ID: 33210)
[12:40:17] (_Equip)  Equipped item: Hollowborn Sword of Doom (ID:
65845)
[12:40:22] (_Equip)  Equipped item: Arcana Invoker (ID: 85252)
[12:40:24] (SetOptions)  Bot Configured
[12:40:24] (ForgeUnlocks)  Selected Forge Weapon Enhancement: Ravenous
[12:40:24] (isCompletedBefore)  Ravenous [9560] completion check [❌]
[12:40:24] (Ravenous)  Unlocking Enhancement: Ravenous
[12:40:24] (isCompletedBefore)  The Fiend Shard's Finale [9559] completion check
[❌]
[12:40:24] (Storyline)  If you're going to use insingias for the roents,
please do so before starting the script, as it
will stop otherwise if dont have them.
[12:40:24] (RankUpClass)  "Void Highlord" is already Rank 10 or you are not
a member and the item is members.
[12:40:33] (Unbank)  Roentgenium of Nulgath moved from bank
[12:40:33] (isCompletedBefore)  Famiglia di Carcano [9552] completion check [✔]
[12:40:40] (StartBuyAllMerge)  Found 0 items to purchase from shop [2410] on map
[voidchasm].
[12:40:43] (Unbank)  Prime Fiend Shard moved from bank
[12:40:43] (isCompletedBefore)  Feed the Fiend Shard [9555] completion check [✔]
[12:40:43] (QuestProgression)  Already Completed: [9555] - "Feed the Fiend Shard"
[12:40:43] (isCompletedBefore)  Grow the Fiend Shard [9556] completion check [✔]
[12:40:43] (QuestProgression)  Already Completed: [9556] - "Grow the Fiend Shard"
[12:40:43] (isCompletedBefore)  Evolve the Fiend Shard [9557] completion check [✔]
[12:40:43] (QuestProgression)  Already Completed: [9557] - "Evolve the Fiend
Shard"
[12:40:43] (isCompletedBefore)  The Fiend Shard's Demand [9558] completion check
[❌]
[12:40:43] (QuestProgression)  Doing Quest: [9558] - "The Fiend Shard's Demand"
[12:40:45] (isCompletedBefore)  Bear Facts [322] completion check [✔]
[12:40:45] (isCompletedBefore)  Follow your Nose! [327] completion check [✔]
[12:40:46] (SkewsQuests)  Farming Void Avenger Scythe.
[12:40:57] (Unbank)  Dark Crystal Shard moved from bank
[12:41:06] (Unbank)  Death Scythe of Nulgath moved from bank
[12:41:15] (Unbank)  Diamond of Nulgath moved from bank
[12:41:23] (Unbank)  Gem of Nulgath moved from bank
[12:41:32] (Unbank)  Totem of Nulgath moved from bank
[12:41:40] (Unbank)  Tainted Gem moved from bank
[12:41:49] (Unbank)  Unidentified 13 moved from bank
[12:41:59] (Unbank)  Essence of Nulgath moved from bank
[12:42:08] (Unbank)  Emblem of Nulgath moved from bank
[12:42:17] (Unbank)  Bone Dust moved from bank
[12:42:26] (Unbank)  Nulgath's Approval moved from bank
[12:42:34] (Unbank)  Archfiend's Favor moved from bank
[12:42:44] (Unbank)  Ungodly Reavers of Nulgath moved from bank
[12:42:59] (ApprovalAndFavor)  Farming Nulgath's Approval (735/1000)
[12:42:59] (ApprovalAndFavor)  Farming Archfiend's Favor (326/0)
[12:52:05] (HuntMonster)  Farming Dracolich Destroyer Scythe (0/1)
[12:53:10] (Unbank)  Void Aura moved from bank
[12:53:21] (HuntMonster)  Farming Letter from Asuka and Tendou (0/1)
[12:53:47] (Unbank)  Doomblade of Destruction moved from bank
[12:53:49] (isCompletedBefore)  It Calls to You [7900] completion check [✔]
[12:53:49] (GetArm)  Section: AFDL2 (Archfiend DeathLord)
[12:53:49] (GetArm)  Farming Archfiend DeathLord (0/1)
[12:53:56] (FarmContractExchage)  Missing "Drudgen the Assistant"
[12:54:07] (Unbank)  Hydra Scale Piece moved from bank
[12:54:12] (BloodyChaos)  Farming Blood Gem of the Archfiend (10/20)
[12:54:29] (KillVath)  Killing Vath for Shattered Legendary Sword of
Dragon Control (0/1) [Temp = False]
[12:55:21] (HuntMonster)  Farming Hydra Scale Piece (10/200)
[12:59:57] (KillEscherion)  Farming Escherion's Helm (0/1)
Staff has respawned!
Staff has respawned!
[13:00:48] (KillVath)  Killing Vath for Shattered Legendary Sword of
Dragon Control (0/1) [Temp = False]
[13:01:47] (HuntMonster)  Farming Hydra Scale Piece (9/200)
[13:06:37] (KillVath)  Killing Vath for Shattered Legendary Sword of
Dragon Control (0/1) [Temp = False]
[13:07:27] (HuntMonster)  Farming Hydra Scale Piece (0/200)
[13:17:01] (KillEscherion)  Farming Escherion's Helm (0/1)
Staff has respawned!
Staff has respawned!
Staff has respawned!
Staff has respawned!
Staff has respawned!
Staff has respawned!
[13:18:53] (KillVath)  Killing Vath for Shattered Legendary Sword of
Dragon Control (0/1) [Temp = False]
[13:19:10] (HuntMonster)  Farming Hydra Scale Piece (4/200)
[13:25:39] (Supplies)  if Swindles is enabled, it will only accept the
quest when it has the required Unis it needs
[13:25:39] (Supplies)  Do Return Policy?: True
Sell Voucher of Nulgath:
False
[13:25:39] (Supplies)  Item: Unidentified 13 Quantity: 5
 UltraAlteon:
False
 KeepVoucher: False
 AssistantDuring: False

ReturnItem:
Staff has respawned!
Staff has respawned!
Staff has respawned!
Staff has respawned!
Staff has respawned!
Staff has respawned!
Staff has respawned!
Staff has respawned!
Staff has respawned!
Staff has respawned!
Staff has respawned!
Staff has respawned!
Staff has respawned!
Staff has respawned!
Staff has respawned!
Staff has respawned!
Staff has respawned!
Staff has respawned!
Staff has respawned!
Staff has respawned!
Staff has respawned!
Staff has respawned!
Staff has respawned!
Staff has respawned!
Staff has respawned!
Staff has respawned!
Staff has respawned!
Staff has respawned!
Staff has respawned!
Staff has respawned!
Staff has respawned!
Staff has respawned!
Staff has respawned!
Staff has respawned!
Staff has respawned!
Staff has respawned!
Staff has respawned!
Staff has respawned!
Staff has respawned!
Staff has respawned!
Staff has respawned!
Staff has respawned!
Staff has respawned!
Staff has respawned!
Staff has respawned!
Staff has respawned!
Staff has respawned!
Staff has respawned!
Staff has respawned!
Staff has respawned!
Staff has respawned!
Staff has respawned!
Staff has respawned!
Staff has respawned!
Staff has respawned!
Staff has respawned!
Staff has respawned!
Staff has respawned!
Staff has respawned!
Staff has respawned!
Staff has respawned!
Staff has respawned!
Staff has respawned!
Staff has respawned!
Staff has respawned!
Staff has respawned!
Staff has respawned!
Staff has respawned!
Staff has respawned!
Staff has respawned!
Staff has respawned!
Staff has respawned!
Staff has respawned!
Staff has respawned!
Staff has respawned!
Staff has respawned!
Staff has respawned!
Staff has respawned!
Staff has respawned!
Staff has respawned!
Staff has respawned!
Staff has respawned!
Staff has respawned!
Staff has respawned!
Staff has respawned!
Staff has respawned!
Staff has respawned!
Staff has respawned!
Staff has respawned!
Staff has respawned!
Staff has respawned!
Staff has respawned!
Staff has respawned!
Staff has respawned!
Staff has respawned!
Staff has respawned!
Staff has respawned!
Staff has respawned!
Staff has respawned!
Staff has respawned!
Staff has respawned!
Staff has respawned!
Staff has respawned!
Staff has respawned!
Staff has respawned!
Staff has respawned!
Staff has respawned!
Staff has respawned!
Staff has respawned!
Staff has respawned!
Staff has respawned!
Staff has respawned!
Staff has respawned!
Staff has respawned!
Staff has respawned!
Staff has respawned!
Staff has respawned!
Staff has respawned!
Staff has respawned!
Staff has respawned!
Staff has respawned!
Staff has respawned!
Staff has respawned!
Staff has respawned!
Staff has respawned!
Staff has respawned!
Staff has respawned!
Staff has respawned!
Staff has respawned!
Staff has respawned!
Staff has respawned!
Staff has respawned!
Staff has respawned!
Staff has respawned!
Staff has respawned!
Staff has respawned!
Staff has respawned!
Staff has respawned!
Staff has respawned!
Staff has respawned!
Staff has respawned!
Staff has respawned!
Staff has respawned!
Staff has respawned!
[13:58:14] (Unidentified34)  Farming Unidentified 34 (4/10)
[13:58:35] (Unbank)  Chaoroot moved from bank
[13:58:45] (Unbank)  SightBlinder Axes of Nulgath moved from bank
[13:59:17] (GetItemReq)  Farming reputation for Evil (Required: 302500)
[13:59:21] (BuyItem)  Bought 1 Shadow Lich
[13:59:34] (GetItemReq)  Farming reputation for Arcangrove (Required:
78400)
[13:59:38] (BuyItem)  Bought 1 Mystic Tribal Sword
[14:00:00] (_CalcBuyQuantity)  Requirement Receipt of Swindle: needed 1, current
46
[14:00:03] (BuyItem)  Bought 10 Doomatter
[14:00:21] (_CalcBuyQuantity)  Requirement Archfiend's Favor: needed 35, current
543
[14:00:23] (BuyItem)  Bought 1 Mortality Cape of Revontheus
[14:00:43] (HuntMonster)  Farming Golden Shadow Breaker (0/1)
[14:03:02] (HuntMonster)  Farming Shadow Terror Axe (0/1)
[14:04:15] (EssenceofNulgath)  Farming Essence of Nulgath (4/10)
[14:05:23] (SetOptions)  Script ran for 01:25:23
[14:05:26] (_Equip)  Equipped item: Cape of Awe (ID: 29375)
[14:05:29] (_Equip)  Equipped item: TimeKeeper (ID: 62123)
[14:05:30] (StopBot)  Bot stopped successfully.
[14:06:08] (SetOptions)  Bot Started [Tools/BankAllItems]
[14:06:09] (SetOptions)  [SetOptions] Anti-Lag in CBO is off. Skipping
privacy settings.
[14:06:14] (BankACMisc)  Banking misc AC items [13 items]: "Roentgenium of
Nulgath", "Dark Crystal Shard", "Diamond of
Nulgath", "Gem of Nulgath", "Totem of Nulgath",
"Tainted Gem", "Unidentified 13", "Essence of
Nulgath", "Nulgath's Approval", "Archfiend's
Favor", "Void Aura", "Blood Gem of the Archfiend",
"Hydra Scale Piece"
[14:06:20] (ToBank)  Roentgenium of Nulgath moved to bank.
[14:06:23] (ToBank)  Dark Crystal Shard moved to bank.
[14:06:25] (ToBank)  Diamond of Nulgath moved to bank.
[14:06:27] (ToBank)  Gem of Nulgath moved to bank.
[14:06:30] (ToBank)  Totem of Nulgath moved to bank.
[14:06:32] (ToBank)  Tainted Gem moved to bank.
[14:06:34] (ToBank)  Unidentified 13 moved to bank.
[14:06:36] (ToBank)  Essence of Nulgath moved to bank.
[14:06:38] (ToBank)  Nulgath's Approval moved to bank.
[14:06:41] (ToBank)  Archfiend's Favor moved to bank.
[14:06:43] (ToBank)  Void Aura moved to bank.
[14:06:45] (ToBank)  Blood Gem of the Archfiend moved to bank.
[14:06:47] (ToBank)  Hydra Scale Piece moved to bank.
[14:06:51] (_Equip)  Equipped item: Head of the Legion Beast (ID:
60038)
[14:06:54] (_Equip)  Equipped item: Enchanted Eternal Flame (ID: 33210)
[14:06:58] (_Equip)  Equipped item: Hollowborn Sword of Doom (ID:
65845)
[14:07:02] (_Equip)  Equipped item: Arcana Invoker (ID: 85252)
[14:07:04] (SetOptions)  Bot Configured
[14:07:07] (BankAll)  [81x Bag Spaces used] BlackList: StoneCrusher,
Awescended Omni Cowl, Awescended Omni Wings,
Formal Eternal Locks, Necrotic Sword of Doom, Dual
Necrotic Sword of Doom, Dual Unarmed, Unarmed,
Awescended, Head of the Legion Beast, ArchPaladin,
Void Highlord, Lord Of Order, Legion Revenant,
Polly Roger, Dragon of Time, Dark Legendary Hero,
Arata Gamer Gear, Cloaked Deathwalker, Fire
Champion's Armor, Inked Ao Tsuki, Orochi
Blademaster, So's Student Uniform, Amethyst
Akiba-kei Outfit, Party Night Visage, Abaddon
Desolation Katana, Dual Caladbolgs, Soul Fire
Fists, Oblivion Bank Pet, Shogun Paragon Pet,
Legion Evocator Flames, Mithril PvP Amulet +15000,
Snowy Caroler, TimeKeeper, Quantum Chronomancer,
Frigid Wolf Blades, Runic Poleaxe of Kheimon,
Vindicator Of They, Pixel Ronin Streetwear,
Permafrost Enchanter Claws, ArchFiend, Archfiend
DeathLord, Deathwalker Locks, Cursed Locks, Ebil
Administrator's Buns, Formal Eternal Dragon's
Locks, Legion DoomKnight, Verus DoomKnight,
Abyssal Angel, Infinity Titan, WitchBlade,
Enlightened Occult Club, Enchanted Nation
Ritualist's Sigil, Underworld Painsaw Gauntlets,
Abaddon Penumbra Blades, Legion Beast Carver and
Shield, Classic Exalted Soul Cleaver, Dark Ultra
OmniNight, DarkFrost Dragon Guardian, Deathwalker
Fall, Enchanted Eternal Flame, Eternal Underworld
Flame, Wandering Onryo Flames, Formal Party
Outfit, Ao Tsuki Hair, Divine Sunstreaker Locks,
Divine Sunstreaker Hair, Orochi Blademaster's
Locks, Summer Waves, Coastal Raider, Hollowborn
Sword of Doom, Pirate Ninja, Underworld Lich,
Coastal Raider's Battlescarred Morph, Brabos
Encantados, LightCaster, Dual PainSaw of Eidolon,
Frostval Barbarian, Dark Guise of Nulgath, Golden
Dragon Guard's Locks, BrightBlade Shoulder Cloth,
Drowned Soul, Dual Mammoth Crusher Blade, Awakened
Fiend Poleaxe, Sheathed Orochi Wakizashi, Dark
Dragon Defender, Mystic Witch Caster, Coastal
Raider's Battlescarred Visage, Dragonsworn Morph
Locks, ShadowFlame Knuckle Sword, Abyssal Angel
Naval Commander, Debris Naval Commander, Black
Peasant Rags 13, Abaddon Desolation Katanas,
Awakened Titan Blade, Obsidian Mirror Caladbolg,
Parasitic Decay Blades, Cyber Soul Reaper,
NightStalker's Spear, Higure, Hollowborn Reaper's
Scythe, Burning Blade, Burning Blade Of Abezeth,
Blinding Light of Destiny, Ascended Dragon of Time
Runes, Ascended Dragon of Time Wings, Cape of Awe,
Dragon of Time Runes, Dragon of Time Tail, Dragon
of Time Wings, Dragon of Time Helm, Dragon of Time
Horns, Dragon of Time Horns + Ponytail, Dragon of
Time Ponytail, Makai Transformed Hoodie, Makai Fan
Hood + Locks, Archfiend's Spikes, Eternity Blade,
Mirror of Makai, Runes Of Time, Scroll of Enrage,
Arcana Invoker, Treasure Potion
[14:07:10] (ToBank)  Emblem of Nulgath moved to bank.
[14:07:12] (ToBank)  Bone Dust moved to bank.
[14:07:14] (ToBank)  Void Avenger Scythe moved to bank.
[14:07:17] (ToBank)  Doomblade of Destruction moved to bank.
[14:07:17] (BankAll)  Inventory Items: ✅
[14:07:18] (ToHouseBank)  70184 moved to house bank
[14:07:18] (BankAll)  House Items: ✅
[14:07:18] (SetOptions)  Script ran for 00:01:09
[14:07:21] (_Equip)  Equipped item: Dragon of Time (ID: 56722)
[14:07:24] (_Equip)  Equipped item: Ebil Administrator's Buns (ID:
73762)
[14:07:26] (_Equip)  Equipped item: Cape of Awe (ID: 29375)
[14:07:29] (_Equip)  Equipped item: Necrotic Sword of Doom (ID: 30629)
[14:07:32] (_Equip)  Equipped item: Awescended Omni Cowl (ID: 58190)
[14:07:34] (_Equip)  Equipped item: TimeKeeper (ID: 62123)
[14:07:37] (_Equip)  Equipped item: Head of the Legion Beast (ID:
60038)
[14:07:40] (_Equip)  Equipped item: Awescended Omni Cowl (ID: 58190)
[14:07:41] (StopBot)  Bot stopped successfully.
[14:08:29] (SetOptions)  Bot Started [Enhancement/UnlockForgeEnhancements]
[14:08:32] (SetOptions)  [SetOptions] Anti-Lag in CBO is off. Skipping
privacy settings.
[14:08:41] (_Equip)  Equipped item: Head of the Legion Beast (ID:
60038)
[14:08:45] (_Equip)  Equipped item: Enchanted Eternal Flame (ID: 33210)
[14:08:48] (_Equip)  Equipped item: Hollowborn Sword of Doom (ID:
65845)
[14:08:53] (_Equip)  Equipped item: Arcana Invoker (ID: 85252)
[14:08:55] (SetOptions)  Bot Configured
[14:08:55] (ForgeUnlocks)  Selected Forge Weapon Enhancement: Ravenous
[14:08:55] (isCompletedBefore)  Ravenous [9560] completion check [❌]
[14:08:55] (Ravenous)  Unlocking Enhancement: Ravenous
[14:08:55] (isCompletedBefore)  The Fiend Shard's Finale [9559] completion check
[❌]
[14:08:55] (Storyline)  If you're going to use insingias for the roents,
please do so before starting the script, as it
will stop otherwise if dont have them.
[14:09:03] (Unbank)  Void Highlord moved from bank
[14:09:04] (RankUpClass)  "Void Highlord" is already Rank 10 or you are not
a member and the item is members.
[14:09:13] (Unbank)  Roentgenium of Nulgath moved from bank
[14:09:13] (isCompletedBefore)  Famiglia di Carcano [9552] completion check [✔]
[14:09:21] (StartBuyAllMerge)  Found 0 items to purchase from shop [2410] on map
[voidchasm].
[14:09:25] (Unbank)  Prime Fiend Shard moved from bank
[14:09:25] (isCompletedBefore)  Feed the Fiend Shard [9555] completion check [✔]
[14:09:25] (QuestProgression)  Already Completed: [9555] - "Feed the Fiend Shard"
[14:09:26] (isCompletedBefore)  Grow the Fiend Shard [9556] completion check [✔]
[14:09:26] (QuestProgression)  Already Completed: [9556] - "Grow the Fiend Shard"
[14:09:26] (isCompletedBefore)  Evolve the Fiend Shard [9557] completion check [✔]
[14:09:26] (QuestProgression)  Already Completed: [9557] - "Evolve the Fiend
Shard"
[14:09:26] (isCompletedBefore)  The Fiend Shard's Demand [9558] completion check
[❌]
[14:09:26] (QuestProgression)  Doing Quest: [9558] - "The Fiend Shard's Demand"
[14:09:28] (isCompletedBefore)  Bear Facts [322] completion check [✔]
[14:09:28] (isCompletedBefore)  Follow your Nose! [327] completion check [✔]
[14:09:36] (Unbank)  Void Avenger Scythe moved from bank
[14:09:45] (Unbank)  Doomblade of Destruction moved from bank
[14:09:46] (isCompletedBefore)  It Calls to You [7900] completion check [✔]
[14:09:46] (GetArm)  Section: AFDL2 (Archfiend DeathLord)
[14:09:46] (GetArm)  Farming Archfiend DeathLord (0/1)
[14:09:57] (Unbank)  Blood Gem of the Archfiend moved from bank
[14:10:06] (Unbank)  Unidentified 13 moved from bank
[14:10:11] (Supplies)  if Swindles is enabled, it will only accept the
quest when it has the required Unis it needs
[14:10:11] (Supplies)  Do Return Policy?: True
Sell Voucher of Nulgath:
False
[14:10:11] (Supplies)  Item: Unidentified 13 Quantity: 5
 UltraAlteon:
False
 KeepVoucher: False
 AssistantDuring: False

ReturnItem:
[14:10:21] (Unbank)  Tainted Gem moved from bank
[14:10:30] (Unbank)  Dark Crystal Shard moved from bank
[14:10:38] (Unbank)  Diamond of Nulgath moved from bank
[14:10:47] (Unbank)  Gem of Nulgath moved from bank
[14:10:59] (Unbank)  Essence of Nulgath moved from bank
Staff has respawned!
Staff has respawned!
Staff has respawned!
Staff has respawned!
Staff has respawned!
Staff has respawned!
Staff has respawned!
Staff has respawned!
Staff has respawned!
Staff has respawned!
Staff has respawned!
Staff has respawned!
Staff has respawned!
Staff has respawned!
Staff has respawned!
Staff has respawned!
Staff has respawned!
Staff has respawned!
Staff has respawned!
Staff has respawned!
Staff has respawned!
Staff has respawned!
Staff has respawned!
Staff has respawned!
Staff has respawned!
Staff has respawned!
Staff has respawned!
Staff has respawned!
Staff has respawned!
Staff has respawned!
Staff has respawned!
Staff has respawned!
Staff has respawned!
Staff has respawned!
Staff has respawned!
Staff has respawned!
Staff has respawned!
Staff has respawned!
Staff has respawned!
Staff has respawned!
Staff has respawned!
Staff has respawned!
Staff has respawned!
Staff has respawned!
Staff has respawned!
Staff has respawned!
Staff has respawned!
Staff has respawned!
Staff has respawned!
Staff has respawned!
Staff has respawned!
Staff has respawned!
Staff has respawned!
Staff has respawned!
Staff has respawned!
Staff has respawned!
Staff has respawned!
Staff has respawned!
Staff has respawned!
Staff has respawned!
Staff has respawned!
Staff has respawned!
Staff has respawned!
Staff has respawned!
Staff has respawned!
Staff has respawned!
Staff has respawned!
Staff has respawned!
Staff has respawned!
Staff has respawned!
Staff has respawned!
Staff has respawned!
Staff has respawned!
Staff has respawned!
Staff has respawned!
Staff has respawned!
Staff has respawned!
Staff has respawned!
Staff has respawned!
Staff has respawned!
Staff has respawned!
Staff has respawned!
Staff has respawned!
Staff has respawned!
[14:29:57] (SetOptions)  Script ran for 00:21:27
Staff has respawned!
Autorelogin triggered.
Waiting 70000ms for relogin.
[14:30:09] (SetOptions)  Bot Started [Enhancement/UnlockForgeEnhancements]
[14:30:14] (SetOptions)  [SetOptions] Anti-Lag in CBO is off. Skipping
privacy settings.
[14:30:21] (BankACMisc)  Banking misc AC items [8 items]: "Gem of Nulgath",
"Dark Crystal Shard", "Diamond of Nulgath",
"Tainted Gem", "Unidentified 13", "Roentgenium of
Nulgath", "Essence of Nulgath", "Blood Gem of the
Archfiend"
[14:30:23] (ToBank)  Gem of Nulgath moved to bank.
[14:30:26] (ToBank)  Dark Crystal Shard moved to bank.
[14:30:28] (ToBank)  Diamond of Nulgath moved to bank.
[14:30:31] (ToBank)  Tainted Gem moved to bank.
[14:30:34] (ToBank)  Unidentified 13 moved to bank.
[14:30:36] (ToBank)  Roentgenium of Nulgath moved to bank.
[14:30:39] (ToBank)  Essence of Nulgath moved to bank.
[14:30:42] (ToBank)  Blood Gem of the Archfiend moved to bank.
[14:30:45] (_Equip)  Equipped item: Enchanted Eternal Flame (ID: 33210)
[14:30:49] (_Equip)  Equipped item: Hollowborn Sword of Doom (ID:
65845)
[14:30:53] (_Equip)  Equipped item: Arcana Invoker (ID: 85252)
[14:30:55] (SetOptions)  Bot Configured
[14:30:55] (ForgeUnlocks)  Selected Forge Weapon Enhancement: Ravenous
[14:30:56] (isCompletedBefore)  Ravenous [9560] completion check [❌]
[14:30:56] (Ravenous)  Unlocking Enhancement: Ravenous
[14:30:58] (isCompletedBefore)  The Fiend Shard's Finale [9559] completion check
[❌]
[14:30:58] (Storyline)  If you're going to use insingias for the roents,
please do so before starting the script, as it
will stop otherwise if dont have them.
[14:30:59] (RankUpClass)  "Void Highlord" is already Rank 10 or you are not
a member and the item is members.
[14:31:08] (Unbank)  Roentgenium of Nulgath moved from bank
[14:31:09] (isCompletedBefore)  Famiglia di Carcano [9552] completion check [✔]
Script already running.
Relogin was successful.
[14:31:19] (StartBuyAllMerge)  Found 0 items to purchase from shop [2410] on map
[voidchasm].
[14:31:20] (isCompletedBefore)  Feed the Fiend Shard [9555] completion check [✔]
[14:31:20] (QuestProgression)  Already Completed: [9555] - "Feed the Fiend Shard"
[14:31:22] (isCompletedBefore)  Grow the Fiend Shard [9556] completion check [✔]
[14:31:22] (QuestProgression)  Already Completed: [9556] - "Grow the Fiend Shard"
[14:31:24] (isCompletedBefore)  Evolve the Fiend Shard [9557] completion check [✔]
[14:31:24] (QuestProgression)  Already Completed: [9557] - "Evolve the Fiend
Shard"
[14:31:25] (isCompletedBefore)  The Fiend Shard's Demand [9558] completion check
[❌]
[14:31:25] (QuestProgression)  Doing Quest: [9558] - "The Fiend Shard's Demand"
[14:31:29] (isCompletedBefore)  Bear Facts [322] completion check [✔]
[14:31:30] (isCompletedBefore)  Follow your Nose! [327] completion check [✔]
[14:31:33] (isCompletedBefore)  It Calls to You [7900] completion check [✔]
[14:31:33] (GetArm)  Section: AFDL2 (Archfiend DeathLord)
[14:31:33] (GetArm)  Farming Archfiend DeathLord (0/1)
[14:31:44] (Unbank)  Blood Gem of the Archfiend moved from bank
[14:31:53] (Unbank)  Unidentified 13 moved from bank
[14:31:59] (Supplies)  if Swindles is enabled, it will only accept the
quest when it has the required Unis it needs
[14:31:59] (Supplies)  Do Return Policy?: True
Sell Voucher of Nulgath:
False
[14:31:59] (Supplies)  Item: Unidentified 13 Quantity: 5
 UltraAlteon:
False
 KeepVoucher: False
 AssistantDuring: False

ReturnItem:
[14:32:12] (Unbank)  Tainted Gem moved from bank
[14:32:21] (Unbank)  Dark Crystal Shard moved from bank
[14:32:29] (Unbank)  Diamond of Nulgath moved from bank
[14:32:38] (Unbank)  Gem of Nulgath moved from bank
[14:32:50] (Unbank)  Essence of Nulgath moved from bank
Staff has respawned!
Staff has respawned!
Staff has respawned!
Staff has respawned!
Staff has respawned!
Staff has respawned!
Staff has respawned!
Staff has respawned!
Staff has respawned!
Staff has respawned!
Staff has respawned!
Staff has respawned!
Staff has respawned!
Staff has respawned!
Staff has respawned!
Staff has respawned!
Staff has respawned!
Staff has respawned!
Staff has respawned!
Autorelogin triggered.
Waiting 70000ms for relogin.
[14:37:44] (SetOptions)  Script ran for 00:07:34
[14:37:50] (SetOptions)  Bot Started [Enhancement/UnlockForgeEnhancements]
[14:37:50] (StopBot)  Bot stopped due to Auto-Relogin failure.
[15:37:59] (SetOptions)  Auto Login triggered
[15:38:11] (SetOptions)  [SetOptions] Anti-Lag in CBO is off. Skipping
privacy settings.
[15:38:19] (BankACMisc)  Banking misc AC items [8 items]: "Gem of Nulgath",
"Dark Crystal Shard", "Diamond of Nulgath",
"Tainted Gem", "Unidentified 13", "Roentgenium of
Nulgath", "Essence of Nulgath", "Blood Gem of the
Archfiend"
[15:38:22] (ToBank)  Gem of Nulgath moved to bank.
[15:38:25] (ToBank)  Dark Crystal Shard moved to bank.
[15:38:28] (ToBank)  Diamond of Nulgath moved to bank.
[15:38:31] (ToBank)  Tainted Gem moved to bank.
[15:38:33] (ToBank)  Unidentified 13 moved to bank.
[15:38:36] (ToBank)  Roentgenium of Nulgath moved to bank.
[15:38:39] (ToBank)  Essence of Nulgath moved to bank.
[15:38:42] (ToBank)  Blood Gem of the Archfiend moved to bank.
[15:38:44] (SetOptions)  Bot Configured
[15:38:44] (ForgeUnlocks)  Selected Forge Weapon Enhancement: Ravenous
[15:38:45] (isCompletedBefore)  Ravenous [9560] completion check [❌]
[15:38:45] (Ravenous)  Unlocking Enhancement: Ravenous
[15:38:47] (isCompletedBefore)  The Fiend Shard's Finale [9559] completion check
[❌]
[15:38:47] (Storyline)  If you're going to use insingias for the roents,
please do so before starting the script, as it
will stop otherwise if dont have them.
[15:38:48] (RankUpClass)  "Void Highlord" is already Rank 10 or you are not
a member and the item is members.
[15:38:56] (Unbank)  Roentgenium of Nulgath moved from bank
[15:38:58] (isCompletedBefore)  Famiglia di Carcano [9552] completion check [✔]
[15:39:08] (StartBuyAllMerge)  Found 0 items to purchase from shop [2410] on map
[voidchasm].
[15:39:11] (isCompletedBefore)  Feed the Fiend Shard [9555] completion check [✔]
[15:39:11] (QuestProgression)  Already Completed: [9555] - "Feed the Fiend Shard"
[15:39:12] (isCompletedBefore)  Grow the Fiend Shard [9556] completion check [✔]
[15:39:12] (QuestProgression)  Already Completed: [9556] - "Grow the Fiend Shard"
[15:39:14] (isCompletedBefore)  Evolve the Fiend Shard [9557] completion check [✔]
[15:39:14] (QuestProgression)  Already Completed: [9557] - "Evolve the Fiend
Shard"
[15:39:16] (isCompletedBefore)  The Fiend Shard's Demand [9558] completion check
[❌]
[15:39:16] (QuestProgression)  Doing Quest: [9558] - "The Fiend Shard's Demand"
[15:39:19] (isCompletedBefore)  Bear Facts [322] completion check [✔]
[15:39:21] (isCompletedBefore)  Follow your Nose! [327] completion check [✔]
[15:39:23] (isCompletedBefore)  It Calls to You [7900] completion check [✔]
[15:39:23] (GetArm)  Section: AFDL2 (Archfiend DeathLord)
[15:39:23] (GetArm)  Farming Archfiend DeathLord (0/1)
[15:39:35] (Unbank)  Blood Gem of the Archfiend moved from bank
[15:39:44] (Unbank)  Unidentified 13 moved from bank
[15:39:51] (Supplies)  if Swindles is enabled, it will only accept the
quest when it has the required Unis it needs
[15:39:51] (Supplies)  Do Return Policy?: True
Sell Voucher of Nulgath:
False
[15:39:51] (Supplies)  Item: Unidentified 13 Quantity: 5
 UltraAlteon:
False
 KeepVoucher: False
 AssistantDuring: False

ReturnItem:
[15:40:04] (Unbank)  Tainted Gem moved from bank
[15:40:12] (Unbank)  Dark Crystal Shard moved from bank
[15:40:21] (Unbank)  Diamond of Nulgath moved from bank
[15:40:29] (Unbank)  Gem of Nulgath moved from bank
[15:40:42] (Unbank)  Essence of Nulgath moved from bank
Staff has respawned!
Staff has respawned!
Staff has respawned!
Staff has respawned!
Staff has respawned!
Staff has respawned!
Staff has respawned!
Staff has respawned!
Staff has respawned!
Staff has respawned!
Staff has respawned!
Staff has respawned!
Staff has respawned!
Staff has respawned!
Staff has respawned!
Staff has respawned!
Staff has respawned!
Staff has respawned!
Staff has respawned!
Staff has respawned!
Staff has respawned!
Staff has respawned!
Staff has respawned!
Staff has respawned!
Staff has respawned!
Staff has respawned!
Staff has respawned!
Staff has respawned!
Staff has respawned!
Staff has respawned!
Staff has respawned!
Staff has respawned!
Staff has respawned!
Staff has respawned!
Staff has respawned!
Staff has respawned!
Staff has respawned!
Staff has respawned!
Staff has respawned!
Staff has respawned!
[15:50:21] (KillEscherion)  Completing with: Receipt of Swindle [ID: 57446]
[15:50:41] (Unbank)  Totem of Nulgath moved from bank
[15:50:42] (Unidentified34)  Farming Unidentified 34 (4/10)
[15:50:59] (Unbank)  Emblem of Nulgath moved from bank
[15:51:08] (Unbank)  Bone Dust moved from bank
[15:51:18] (Unbank)  Nulgath's Approval moved from bank
[15:51:27] (Unbank)  Archfiend's Favor moved from bank
[15:51:47] (Unidentified34)  Completed x1
[15:52:01] (GetItemReq)  Farming reputation for Evil (Required: 302500)
[15:52:05] (BuyItem)  Bought 1 Shadow Lich
[15:52:17] (GetItemReq)  Farming reputation for Arcangrove (Required:
78400)
[15:52:22] (BuyItem)  Bought 1 Mystic Tribal Sword
[15:52:38] (_CalcBuyQuantity)  Requirement Archfiend's Favor: needed 35, current
458
[15:52:41] (BuyItem)  Bought 1 Mortality Cape of Revontheus
[15:52:58] (HuntMonster)  Farming Golden Shadow Breaker (0/1)
[15:53:20] (HuntMonster)  Farming Shadow Terror Axe (0/1)
[15:59:14] (EssenceofNulgath)  Farming Essence of Nulgath (5/10)
[16:02:34] (_CalcBuyQuantity)  Requirement Receipt of Swindle: needed 6, current
48
[16:02:36] (BuyItem)  Bought 1 Unidentified 19
[16:02:47] (HuntMonster)  Farming King Klunk's Crown (0/1)
[16:03:30] (Unidentified34)  Completed x2
[16:04:17] (Supplies)  if Swindles is enabled, it will only accept the
quest when it has the required Unis it needs
[16:04:17] (Supplies)  Do Return Policy?: True
Sell Voucher of Nulgath:
False
[16:04:17] (Supplies)  Item: Unidentified 13 Quantity: 5
 UltraAlteon:
False
 KeepVoucher: False
 AssistantDuring: False

ReturnItem:
Staff has respawned!
Staff has respawned!
Staff has respawned!
Staff has respawned!
Staff has respawned!
Staff has respawned!
Staff has respawned!
Staff has respawned!
Staff has respawned!
Staff has respawned!
Staff has respawned!
Staff has respawned!
Staff has respawned!
Staff has respawned!
Staff has respawned!
Staff has respawned!
Staff has respawned!
Staff has respawned!
Staff has respawned!
Staff has respawned!
Staff has respawned!
Staff has respawned!
Staff has respawned!
Staff has respawned!
Staff has respawned!
Staff has respawned!
Staff has respawned!
Staff has respawned!
Staff has respawned!
Staff has respawned!
Staff has respawned!
Staff has respawned!
Staff has respawned!
Staff has respawned!
Staff has respawned!
Staff has respawned!
Staff has respawned!
Staff has respawned!
Staff has respawned!
Staff has respawned!
Staff has respawned!
Staff has respawned!
Staff has respawned!
Staff has respawned!
Staff has respawned!
Staff has respawned!
Staff has respawned!
Staff has respawned!
Staff has respawned!
Staff has respawned!
Staff has respawned!
Staff has respawned!
Staff has respawned!
Staff has respawned!
Staff has respawned!
Staff has respawned!
Staff has respawned!
Staff has respawned!
Staff has respawned!
Staff has respawned!
Staff has respawned!
Staff has respawned!
Staff has respawned!
Staff has respawned!
Staff has respawned!
Staff has respawned!
Staff has respawned!
Staff has respawned!
Staff has respawned!
Staff has respawned!
Staff has respawned!
Staff has respawned!
Staff has respawned!
Staff has respawned!
Staff has respawned!
Staff has respawned!
Staff has respawned!
Staff has respawned!
Staff has respawned!
Staff has respawned!
Staff has respawned!
Staff has respawned!
Staff has respawned!
Staff has respawned!
Staff has respawned!
Staff has respawned!
Staff has respawned!
Staff has respawned!
Staff has respawned!
Staff has respawned!
Staff has respawned!
Staff has respawned!
Staff has respawned!
Staff has respawned!
Staff has respawned!
Staff has respawned!
Staff has respawned!
Staff has respawned!
Staff has respawned!
Staff has respawned!
Staff has respawned!
Staff has respawned!
Staff has respawned!
Staff has respawned!
Staff has respawned!
Staff has respawned!
Staff has respawned!
Staff has respawned!
Staff has respawned!
Staff has respawned!
Staff has respawned!
Staff has respawned!
Staff has respawned!
Staff has respawned!
Staff has respawned!
Staff has respawned!
Staff has respawned!
Staff has respawned!
Staff has respawned!
Staff has respawned!
Staff has respawned!
Staff has respawned!
Staff has respawned!
Staff has respawned!
Staff has respawned!
Staff has respawned!
Staff has respawned!
Staff has respawned!
Staff has respawned!
Staff has respawned!
Staff has respawned!
Staff has respawned!
Staff has respawned!
Staff has respawned!
Staff has respawned!
Staff has respawned!
Staff has respawned!
Staff has respawned!
Staff has respawned!
Staff has respawned!
Staff has respawned!
Staff has respawned!
Staff has respawned!
Staff has respawned!
Staff has respawned!
Staff has respawned!
Staff has respawned!
Staff has respawned!
Staff has respawned!
Staff has respawned!
Staff has respawned!
Staff has respawned!
Staff has respawned!
Staff has respawned!
Staff has respawned!
Staff has respawned!
Staff has respawned!
Staff has respawned!
Staff has respawned!
Staff has respawned!
Staff has respawned!
Staff has respawned!
Staff has respawned!
Staff has respawned!
Staff has respawned!
Staff has respawned!
Staff has respawned!
Staff has respawned!
Staff has respawned!
Staff has respawned!
Staff has respawned!
Staff has respawned!
Staff has respawned!
Staff has respawned!
Staff has respawned!
Staff has respawned!
Staff has respawned!
Staff has respawned!
Staff has respawned!
Staff has respawned!
Staff has respawned!
Staff has respawned!
Staff has respawned!
Staff has respawned!
Staff has respawned!
Staff has respawned!
Staff has respawned!
Staff has respawned!
Staff has respawned!
Staff has respawned!
Staff has respawned!
Staff has respawned!
Staff has respawned!
Staff has respawned!
Staff has respawned!
Staff has respawned!
Staff has respawned!
Staff has respawned!
Staff has respawned!
Staff has respawned!
Staff has respawned!
Staff has respawned!
Staff has respawned!
Staff has respawned!
Staff has respawned!
Staff has respawned!
Staff has respawned!
Staff has respawned!
Staff has respawned!
Staff has respawned!
Staff has respawned!
Staff has respawned!
Staff has respawned!
Staff has respawned!
Staff has respawned!
Staff has respawned!
Staff has respawned!
Staff has respawned!
Staff has respawned!
Staff has respawned!
Staff has respawned!
Staff has respawned!
Staff has respawned!
Staff has respawned!
Staff has respawned!
Staff has respawned!
Staff has respawned!
Staff has respawned!
Staff has respawned!
Staff has respawned!
Staff has respawned!
Staff has respawned!
Staff has respawned!
Staff has respawned!
Staff has respawned!
Staff has respawned!
Staff has respawned!
Staff has respawned!
Staff has respawned!
Staff has respawned!
Staff has respawned!
Staff has respawned!
Staff has respawned!
Staff has respawned!
Staff has respawned!
Staff has respawned!
Staff has respawned!
Staff has respawned!
Staff has respawned!
Staff has respawned!
Staff has respawned!
Staff has respawned!
Staff has respawned!
Staff has respawned!
Staff has respawned!
Staff has respawned!
Staff has respawned!
Staff has respawned!
Staff has respawned!
Staff has respawned!
Staff has respawned!
Staff has respawned!
Staff has respawned!
Staff has respawned!
Staff has respawned!
Staff has respawned!
Staff has respawned!
Staff has respawned!
Staff has respawned!
Staff has respawned!
Staff has respawned!
Staff has respawned!
Staff has respawned!
Staff has respawned!
Staff has respawned!
Staff has respawned!
Staff has respawned!
Staff has respawned!
Staff has respawned!
Staff has respawned!
Staff has respawned!
Staff has respawned!
Staff has respawned!
Staff has respawned!
Staff has respawned!
Staff has respawned!
Staff has respawned!
Staff has respawned!
Staff has respawned!
Staff has respawned!
Staff has respawned!
Staff has respawned!
Staff has respawned!
Staff has respawned!
Staff has respawned!
Staff has respawned!
Staff has respawned!
Staff has respawned!
Staff has respawned!
Staff has respawned!
Staff has respawned!
Staff has respawned!
Staff has respawned!
Staff has respawned!
Staff has respawned!
Staff has respawned!
Staff has respawned!
Staff has respawned!
Staff has respawned!
Staff has respawned!
Staff has respawned!
Staff has respawned!
Staff has respawned!
Staff has respawned!
Staff has respawned!
Staff has respawned!
Staff has respawned!
Staff has respawned!
Staff has respawned!
Staff has respawned!
Staff has respawned!
Staff has respawned!
Staff has respawned!
Staff has respawned!
Staff has respawned!
Staff has respawned!
Staff has respawned!
Staff has respawned!
Staff has respawned!
Staff has respawned!
Staff has respawned!
Staff has respawned!
Staff has respawned!
Staff has respawned!
Staff has respawned!
Staff has respawned!
Staff has respawned!
Staff has respawned!
Staff has respawned!
Staff has respawned!
Staff has respawned!
Staff has respawned!
Staff has respawned!
Staff has respawned!
Staff has respawned!
Staff has respawned!
Staff has respawned!
Staff has respawned!
Staff has respawned!
Staff has respawned!
Staff has respawned!
Staff has respawned!
Staff has respawned!
Staff has respawned!
Staff has respawned!
Staff has respawned!
Staff has respawned!
Staff has respawned!
Staff has respawned!
Staff has respawned!
Staff has respawned!
Staff has respawned!
Staff has respawned!
Staff has respawned!
Staff has respawned!
Staff has respawned!
Staff has respawned!
Staff has respawned!
Staff has respawned!
Staff has respawned!
Staff has respawned!
Staff has respawned!
Staff has respawned!
Staff has respawned!
Staff has respawned!
Staff has respawned!
Staff has respawned!
Staff has respawned!
Staff has respawned!
Staff has respawned!
Staff has respawned!
Staff has respawned!
Staff has respawned!
Staff has respawned!
Staff has respawned!
Staff has respawned!
Staff has respawned!
Staff has respawned!
[17:33:09] (KillEscherion)  All rewards maxed. Completing with fallback reward
ID: -1 ("Receipt of Swindle").
[17:33:24] (isCompletedBefore)  Defeat Dirtlicker [8588] completion check [✔]
[17:33:26] (isCompletedBefore)  The Traitor [8583] completion check [✔]
[17:33:26] (GetSword)  Farming Wrath of Nulgath.
[17:33:54] (JuggItems)  ... Overfiend_Blade_of_Nulgath ...
[17:34:00] (Supplies)  if Swindles is enabled, it will only accept the
quest when it has the required Unis it needs
[17:34:00] (Supplies)  Do Return Policy?: True
Sell Voucher of Nulgath:
False
[17:34:00] (Supplies)  Item: Unidentified 13 Quantity: 1
 UltraAlteon:
False
 KeepVoucher: False
 AssistantDuring: False

ReturnItem:
Staff has respawned!
Staff has respawned!
Staff has respawned!
Staff has respawned!
Staff has respawned!
Staff has respawned!
Staff has respawned!
Staff has respawned!
Staff has respawned!
Staff has respawned!
Staff has respawned!
Staff has respawned!
Staff has respawned!
Staff has respawned!
Staff has respawned!
Staff has respawned!
Staff has respawned!
Staff has respawned!
Staff has respawned!
Staff has respawned!
Staff has respawned!
Staff has respawned!
Staff has respawned!
Staff has respawned!
Staff has respawned!
Staff has respawned!
Staff has respawned!
Staff has respawned!
Staff has respawned!
Staff has respawned!
Staff has respawned!
Staff has respawned!
Staff has respawned!
Staff has respawned!
Staff has respawned!
Staff has respawned!
Staff has respawned!
Staff has respawned!
Staff has respawned!
Staff has respawned!
Staff has respawned!
Staff has respawned!
Staff has respawned!
Staff has respawned!
Staff has respawned!
Staff has respawned!
Staff has respawned!
Staff has respawned!
Staff has respawned!
Staff has respawned!
Staff has respawned!
Staff has respawned!
Staff has respawned!
Staff has respawned!
Staff has respawned!
Staff has respawned!
Staff has respawned!
Staff has respawned!
Staff has respawned!
Staff has respawned!
Staff has respawned!
Staff has respawned!
Staff has respawned!
Staff has respawned!
Staff has respawned!
Staff has respawned!
Staff has respawned!
Staff has respawned!
Staff has respawned!
Staff has respawned!
Staff has respawned!
Staff has respawned!
Staff has respawned!
Staff has respawned!
Staff has respawned!
Staff has respawned!
Staff has respawned!
Staff has respawned!
Staff has respawned!
Staff has respawned!
Staff has respawned!
Staff has respawned!
Staff has respawned!
Staff has respawned!
Staff has respawned!
Staff has respawned!
Staff has respawned!
Staff has respawned!
Staff has respawned!
Staff has respawned!
Staff has respawned!
Staff has respawned!
Staff has respawned!
Staff has respawned!
Staff has respawned!
Staff has respawned!
Staff has respawned!
Staff has respawned!
Staff has respawned!
Staff has respawned!
Staff has respawned!
Staff has respawned!
Staff has respawned!
Staff has respawned!
Staff has respawned!
Staff has respawned!
Staff has respawned!
Staff has respawned!
Staff has respawned!
Staff has respawned!
Staff has respawned!
Staff has respawned!
Staff has respawned!
Staff has respawned!
Staff has respawned!
Staff has respawned!
Staff has respawned!
Staff has respawned!
Staff has respawned!
Staff has respawned!
Staff has respawned!
Staff has respawned!
Staff has respawned!
Staff has respawned!
Staff has respawned!
Staff has respawned!
Staff has respawned!
Staff has respawned!
Staff has respawned!
Staff has respawned!
Staff has respawned!
Staff has respawned!
Staff has respawned!
Staff has respawned!
Staff has respawned!
Staff has respawned!
Staff has respawned!
Staff has respawned!
Staff has respawned!
Staff has respawned!
Staff has respawned!
Staff has respawned!
Staff has respawned!
Staff has respawned!
Staff has respawned!
Staff has respawned!
Staff has respawned!
Staff has respawned!
Staff has respawned!
Staff has respawned!
Staff has respawned!
Staff has respawned!
Staff has respawned!
Staff has respawned!
Staff has respawned!
Staff has respawned!
Staff has respawned!
Staff has respawned!
Staff has respawned!
Staff has respawned!
Staff has respawned!
Staff has respawned!
Staff has respawned!
Staff has respawned!
Staff has respawned!
Staff has respawned!
Staff has respawned!
Staff has respawned!
Staff has respawned!
Staff has respawned!
Staff has respawned!
Staff has respawned!
Staff has respawned!
Staff has respawned!
Staff has respawned!
Staff has respawned!
Staff has respawned!
Staff has respawned!
Staff has respawned!
Staff has respawned!
Staff has respawned!
Staff has respawned!
Staff has respawned!
Staff has respawned!
Staff has respawned!
Staff has respawned!
Staff has respawned!
Staff has respawned!
Staff has respawned!
Staff has respawned!
Staff has respawned!
Staff has respawned!
Staff has respawned!
Staff has respawned!
Staff has respawned!
Staff has respawned!
Staff has respawned!
Staff has respawned!
Staff has respawned!
Staff has respawned!
Staff has respawned!
Staff has respawned!
Staff has respawned!
Staff has respawned!
Staff has respawned!
Staff has respawned!
Staff has respawned!
Staff has respawned!
Staff has respawned!
Staff has respawned!
Staff has respawned!
Staff has respawned!
Staff has respawned!
Staff has respawned!
Staff has respawned!
Staff has respawned!
Staff has respawned!
Staff has respawned!
Staff has respawned!
Staff has respawned!
Staff has respawned!
Staff has respawned!
Staff has respawned!
Staff has respawned!
Staff has respawned!
Staff has respawned!
Staff has respawned!
Staff has respawned!
Staff has respawned!
Staff has respawned!
Staff has respawned!
Staff has respawned!
Staff has respawned!
Staff has respawned!
Staff has respawned!
Staff has respawned!
Staff has respawned!
Staff has respawned!
Staff has respawned!
Staff has respawned!
Staff has respawned!
Staff has respawned!
Staff has respawned!
Staff has respawned!
Staff has respawned!
Staff has respawned!
Staff has respawned!
Staff has respawned!
Staff has respawned!
Staff has respawned!
Staff has respawned!
Staff has respawned!
Staff has respawned!
Staff has respawned!
Staff has respawned!
Staff has respawned!
Staff has respawned!
Staff has respawned!
Staff has respawned!
Staff has respawned!
Staff has respawned!
Staff has respawned!
Staff has respawned!
Staff has respawned!
Staff has respawned!
Staff has respawned!
Staff has respawned!
Staff has respawned!
Staff has respawned!
Staff has respawned!
Staff has respawned!
Staff has respawned!
Staff has respawned!
Staff has respawned!
Staff has respawned!
Staff has respawned!
Staff has respawned!
Staff has respawned!
Staff has respawned!
Staff has respawned!
Staff has respawned!
Staff has respawned!
Staff has respawned!
Staff has respawned!
Staff has respawned!
Staff has respawned!
Staff has respawned!
Staff has respawned!
Staff has respawned!
Staff has respawned!
Staff has respawned!
Staff has respawned!
Staff has respawned!
Staff has respawned!
Staff has respawned!
Staff has respawned!
Staff has respawned!
Staff has respawned!
Staff has respawned!
Staff has respawned!
Staff has respawned!
Staff has respawned!
Staff has respawned!
Staff has respawned!
Staff has respawned!
Staff has respawned!
Staff has respawned!
Staff has respawned!
Staff has respawned!
Staff has respawned!
Staff has respawned!
Staff has respawned!
Staff has respawned!
Staff has respawned!
Staff has respawned!
Staff has respawned!
Staff has respawned!
Staff has respawned!
Staff has respawned!
Staff has respawned!
Staff has respawned!
Staff has respawned!
Staff has respawned!
Staff has respawned!
Staff has respawned!
Staff has respawned!
Staff has respawned!
Staff has respawned!
Staff has respawned!
Staff has respawned!
Staff has respawned!
Staff has respawned!
Staff has respawned!
Staff has respawned!
Staff has respawned!
Staff has respawned!
Staff has respawned!
Staff has respawned!
Staff has respawned!
Staff has respawned!
Staff has respawned!
Staff has respawned!
Staff has respawned!
Staff has respawned!
Staff has respawned!
Staff has respawned!
Staff has respawned!
Staff has respawned!
Staff has respawned!
Staff has respawned!
Staff has respawned!
Staff has respawned!
Staff has respawned!
Staff has respawned!
Staff has respawned!
Staff has respawned!
Staff has respawned!
Staff has respawned!
Staff has respawned!
Staff has respawned!
Staff has respawned!
Staff has respawned!
Staff has respawned!
Staff has respawned!
Staff has respawned!
Staff has respawned!
Staff has respawned!
Staff has respawned!
Staff has respawned!
Staff has respawned!
Staff has respawned!
Staff has respawned!
Staff has respawned!
Staff has respawned!
Staff has respawned!
Staff has respawned!
Staff has respawned!
Staff has respawned!
Staff has respawned!
Staff has respawned!
Staff has respawned!
Staff has respawned!
Staff has respawned!
Staff has respawned!
Staff has respawned!
Staff has respawned!
Staff has respawned!
Staff has respawned!
Staff has respawned!
Staff has respawned!
Staff has respawned!
Staff has respawned!
Staff has respawned!
Staff has respawned!
Staff has respawned!
Staff has respawned!
Staff has respawned!
Staff has respawned!
Staff has respawned!
Staff has respawned!
Staff has respawned!
Staff has respawned!
Staff has respawned!
Staff has respawned!
Staff has respawned!
Staff has respawned!
Staff has respawned!
Staff has respawned!
Staff has respawned!
Staff has respawned!
Staff has respawned!
Staff has respawned!
Staff has respawned!
Staff has respawned!
Staff has respawned!
Staff has respawned!
Staff has respawned!
Staff has respawned!
Staff has respawned!
Staff has respawned!
Staff has respawned!
Staff has respawned!
Staff has respawned!
Staff has respawned!
Staff has respawned!
Staff has respawned!
Staff has respawned!
Staff has respawned!
Staff has respawned!
Staff has respawned!
Staff has respawned!
Staff has respawned!
Staff has respawned!
Staff has respawned!
Staff has respawned!
Staff has respawned!
Staff has respawned!
Staff has respawned!
Staff has respawned!
Staff has respawned!
Staff has respawned!
Staff has respawned!
Staff has respawned!
Staff has respawned!
Staff has respawned!
Staff has respawned!
Staff has respawned!
Staff has respawned!
Staff has respawned!
Staff has respawned!
Staff has respawned!
Staff has respawned!
Staff has respawned!
Staff has respawned!
Staff has respawned!
Staff has respawned!
Staff has respawned!
Staff has respawned!
Staff has respawned!
Staff has respawned!
Staff has respawned!
Staff has respawned!
Staff has respawned!
Staff has respawned!
Staff has respawned!
Staff has respawned!
Staff has respawned!
Staff has respawned!
Staff has respawned!
Staff has respawned!
Staff has respawned!
Staff has respawned!
Staff has respawned!
Staff has respawned!
Staff has respawned!
Staff has respawned!
Staff has respawned!
Staff has respawned!
Staff has respawned!
Staff has respawned!
Staff has respawned!
Staff has respawned!
Staff has respawned!
Staff has respawned!
Staff has respawned!
Staff has respawned!
Staff has respawned!
Staff has respawned!
Staff has respawned!
Staff has respawned!
Staff has respawned!
Staff has respawned!
Staff has respawned!
Staff has respawned!
Staff has respawned!
Staff has respawned!
Staff has respawned!
Staff has respawned!
Staff has respawned!
Staff has respawned!
Staff has respawned!
Staff has respawned!
Staff has respawned!
Staff has respawned!
Staff has respawned!
Staff has respawned!
Staff has respawned!
Staff has respawned!
Staff has respawned!
Staff has respawned!
Staff has respawned!
Staff has respawned!
Staff has respawned!
Staff has respawned!
Staff has respawned!
Staff has respawned!
Staff has respawned!
[19:41:50] (Join)  Failed to join escherion
[20:05:23] (SetOptions)  Script ran for 05:27:32
[20:05:29] (SetOptions)  Bot Started [Enhancement/UnlockForgeEnhancements]
[20:05:29] (StopBot)  Bot stopped due to Auto-Relogin failure.
[20:05:32] (SetOptions)  Auto Login triggered
[20:05:43] (SetOptions)  [SetOptions] Anti-Lag in CBO is off. Skipping
privacy settings.
[20:05:52] (BankACMisc)  Banking misc AC items [9 items]: "Nulgath's
Approval", "Archfiend's Favor", "Gem of Nulgath",
"Dark Crystal Shard", "Totem of Nulgath", "Diamond
of Nulgath", "Tainted Gem", "Roentgenium of
Nulgath", "Essence of Nulgath"
[20:05:58] (ToBank)  Nulgath's Approval moved to bank.
[20:06:01] (ToBank)  Archfiend's Favor moved to bank.
[20:06:03] (ToBank)  Gem of Nulgath moved to bank.
[20:06:06] (ToBank)  Dark Crystal Shard moved to bank.
[20:06:09] (ToBank)  Totem of Nulgath moved to bank.
[20:06:12] (ToBank)  Diamond of Nulgath moved to bank.
[20:06:14] (ToBank)  Tainted Gem moved to bank.
[20:06:17] (ToBank)  Roentgenium of Nulgath moved to bank.
[20:06:20] (ToBank)  Essence of Nulgath moved to bank.
[20:06:23] (SetOptions)  Bot Configured
[20:06:23] (ForgeUnlocks)  Selected Forge Weapon Enhancement: Ravenous
[20:06:25] (isCompletedBefore)  Ravenous [9560] completion check [❌]
[20:06:25] (Ravenous)  Unlocking Enhancement: Ravenous
[20:06:26] (isCompletedBefore)  The Fiend Shard's Finale [9559] completion check
[❌]
[20:06:26] (Storyline)  If you're going to use insingias for the roents,
please do so before starting the script, as it
will stop otherwise if dont have them.
[20:06:27] (RankUpClass)  "Void Highlord" is already Rank 10 or you are not
a member and the item is members.
[20:06:36] (Unbank)  Roentgenium of Nulgath moved from bank
[20:06:38] (isCompletedBefore)  Famiglia di Carcano [9552] completion check [✔]
[20:06:48] (StartBuyAllMerge)  Found 0 items to purchase from shop [2410] on map
[voidchasm].
[20:06:50] (isCompletedBefore)  Feed the Fiend Shard [9555] completion check [✔]
[20:06:50] (QuestProgression)  Already Completed: [9555] - "Feed the Fiend Shard"
[20:06:52] (isCompletedBefore)  Grow the Fiend Shard [9556] completion check [✔]
[20:06:52] (QuestProgression)  Already Completed: [9556] - "Grow the Fiend Shard"
[20:06:53] (isCompletedBefore)  Evolve the Fiend Shard [9557] completion check [✔]
[20:06:53] (QuestProgression)  Already Completed: [9557] - "Evolve the Fiend
Shard"
[20:06:55] (isCompletedBefore)  The Fiend Shard's Demand [9558] completion check
[❌]
[20:06:55] (QuestProgression)  Doing Quest: [9558] - "The Fiend Shard's Demand"
[20:06:58] (isCompletedBefore)  Bear Facts [322] completion check [✔]
[20:07:00] (isCompletedBefore)  Follow your Nose! [327] completion check [✔]
[20:07:02] (isCompletedBefore)  Defeat Dirtlicker [8588] completion check [✔]
[20:07:04] (isCompletedBefore)  The Traitor [8583] completion check [✔]
[20:07:04] (GetSword)  Farming Wrath of Nulgath.
[20:07:13] (Unbank)  Dark Crystal Shard moved from bank
[20:07:22] (Unbank)  Diamond of Nulgath moved from bank
[20:07:31] (Unbank)  Gem of Nulgath moved from bank
[20:07:40] (Unbank)  Totem of Nulgath moved from bank
[20:07:49] (Unbank)  Tainted Gem moved from bank
[20:08:00] (Unbank)  Essence of Nulgath moved from bank
[20:08:12] (Unbank)  Nulgath's Approval moved from bank
[20:08:21] (Unbank)  Archfiend's Favor moved from bank
[20:08:36] (JuggItems)  ... Overfiend_Blade_of_Nulgath ...
[20:08:44] (Supplies)  if Swindles is enabled, it will only accept the
quest when it has the required Unis it needs
[20:08:44] (Supplies)  Do Return Policy?: True
Sell Voucher of Nulgath:
False
[20:08:44] (Supplies)  Item: Unidentified 13 Quantity: 1
 UltraAlteon:
False
 KeepVoucher: False
 AssistantDuring: False

ReturnItem:
Staff has respawned!
Staff has respawned!
Staff has respawned!
Staff has respawned!
Staff has respawned!
Staff has respawned!
Staff has respawned!
Staff has respawned!
Staff has respawned!
Staff has respawned!
Staff has respawned!
Staff has respawned!
Staff has respawned!
Staff has respawned!
Staff has respawned!
Staff has respawned!
Staff has respawned!
Staff has respawned!
Staff has respawned!
Staff has respawned!
Staff has respawned!
Staff has respawned!
Staff has respawned!
Staff has respawned!
Staff has respawned!
Staff has respawned!
Staff has respawned!
Staff has respawned!
[20:15:53] (KillEscherion)  Completing with: Receipt of Swindle [ID: 57446]
Staff has respawned!
[20:16:14] (HuntMonster)  Farming Undead Bruiser Rune (0/1)
[20:16:27] (FarmVoucher)  KeepVoucher set to True
[20:16:31] (Supplies)  if Swindles is enabled, it will only accept the
quest when it has the required Unis it needs
[20:16:31] (Supplies)  Do Return Policy?: True
Sell Voucher of Nulgath:
False
[20:16:31] (Supplies)  Item: Voucher of Nulgath (non-mem) Quantity: 1

UltraAlteon: False
 KeepVoucher: True

AssistantDuring: False
 ReturnItem:
Staff has respawned!
Staff has respawned!
Staff has respawned!
Staff has respawned!
Staff has respawned!
Staff has respawned!
Staff has respawned!
Staff has respawned!
Staff has respawned!
Staff has respawned!
Staff has respawned!
Staff has respawned!
Staff has respawned!
Staff has respawned!
Staff has respawned!
Staff has respawned!
Staff has respawned!
Staff has respawned!
Staff has respawned!
Staff has respawned!
Staff has respawned!
Staff has respawned!
Staff has respawned!
Staff has respawned!
Staff has respawned!
Staff has respawned!
Staff has respawned!
Staff has respawned!
Staff has respawned!
Staff has respawned!
Staff has respawned!
Staff has respawned!
Staff has respawned!
Staff has respawned!
Staff has respawned!
Staff has respawned!
Staff has respawned!
Staff has respawned!
Staff has respawned!
Staff has respawned!
Staff has respawned!
Staff has respawned!
Staff has respawned!
Staff has respawned!
Staff has respawned!
Staff has respawned!
Staff has respawned!
Staff has respawned!
Staff has respawned!
Staff has respawned!
Staff has respawned!
Staff has respawned!
Staff has respawned!
Staff has respawned!
Staff has respawned!
Staff has respawned!
Staff has respawned!
Staff has respawned!
Staff has respawned!
Staff has respawned!
Staff has respawned!
Staff has respawned!
Staff has respawned!
Staff has respawned!
Staff has respawned!
Staff has respawned!
Staff has respawned!
Staff has respawned!
Staff has respawned!
Staff has respawned!
Staff has respawned!
Staff has respawned!
Staff has respawned!
Staff has respawned!
Staff has respawned!
Staff has respawned!
Staff has respawned!
Staff has respawned!
Staff has respawned!
Staff has respawned!
Staff has respawned!
Staff has respawned!
Staff has respawned!
Staff has respawned!
Staff has respawned!
Staff has respawned!
Staff has respawned!
Staff has respawned!
Staff has respawned!
Staff has respawned!
Staff has respawned!
Staff has respawned!
Staff has respawned!
Staff has respawned!
Staff has respawned!
Staff has respawned!
Staff has respawned!
Staff has respawned!
Staff has respawned!
Staff has respawned!
Staff has respawned!
Staff has respawned!
Staff has respawned!
Staff has respawned!
Staff has respawned!
Staff has respawned!
Staff has respawned!
Staff has respawned!
Staff has respawned!
Staff has respawned!
Staff has respawned!
Staff has respawned!
Staff has respawned!
Staff has respawned!
Staff has respawned!
Staff has respawned!
Staff has respawned!
Staff has respawned!
Staff has respawned!
Staff has respawned!
Staff has respawned!
Staff has respawned!
Staff has respawned!
Staff has respawned!
Staff has respawned!
Staff has respawned!
Staff has respawned!
Staff has respawned!
Staff has respawned!
Staff has respawned!
Staff has respawned!
Staff has respawned!
Staff has respawned!
Staff has respawned!
Staff has respawned!
Staff has respawned!
Staff has respawned!
Staff has respawned!
Staff has respawned!
[20:48:14] (_CalcBuyQuantity)  Requirement Unidentified 13: needed 1, current 2
[20:48:14] (_CalcBuyQuantity)  Requirement Tainted Gem: needed 80, current 760
[20:48:15] (_CalcBuyQuantity)  Requirement Dark Crystal Shard: needed 60, current
711
[20:48:15] (_CalcBuyQuantity)  Requirement Diamond of Nulgath: needed 100,
current 1000
[20:48:16] (_CalcBuyQuantity)  Requirement Voucher of Nulgath: needed 1, current
1
[20:48:17] (_CalcBuyQuantity)  Requirement Voucher of Nulgath (non-mem): needed
1, current 1
[20:48:17] (_CalcBuyQuantity)  Requirement Overfiend Blade of Nulgath: needed 1,
current 1
[20:48:20] (BuyItem)  Bought 1 Wrath of Nulgath
[20:48:31] (StartBuyAllMerge)  Farming to buy Ancient Shogun Armor (#0/1)
[20:48:32] (StartBuyAllMerge)  Item: "Crypt Samurai  [69947"] is in the shop!
[20:48:33] (StartBuyAllMerge)  Item: "Crypt Knight  [69951"] is in the shop.
[20:48:35] (StartBuyAllMerge)  Item: "Crypt Soldier  [69959"] is in the shop.
[20:48:35] (StartBuyAllMerge)  Buying Crypt Soldier [69959] from the shop.
[20:48:41] (_CalcBuyQuantity)  Requirement Diamond of Nulgath: needed 20, current
900
[20:48:44] (BuyItem)  Bought 1 Crypt Soldier
[20:48:45] (StartBuyAllMerge)  Buying Crypt Knight [69951] from the shop.
[20:48:48] (_CalcBuyQuantity)  Requirement Crypt Soldier: needed 1, current 1
[20:48:49] (_CalcBuyQuantity)  Requirement Tainted Gem: needed 40, current 680
[20:48:49] (_CalcBuyQuantity)  Requirement Diamond of Nulgath: needed 60, current
880
[20:48:52] (BuyItem)  Bought 1 Crypt Knight
[20:48:53] (StartBuyAllMerge)  Buying Crypt Samurai [69947] from the shop.
[20:48:57] (_CalcBuyQuantity)  Requirement Crypt Knight: needed 1, current 1
[20:48:57] (_CalcBuyQuantity)  Requirement Tainted Gem: needed 60, current 640
[20:48:58] (_CalcBuyQuantity)  Requirement Diamond of Nulgath: needed 80, current
820
[20:48:59] (_CalcBuyQuantity)  Requirement Dark Crystal Shard: needed 40, current
651
[20:49:01] (BuyItem)  Bought 1 Crypt Samurai
[20:49:04] (StartBuyAllMerge)  Totem of Nulgath [5357] is an external item (not
from this shop), attempting to farm it from The
ingredient list.
[20:49:57] (EssenceofNulgath)  Farming Essence of Nulgath (5/25)
[20:56:42] (EssenceofNulgath)  Farming Essence of Nulgath (0/25)
[21:06:37] (EssenceofNulgath)  Farming Essence of Nulgath (0/25)
[21:20:56] (StartBuyAllMerge)  Blood Gem of the Archfiend [22332] is an external
item (not from this shop), attempting to farm it
from The ingredient list.
[21:20:59] (FarmContractExchage)  Missing "Drudgen the Assistant"
[21:21:12] (Unbank)  Hydra Scale Piece moved from bank
[21:21:18] (BloodyChaos)  Farming Blood Gem of the Archfiend (0/35)
[21:29:31] (KillEscherion)  Farming Escherion's Helm (0/1)
[21:31:53] (SetOptions)  Script ran for 01:26:23
[21:31:56] (SetOptions)  Bot Started [Enhancement/UnlockForgeEnhancements]
Script already running.
[21:31:58] (StopBot)  Bot stopped due to Auto-Relogin failure.
[21:31:59] (SetOptions)  Auto Login triggered
[21:32:09] (SetOptions)  [SetOptions] Anti-Lag in CBO is off. Skipping
privacy settings.
[21:32:16] (BankACMisc)  Banking misc AC items [10 items]: "Unidentified
13", "Tainted Gem", "Dark Crystal Shard", "Diamond
of Nulgath", "Totem of Nulgath", "Gem of Nulgath",
"Archfiend's Favor", "Nulgath's Approval",
"Roentgenium of Nulgath", "Hydra Scale Piece"
[21:32:21] (ToBank)  Unidentified 13 moved to bank.
[21:32:24] (ToBank)  Tainted Gem moved to bank.
[21:32:27] (ToBank)  Dark Crystal Shard moved to bank.
[21:32:29] (ToBank)  Diamond of Nulgath moved to bank.
[21:32:32] (ToBank)  Totem of Nulgath moved to bank.
[21:32:35] (ToBank)  Gem of Nulgath moved to bank.
[21:32:37] (ToBank)  Archfiend's Favor moved to bank.
[21:32:40] (ToBank)  Nulgath's Approval moved to bank.
[21:32:43] (ToBank)  Roentgenium of Nulgath moved to bank.
[21:32:45] (ToBank)  Hydra Scale Piece moved to bank.
[21:32:49] (SetOptions)  Bot Configured
[21:32:49] (ForgeUnlocks)  Selected Forge Weapon Enhancement: Ravenous
[21:32:51] (isCompletedBefore)  Ravenous [9560] completion check [❌]
[21:32:51] (Ravenous)  Unlocking Enhancement: Ravenous
[21:32:52] (isCompletedBefore)  The Fiend Shard's Finale [9559] completion check
[❌]
[21:32:52] (Storyline)  If you're going to use insingias for the roents,
please do so before starting the script, as it
will stop otherwise if dont have them.
[21:32:53] (RankUpClass)  "Void Highlord" is already Rank 10 or you are not
a member and the item is members.
[21:33:02] (Unbank)  Roentgenium of Nulgath moved from bank
[21:33:04] (isCompletedBefore)  Famiglia di Carcano [9552] completion check [✔]
[21:33:13] (StartBuyAllMerge)  Found 0 items to purchase from shop [2410] on map
[voidchasm].
[21:33:16] (isCompletedBefore)  Feed the Fiend Shard [9555] completion check [✔]
[21:33:16] (QuestProgression)  Already Completed: [9555] - "Feed the Fiend Shard"
[21:33:17] (isCompletedBefore)  Grow the Fiend Shard [9556] completion check [✔]
[21:33:17] (QuestProgression)  Already Completed: [9556] - "Grow the Fiend Shard"
[21:33:19] (isCompletedBefore)  Evolve the Fiend Shard [9557] completion check [✔]
[21:33:19] (QuestProgression)  Already Completed: [9557] - "Evolve the Fiend
Shard"
[21:33:20] (isCompletedBefore)  The Fiend Shard's Demand [9558] completion check
[❌]
[21:33:20] (QuestProgression)  Doing Quest: [9558] - "The Fiend Shard's Demand"
[21:33:24] (isCompletedBefore)  Bear Facts [322] completion check [✔]
[21:33:25] (isCompletedBefore)  Follow your Nose! [327] completion check [✔]
[21:33:35] (StartBuyAllMerge)  Farming to buy Ancient Shogun Armor (#0/1)
[21:33:44] (Unbank)  Tainted Gem moved from bank
[21:33:54] (Unbank)  Dark Crystal Shard moved from bank
[21:34:04] (Unbank)  Diamond of Nulgath moved from bank
[21:34:15] (Unbank)  Totem of Nulgath moved from bank
[21:34:25] (Unbank)  Gem of Nulgath moved from bank
[21:34:26] (StartBuyAllMerge)  Blood Gem of the Archfiend [22332] is an external
item (not from this shop), attempting to farm it
from The ingredient list.
[21:34:28] (FarmContractExchage)  Missing "Drudgen the Assistant"
[21:34:41] (Unbank)  Hydra Scale Piece moved from bank
[21:34:53] (Unbank)  Unidentified 13 moved from bank
[21:34:55] (BloodyChaos)  Farming Blood Gem of the Archfiend (0/35)
[21:35:06] (KillEscherion)  Farming Escherion's Helm (0/1)
Staff has respawned!
Staff has respawned!
Staff has respawned!
[21:36:30] (KillVath)  Killing Vath for Shattered Legendary Sword of
Dragon Control (0/1) [Temp = False]
[21:40:41] (HuntMonster)  Farming Hydra Scale Piece (12/200)
[21:46:37] (KillEscherion)  Farming Escherion's Helm (0/1)
Staff has respawned!
[21:47:23] (KillVath)  Killing Vath for Shattered Legendary Sword of
Dragon Control (0/1) [Temp = False]
[21:48:28] (HuntMonster)  Farming Hydra Scale Piece (2/200)
[21:56:32] (KillEscherion)  Farming Escherion's Helm (0/1)
[21:57:12] (KillVath)  Killing Vath for Shattered Legendary Sword of
Dragon Control (0/1) [Temp = False]
[22:01:43] (HuntMonster)  Farming Hydra Scale Piece (8/200)
[22:02:05] (SetOptions)  Script ran for 00:30:09
[22:02:23] (_Equip)  Equipped item: Arcana Invoker (ID: 85252)
[22:02:23] (StopBot)  Bot stopped successfully.
[CORE] System online
[DEBUG] Checking potion: Sage Tonic
[DEBUG] Buying Sage Tonic
[DEBUG] Equipping Sage Tonic
[DEBUG] Using Sage Tonic
[DEBUG] Checking potion: Potent Malevolence Elixir
[DEBUG] Buying Potent Malevolence Elixir
[DEBUG] Equipping Potent Malevolence Elixir
[DEBUG] Using Potent Malevolence Elixir
[Army] Waiting for army: 0/3 players ready
[Army] Waiting for army: 1/3 players ready
[Army] Waiting for army: 2/3 players ready
[Army] All players ready (4), final buffing...
[Army] Waiting 3000ms for coordination...
[Army] Ready to proceed!
[CORE] System offline
[CORE] System online
[DEBUG] Checking potion: Sage Tonic
[DEBUG] Buying Sage Tonic
[DEBUG] Equipping Sage Tonic
[DEBUG] Using Sage Tonic
[DEBUG] Checking potion: Potent Malevolence Elixir
[DEBUG] Potent Malevolence Elixir aura already active, skipping
[Army] Waiting for army: 2/3 players ready
[Army] All players ready (4), final buffing...
[Army] Waiting 3000ms for coordination...
[Army] Ready to proceed!
Arcana Invoker Class
Arcana Invoker Class
Has XXI - The World: True
Arcana Invoker Class
Has XXI - The World: True
Arcana Invoker Class
Arcana Invoker Class
Has XXI - The World: True
Arcana Invoker Class
Has XXI - The World: True
Arcana Invoker Class
Has XXI - The World: True
Arcana Invoker Class
Has XXI - The World: True
Arcana Invoker Class
Has XXI - The World: True
Arcana Invoker Class
Has XXI - The World: True
Arcana Invoker Class
Arcana Invoker Class
Has XXI - The World: True
Arcana Invoker Class
Has XXI - The World: True
Arcana Invoker Class
Arcana Invoker Class
Has XXI - The World: True
Arcana Invoker Class
Has XXI - The World: True
Arcana Invoker Class
Has XXI - The World: True
Arcana Invoker Class
Arcana Invoker Class
Arcana Invoker Class
Has XXI - The World: True
Arcana Invoker Class
Has XXI - The World: True
Arcana Invoker Class
Arcana Invoker Class
Has XXI - The World: True
Arcana Invoker Class
Has XXI - The World: True
Arcana Invoker Class
Has XXI - The World: True
Arcana Invoker Class
Has XXI - The World: True
Arcana Invoker Class
Has XXI - The World: True
Arcana Invoker Class
Has XXI - The World: True
Arcana Invoker Class
Has XXI - The World: True
[CORE] System offline
[CORE] System online
[DEBUG] Checking potion: Sage Tonic
[DEBUG] Buying Sage Tonic
[DEBUG] Equipping Sage Tonic
[DEBUG] Using Sage Tonic
[DEBUG] Checking potion: Potent Malevolence Elixir
[DEBUG] Buying Potent Malevolence Elixir
[DEBUG] Equipping Potent Malevolence Elixir
[DEBUG] Using Potent Malevolence Elixir
[Army] All players ready (4), final buffing...
[Army] Waiting 3000ms for coordination...
[Army] Ready to proceed!
Arcana Invoker Class
Arcana Invoker Class
Has XXI - The World: True
Arcana Invoker Class
Has XXI - The World: True
Arcana Invoker Class
Has XXI - The World: True
Arcana Invoker Class
Has XXI - The World: True
Arcana Invoker Class
Has XXI - The World: True
Arcana Invoker Class
Has XXI - The World: True
Arcana Invoker Class
Has XXI - The World: True
Arcana Invoker Class
Has XXI - The World: True
Arcana Invoker Class
Arcana Invoker Class
Has XXI - The World: True
Arcana Invoker Class
Has XXI - The World: True
Arcana Invoker Class
Has XXI - The World: True
Arcana Invoker Class
Arcana Invoker Class
Has XXI - The World: True
Arcana Invoker Class
Has XXI - The World: True
Arcana Invoker Class
Has XXI - The World: True
Arcana Invoker Class
Has XXI - The World: True
Arcana Invoker Class
Has XXI - The World: True
Arcana Invoker Class
Has XXI - The World: True
Arcana Invoker Class
Has XXI - The World: True
Arcana Invoker Class
Has XXI - The World: True
Arcana Invoker Class
Has XXI - The World: True
Arcana Invoker Class
Arcana Invoker Class
Has XXI - The World: True
Arcana Invoker Class
Arcana Invoker Class
Has XXI - The World: True
Arcana Invoker Class
Has XXI - The World: True
Arcana Invoker Class
Has XXI - The World: True
Arcana Invoker Class
Has XXI - The World: True
[CORE] System offline
[CORE] System online
[DEBUG] Checking potion: Sage Tonic
[DEBUG] Buying Sage Tonic
[DEBUG] Equipping Sage Tonic
[DEBUG] Using Sage Tonic
[DEBUG] Checking potion: Potent Malevolence Elixir
[DEBUG] Buying Potent Malevolence Elixir
[DEBUG] Equipping Potent Malevolence Elixir
[DEBUG] Using Potent Malevolence Elixir
[Army] Waiting for army: 0/3 players ready
[Army] Waiting for army: 1/3 players ready
[Army] Waiting for army: 2/3 players ready
[Army] All players ready (4), final buffing...
[Army] Waiting 3000ms for coordination...
[Army] Ready to proceed!
Arcana Invoker Class
Arcana Invoker Class
Has XXI - The World: True
Arcana Invoker Class
Has XXI - The World: True
Arcana Invoker Class
Has XXI - The World: True
Arcana Invoker Class
Has XXI - The World: True
Arcana Invoker Class
Has XXI - The World: True
Arcana Invoker Class
Has XXI - The World: True
Arcana Invoker Class
Has XXI - The World: True
Arcana Invoker Class
Arcana Invoker Class
Has XXI - The World: True
Arcana Invoker Class
Has XXI - The World: True
Arcana Invoker Class
Has XXI - The World: True
Arcana Invoker Class
Arcana Invoker Class
Has XXI - The World: True
Arcana Invoker Class
Has XXI - The World: True
Arcana Invoker Class
Arcana Invoker Class
Has XXI - The World: True
Arcana Invoker Class
Has XXI - The World: True
Arcana Invoker Class
Arcana Invoker Class
Has XXI - The World: True
Arcana Invoker Class
Has XXI - The World: True
Arcana Invoker Class
Arcana Invoker Class
Has XXI - The World: True
Arcana Invoker Class
Has XXI - The World: True
Arcana Invoker Class
Arcana Invoker Class
Has XXI - The World: True
[CORE] System offline
[CORE] System online
[DEBUG] Checking potion: Sage Tonic
[DEBUG] Buying Sage Tonic
[DEBUG] Equipping Sage Tonic
[DEBUG] Using Sage Tonic
[DEBUG] Checking potion: Potent Malevolence Elixir
[DEBUG] Buying Potent Malevolence Elixir
[DEBUG] Equipping Potent Malevolence Elixir
[DEBUG] Using Potent Malevolence Elixir
[Army] All players ready (4), final buffing...
[Army] Waiting 3000ms for coordination...
[Army] Ready to proceed!
[CORE] System offline
[CORE] System online
[DEBUG] Checking potion: Sage Tonic
[DEBUG] Buying Sage Tonic
[DEBUG] Equipping Sage Tonic
[DEBUG] Using Sage Tonic
[DEBUG] Checking potion: Potent Malevolence Elixir
[DEBUG] Potent Malevolence Elixir aura already active, skipping
[Army] Waiting for army: 2/3 players ready
[Army] All players ready (4), final buffing...
[Army] Waiting 3000ms for coordination...
[Army] Ready to proceed!
[CORE] System offline
[CORE] System online
[FARMING] Killing Boss Dummy for 1x Celestial Staff
[CORE] System offline
[CORE] System online
[FARMING] Killing Boss Dummy for 1x Celestial Staff
Arcana Invoker Class
Arcana Invoker Class
Arcana Invoker Class
Arcana Invoker Class
Arcana Invoker Class
Arcana Invoker Class
Arcana Invoker Class
Arcana Invoker Class
Arcana Invoker Class
Arcana Invoker Class
Arcana Invoker Class
Arcana Invoker Class
Arcana Invoker Class
Arcana Invoker Class
Arcana Invoker Class
Arcana Invoker Class
Arcana Invoker Class
Arcana Invoker Class
Arcana Invoker Class
Arcana Invoker Class
Arcana Invoker Class
Arcana Invoker Class
Arcana Invoker Class
Arcana Invoker Class
Arcana Invoker Class
Arcana Invoker Class
Arcana Invoker Class
Arcana Invoker Class
Arcana Invoker Class
Arcana Invoker Class
Arcana Invoker Class
Arcana Invoker Class
Arcana Invoker Class
Arcana Invoker Class
Arcana Invoker Class
Arcana Invoker Class
Arcana Invoker Class
Arcana Invoker Class
Arcana Invoker Class
Arcana Invoker Class
Arcana Invoker Class
Arcana Invoker Class
Arcana Invoker Class
Arcana Invoker Class
Arcana Invoker Class
Arcana Invoker Class
Arcana Invoker Class
Arcana Invoker Class
Arcana Invoker Class
Arcana Invoker Class
Arcana Invoker Class
Arcana Invoker Class
Arcana Invoker Class
Arcana Invoker Class
Arcana Invoker Class
Arcana Invoker Class
Arcana Invoker Class
Arcana Invoker Class
Arcana Invoker Class
Arcana Invoker Class
Arcana Invoker Class
[CORE] System offline
[CORE] System online
[FARMING] Killing Boss Dummy for 1x Celestial Staff
Left XXI - The World: True
Left XXI - The World: True
Has 0 - The Fool: False
Left XXI - The World: True
Has 0 - The Fool: False
Left XXI - The World: True
Has 0 - The Fool: False
Left XXI - The World: True
Has 0 - The Fool: False
Left XXI - The World: True
Has 0 - The Fool: False
Left XXI - The World: True
Has 0 - The Fool: False
Left XXI - The World: True
Has 0 - The Fool: False
Left XXI - The World: True
Has 0 - The Fool: False
Left XXI - The World: True
Has 0 - The Fool: False
Left XXI - The World: True
Has 0 - The Fool: False
Left XXI - The World: True
Has 0 - The Fool: False
Left XXI - The World: True
Has 0 - The Fool: False
Left XXI - The World: True
Has 0 - The Fool: False
Left XXI - The World: True
Has 0 - The Fool: False
Left XXI - The World: True
Has 0 - The Fool: False
Left XXI - The World: True
Has 0 - The Fool: False
Left XXI - The World: True
Has 0 - The Fool: False
Left XXI - The World: True
Has 0 - The Fool: False
Left XXI - The World: True
Has 0 - The Fool: False
Left XXI - The World: True
Has 0 - The Fool: False
Left XXI - The World: True
Has 0 - The Fool: False
Left XXI - The World: True
Has 0 - The Fool: False
Left XXI - The World: True
Has 0 - The Fool: False
Left XXI - The World: True
Has 0 - The Fool: False
Left XXI - The World: True
Has 0 - The Fool: False
Left XXI - The World: True
Has 0 - The Fool: False
Left XXI - The World: True
Has 0 - The Fool: False
Left XXI - The World: True
Left XXI - The World: True
Has 0 - The Fool: False
Left XXI - The World: True
Has 0 - The Fool: False
Left XXI - The World: True
Has 0 - The Fool: False
Left XXI - The World: True
Has 0 - The Fool: False
Left XXI - The World: True
Has 0 - The Fool: False
Left XXI - The World: True
Has 0 - The Fool: False
Left XXI - The World: True
Has 0 - The Fool: False
Left XXI - The World: True
Has 0 - The Fool: False
Left XXI - The World: True
Has 0 - The Fool: False
Left XXI - The World: True
Has 0 - The Fool: False
Left XXI - The World: True
Has 0 - The Fool: False
Left XXI - The World: True
Has 0 - The Fool: False
Left XXI - The World: True
Has 0 - The Fool: False
Left XXI - The World: True
Has 0 - The Fool: False
Left XXI - The World: True
Has 0 - The Fool: False
Left XXI - The World: True
Has 0 - The Fool: False
[CORE] System offline
[CORE] System online
[FARMING] Killing Boss Dummy for 1x Celestial Staff
Left XXI - The World: False
Has 0 - The Fool: True
Left XXI - The World: False
Has 0 - The Fool: True
Left XXI - The World: False
Has 0 - The Fool: True
Left XXI - The World: False
Has 0 - The Fool: False
Left XXI - The World: False
Has 0 - The Fool: False
Left XXI - The World: False
Has 0 - The Fool: False
Left XXI - The World: False
Has 0 - The Fool: False
Left XXI - The World: False
Has 0 - The Fool: False
Left XXI - The World: False
Has 0 - The Fool: False
Left XXI - The World: False
Has 0 - The Fool: False
Left XXI - The World: False
Has 0 - The Fool: False
Left XXI - The World: False
Has 0 - The Fool: False
Left XXI - The World: False
Has 0 - The Fool: False
Left XXI - The World: False
Has 0 - The Fool: False
Left XXI - The World: False
Has 0 - The Fool: False
Left XXI - The World: False
Has 0 - The Fool: False
Left XXI - The World: False
Has 0 - The Fool: False
Left XXI - The World: False
Has 0 - The Fool: False
Left XXI - The World: False
Has 0 - The Fool: False
Left XXI - The World: False
Has 0 - The Fool: False
Left XXI - The World: False
Has 0 - The Fool: False
Left XXI - The World: False
Has 0 - The Fool: False
Left XXI - The World: False
Has 0 - The Fool: False
Left XXI - The World: False
Has 0 - The Fool: False
Left XXI - The World: False
Has 0 - The Fool: False
Left XXI - The World: False
Has 0 - The Fool: False
Left XXI - The World: False
Has 0 - The Fool: False
Left XXI - The World: False
Has 0 - The Fool: False
Left XXI - The World: False
Has 0 - The Fool: False
Left XXI - The World: False
Has 0 - The Fool: False
Left XXI - The World: False
Has 0 - The Fool: False
Left XXI - The World: False
Has 0 - The Fool: False
Left XXI - The World: False
Has 0 - The Fool: False
Left XXI - The World: False
Has 0 - The Fool: False
Left XXI - The World: False
Has 0 - The Fool: False
Left XXI - The World: False
Has 0 - The Fool: False
Left XXI - The World: False
Has 0 - The Fool: False
Left XXI - The World: False
Has 0 - The Fool: False
Left XXI - The World: False
Has 0 - The Fool: False
Left XXI - The World: False
Has 0 - The Fool: False
Left XXI - The World: False
Has 0 - The Fool: False
Left XXI - The World: False
Has 0 - The Fool: False
Left XXI - The World: False
Has 0 - The Fool: False
Left XXI - The World: False
Has 0 - The Fool: False
Left XXI - The World: False
Has 0 - The Fool: False
Left XXI - The World: False
Has 0 - The Fool: False
Left XXI - The World: False
Has 0 - The Fool: False
Left XXI - The World: False
Has 0 - The Fool: False
Left XXI - The World: False
Has 0 - The Fool: False
Left XXI - The World: False
Has 0 - The Fool: False
Left XXI - The World: False
Has 0 - The Fool: False
Left XXI - The World: False
Has 0 - The Fool: False
Left XXI - The World: False
Has 0 - The Fool: False
Left XXI - The World: False
Has 0 - The Fool: False
Left XXI - The World: False
Has 0 - The Fool: False
Left XXI - The World: False
Has 0 - The Fool: False
Left XXI - The World: False
Has 0 - The Fool: False
Left XXI - The World: False
Has 0 - The Fool: False
Left XXI - The World: False
Has 0 - The Fool: False
Left XXI - The World: False
Has 0 - The Fool: False
Left XXI - The World: False
Has 0 - The Fool: False
Left XXI - The World: False
Has 0 - The Fool: False
Left XXI - The World: False
Has 0 - The Fool: False
Left XXI - The World: False
Has 0 - The Fool: False
Left XXI - The World: False
Has 0 - The Fool: False
Left XXI - The World: False
Has 0 - The Fool: False
Left XXI - The World: False
Has 0 - The Fool: False
Left XXI - The World: False
Has 0 - The Fool: False
Left XXI - The World: False
Has 0 - The Fool: False
Left XXI - The World: False
Has 0 - The Fool: False
Left XXI - The World: False
Has 0 - The Fool: False
Left XXI - The World: False
Has 0 - The Fool: False
Left XXI - The World: False
Has 0 - The Fool: False
Left XXI - The World: False
Has 0 - The Fool: False
Left XXI - The World: False
Has 0 - The Fool: False
Left XXI - The World: False
Has 0 - The Fool: False
Left XXI - The World: False
Has 0 - The Fool: False
Left XXI - The World: False
Has 0 - The Fool: False
Left XXI - The World: False
Has 0 - The Fool: False
Left XXI - The World: False
Has 0 - The Fool: False
Left XXI - The World: False
Has 0 - The Fool: False
Left XXI - The World: False
Has 0 - The Fool: False
Left XXI - The World: False
Has 0 - The Fool: False
Left XXI - The World: False
Has 0 - The Fool: False
Left XXI - The World: False
Has 0 - The Fool: False
Left XXI - The World: False
Has 0 - The Fool: False
Left XXI - The World: False
Has 0 - The Fool: False
Left XXI - The World: False
Has 0 - The Fool: False
Left XXI - The World: False
Has 0 - The Fool: False
Left XXI - The World: False
Has 0 - The Fool: False
Left XXI - The World: False
Has 0 - The Fool: False
Left XXI - The World: False
Has 0 - The Fool: False
Left XXI - The World: False
Has 0 - The Fool: False
Left XXI - The World: False
Has 0 - The Fool: False
Left XXI - The World: False
Has 0 - The Fool: False
Left XXI - The World: False
Has 0 - The Fool: False
Left XXI - The World: False
Has 0 - The Fool: False
Left XXI - The World: False
Has 0 - The Fool: False
Left XXI - The World: False
Has 0 - The Fool: False
Left XXI - The World: False
Has 0 - The Fool: False
Left XXI - The World: False
Has 0 - The Fool: False
Left XXI - The World: False
Has 0 - The Fool: False
Left XXI - The World: False
Has 0 - The Fool: False
Left XXI - The World: False
Has 0 - The Fool: False
Left XXI - The World: False
Has 0 - The Fool: False
Left XXI - The World: False
Has 0 - The Fool: False
Left XXI - The World: False
Has 0 - The Fool: False
Left XXI - The World: False
Has 0 - The Fool: False
Left XXI - The World: False
Has 0 - The Fool: False
Left XXI - The World: False
Has 0 - The Fool: False
Left XXI - The World: False
Has 0 - The Fool: False
Left XXI - The World: False
Has 0 - The Fool: False
Left XXI - The World: False
Has 0 - The Fool: False
Left XXI - The World: False
Has 0 - The Fool: False
Left XXI - The World: False
Has 0 - The Fool: False
Left XXI - The World: False
Has 0 - The Fool: False
Left XXI - The World: False
Has 0 - The Fool: False
Left XXI - The World: False
Has 0 - The Fool: False
Left XXI - The World: False
Has 0 - The Fool: False
Left XXI - The World: False
Has 0 - The Fool: False
Left XXI - The World: False
Has 0 - The Fool: False
Left XXI - The World: False
Has 0 - The Fool: False
Left XXI - The World: False
Has 0 - The Fool: False
Left XXI - The World: False
Has 0 - The Fool: False
Left XXI - The World: False
Has 0 - The Fool: False
Left XXI - The World: False
Has 0 - The Fool: False
Left XXI - The World: False
Has 0 - The Fool: False
Left XXI - The World: False
Has 0 - The Fool: False
Left XXI - The World: False
Has 0 - The Fool: False
Left XXI - The World: False
Has 0 - The Fool: False
Left XXI - The World: False
Has 0 - The Fool: False
Left XXI - The World: False
Has 0 - The Fool: False
Left XXI - The World: False
Has 0 - The Fool: False
Left XXI - The World: False
Has 0 - The Fool: False
Left XXI - The World: False
Has 0 - The Fool: False
Left XXI - The World: False
Has 0 - The Fool: False
Left XXI - The World: False
Has 0 - The Fool: False
Left XXI - The World: False
Has 0 - The Fool: False
Left XXI - The World: False
Has 0 - The Fool: False
Left XXI - The World: False
Has 0 - The Fool: False
Left XXI - The World: False
Has 0 - The Fool: False
Left XXI - The World: False
Has 0 - The Fool: False
Left XXI - The World: False
Has 0 - The Fool: False
Left XXI - The World: False
Has 0 - The Fool: False
Left XXI - The World: False
Has 0 - The Fool: False
Left XXI - The World: False
Has 0 - The Fool: False
Left XXI - The World: False
Has 0 - The Fool: False
Left XXI - The World: False
Has 0 - The Fool: False
Left XXI - The World: False
Has 0 - The Fool: False
Left XXI - The World: False
Has 0 - The Fool: False
Left XXI - The World: False
Has 0 - The Fool: False
Left XXI - The World: False
Has 0 - The Fool: False
Left XXI - The World: False
Has 0 - The Fool: False
Left XXI - The World: False
Has 0 - The Fool: False
Left XXI - The World: False
Has 0 - The Fool: False
Left XXI - The World: False
Has 0 - The Fool: False
Left XXI - The World: False
Has 0 - The Fool: False
Left XXI - The World: False
Has 0 - The Fool: False
Left XXI - The World: False
Has 0 - The Fool: False
Left XXI - The World: False
Has 0 - The Fool: False
Left XXI - The World: False
Has 0 - The Fool: False
Left XXI - The World: False
Has 0 - The Fool: False
Left XXI - The World: False
Has 0 - The Fool: False
Left XXI - The World: False
Has 0 - The Fool: False
Left XXI - The World: False
Has 0 - The Fool: False
Left XXI - The World: False
Has 0 - The Fool: False
Left XXI - The World: False
Has 0 - The Fool: False
Left XXI - The World: False
Has 0 - The Fool: False
Left XXI - The World: False
Has 0 - The Fool: False
Left XXI - The World: False
Has 0 - The Fool: False
Left XXI - The World: False
Has 0 - The Fool: False
Left XXI - The World: False
Has 0 - The Fool: False
Left XXI - The World: False
Has 0 - The Fool: False
Left XXI - The World: False
Has 0 - The Fool: False
Left XXI - The World: False
Has 0 - The Fool: False
Left XXI - The World: False
Has 0 - The Fool: False
Left XXI - The World: False
Has 0 - The Fool: False
Left XXI - The World: False
Has 0 - The Fool: False
Left XXI - The World: False
Has 0 - The Fool: False
Left XXI - The World: False
Has 0 - The Fool: False
Left XXI - The World: False
Has 0 - The Fool: False
Left XXI - The World: False
Has 0 - The Fool: False
Left XXI - The World: False
Has 0 - The Fool: False
Left XXI - The World: False
Has 0 - The Fool: False
Left XXI - The World: False
Has 0 - The Fool: False
Left XXI - The World: False
Has 0 - The Fool: False
Left XXI - The World: False
Has 0 - The Fool: False
Left XXI - The World: False
Has 0 - The Fool: False
Left XXI - The World: False
Has 0 - The Fool: False
Left XXI - The World: False
Has 0 - The Fool: False
Left XXI - The World: False
Has 0 - The Fool: False
Left XXI - The World: False
Has 0 - The Fool: False
Left XXI - The World: False
Has 0 - The Fool: False
Left XXI - The World: False
Has 0 - The Fool: False
Left XXI - The World: False
Has 0 - The Fool: False
Left XXI - The World: False
Has 0 - The Fool: False
Left XXI - The World: False
Has 0 - The Fool: False
Left XXI - The World: False
Has 0 - The Fool: False
Left XXI - The World: False
Has 0 - The Fool: False
Left XXI - The World: False
Has 0 - The Fool: False
Left XXI - The World: False
Has 0 - The Fool: False
Left XXI - The World: False
Has 0 - The Fool: False
Left XXI - The World: False
Has 0 - The Fool: False
Left XXI - The World: False
Has 0 - The Fool: False
Left XXI - The World: False
Has 0 - The Fool: False
Left XXI - The World: False
Has 0 - The Fool: False
Left XXI - The World: False
Has 0 - The Fool: False
Left XXI - The World: False
Has 0 - The Fool: False
Left XXI - The World: False
Has 0 - The Fool: False
Left XXI - The World: False
Has 0 - The Fool: False
Left XXI - The World: False
Has 0 - The Fool: False
Left XXI - The World: False
Has 0 - The Fool: False
Left XXI - The World: False
Has 0 - The Fool: False
Left XXI - The World: False
Has 0 - The Fool: False
Left XXI - The World: False
Has 0 - The Fool: False
Left XXI - The World: False
Has 0 - The Fool: False
Left XXI - The World: False
Has 0 - The Fool: False
Left XXI - The World: False
Has 0 - The Fool: False
Left XXI - The World: False
Has 0 - The Fool: False
Left XXI - The World: False
Has 0 - The Fool: False
Left XXI - The World: False
Has 0 - The Fool: False
Left XXI - The World: False
Has 0 - The Fool: False
Left XXI - The World: False
Has 0 - The Fool: False
Left XXI - The World: False
Has 0 - The Fool: False
Left XXI - The World: False
Has 0 - The Fool: False
Left XXI - The World: False
Has 0 - The Fool: False
Left XXI - The World: False
Has 0 - The Fool: True
Left XXI - The World: False
Has 0 - The Fool: True
Left XXI - The World: False
Has 0 - The Fool: True
Left XXI - The World: False
Has 0 - The Fool: True
Left XXI - The World: False
Has 0 - The Fool: True
Left XXI - The World: False
Has 0 - The Fool: True
Left XXI - The World: False
Has 0 - The Fool: True
Left XXI - The World: False
Has 0 - The Fool: True
Left XXI - The World: False
Has 0 - The Fool: True
Left XXI - The World: False
Has 0 - The Fool: True
Left XXI - The World: False
Has 0 - The Fool: False
Left XXI - The World: False
Has 0 - The Fool: False
Left XXI - The World: False
Has 0 - The Fool: False
Left XXI - The World: False
Has 0 - The Fool: False
Left XXI - The World: False
Has 0 - The Fool: False
Left XXI - The World: False
Has 0 - The Fool: False
Left XXI - The World: False
Has 0 - The Fool: False
Left XXI - The World: False
Has 0 - The Fool: False
Left XXI - The World: False
Has 0 - The Fool: False
Left XXI - The World: False
[CORE] System offline
Has 0 - The Fool: False
[CORE] System online
[FARMING] Killing Boss Dummy for 1x Celestial Staff
[CORE] System offline
[CORE] System online
[FARMING] Killing Boss Dummy for 1x Celestial Staff
[CORE] System offline
[CORE] System online
[FARMING] Killing Boss Dummy for 1x Celestial Staff
[CORE] System offline
[CORE] System online
[FARMING] Killing Boss Dummy for 1x Celestial Staff
[CORE] System offline
[CORE] System online
[FARMING] Killing Boss Dummy for 1x Celestial Staff
Has XX - The Judgement: False
 Has 0 - The Fool: False
Has XX - The Judgement: False
 Has 0 - The Fool: False
Has XX - The Judgement: False
 Has 0 - The Fool: False
Has XX - The Judgement: False
 Has 0 - The Fool: True
Has XX - The Judgement: False
 Has 0 - The Fool: True
Has XX - The Judgement: False
 Has 0 - The Fool: True
Has XX - The Judgement: False
 Has 0 - The Fool: True
Has XX - The Judgement: False
 Has 0 - The Fool: True
Has XX - The Judgement: False
 Has 0 - The Fool: True
Has XX - The Judgement: False
 Has 0 - The Fool: True
Has XX - The Judgement: False
 Has 0 - The Fool: True
Has XX - The Judgement: False
 Has 0 - The Fool: True
Has XX - The Judgement: False
 Has 0 - The Fool: True
Has XX - The Judgement: False
 Has 0 - The Fool: True
Has XX - The Judgement: False
 Has 0 - The Fool: True
Has XX - The Judgement: False
 Has 0 - The Fool: True
Has XX - The Judgement: False
 Has 0 - The Fool: True
Has XX - The Judgement: False
 Has 0 - The Fool: True
Has XX - The Judgement: False
 Has 0 - The Fool: True
Has XX - The Judgement: False
 Has 0 - The Fool: True
Has XX - The Judgement: False
 Has 0 - The Fool: True
Has XX - The Judgement: False
 Has 0 - The Fool: True
Has XX - The Judgement: False
 Has 0 - The Fool: True
Has XX - The Judgement: False
 Has 0 - The Fool: True
Has XX - The Judgement: False
 Has 0 - The Fool: True
Has XX - The Judgement: False
 Has 0 - The Fool: True
Has XX - The Judgement: False
 Has 0 - The Fool: True
Has XX - The Judgement: False
 Has 0 - The Fool: True
Has XX - The Judgement: False
 Has 0 - The Fool: True
Has XX - The Judgement: False
 Has 0 - The Fool: True
Has XX - The Judgement: False
 Has 0 - The Fool: True
Has XX - The Judgement: False
 Has 0 - The Fool: True
Has XX - The Judgement: False
 Has 0 - The Fool: True
Has XX - The Judgement: False
 Has 0 - The Fool: True
Has XX - The Judgement: False
 Has 0 - The Fool: True
Has XX - The Judgement: False
 Has 0 - The Fool: True
Has XX - The Judgement: False
 Has 0 - The Fool: True
Has XX - The Judgement: False
 Has 0 - The Fool: True
Has XX - The Judgement: False
 Has 0 - The Fool: True
Has XX - The Judgement: False
 Has 0 - The Fool: True
Has XX - The Judgement: False
 Has 0 - The Fool: True
Has XX - The Judgement: False
 Has 0 - The Fool: True
Has XX - The Judgement: False
 Has 0 - The Fool: True
Has XX - The Judgement: False
 Has 0 - The Fool: True
Has XX - The Judgement: False
 Has 0 - The Fool: True
Has XX - The Judgement: False
 Has 0 - The Fool: True
Has XX - The Judgement: False
 Has 0 - The Fool: True
Has XX - The Judgement: False
 Has 0 - The Fool: True
Has XX - The Judgement: False
 Has 0 - The Fool: True
Has XX - The Judgement: False
 Has 0 - The Fool: True
Has XX - The Judgement: False
 Has 0 - The Fool: True
Has XX - The Judgement: False
 Has 0 - The Fool: True
Has XX - The Judgement: False
 Has 0 - The Fool: True
Has XX - The Judgement: False
 Has 0 - The Fool: True
Has XX - The Judgement: False
 Has 0 - The Fool: True
Has XX - The Judgement: False
 Has 0 - The Fool: True
Has XX - The Judgement: False
 Has 0 - The Fool: True
Has XX - The Judgement: False
 Has 0 - The Fool: True
Has XX - The Judgement: False
 Has 0 - The Fool: True
Has XX - The Judgement: False
 Has 0 - The Fool: True
Has XX - The Judgement: False
 Has 0 - The Fool: True
Has XX - The Judgement: False
 Has 0 - The Fool: True
Has XX - The Judgement: False
 Has 0 - The Fool: True
Has XX - The Judgement: False
 Has 0 - The Fool: True
Has XX - The Judgement: False
 Has 0 - The Fool: True
Has XX - The Judgement: False
 Has 0 - The Fool: True
Has XX - The Judgement: False
 Has 0 - The Fool: True
Has XX - The Judgement: False
 Has 0 - The Fool: True
Has XX - The Judgement: False
 Has 0 - The Fool: True
Has XX - The Judgement: False
 Has 0 - The Fool: True
Has XX - The Judgement: False
 Has 0 - The Fool: True
Has XX - The Judgement: False
 Has 0 - The Fool: True
Has XX - The Judgement: False
 Has 0 - The Fool: True
Has XX - The Judgement: False
 Has 0 - The Fool: True
Has XX - The Judgement: False
 Has 0 - The Fool: True
Has XX - The Judgement: False
 Has 0 - The Fool: True
Has XX - The Judgement: False
 Has 0 - The Fool: True
Has XX - The Judgement: False
 Has 0 - The Fool: True
Has XX - The Judgement: False
 Has 0 - The Fool: True
Has XX - The Judgement: False
 Has 0 - The Fool: True
Has XX - The Judgement: False
 Has 0 - The Fool: True
Has XX - The Judgement: False
 Has 0 - The Fool: True
Has XX - The Judgement: False
 Has 0 - The Fool: True
Has XX - The Judgement: False
 Has 0 - The Fool: True
Has XX - The Judgement: False
 Has 0 - The Fool: True
Has XX - The Judgement: False
 Has 0 - The Fool: True
Has XX - The Judgement: False
 Has 0 - The Fool: True
Has XX - The Judgement: False
 Has 0 - The Fool: True
Has XX - The Judgement: False
 Has 0 - The Fool: True
Has XX - The Judgement: False
 Has 0 - The Fool: True
Has XX - The Judgement: False
 Has 0 - The Fool: True
Has XX - The Judgement: False
 Has 0 - The Fool: True
Has XX - The Judgement: False
 Has 0 - The Fool: True
Has XX - The Judgement: False
 Has 0 - The Fool: True
Has XX - The Judgement: False
 Has 0 - The Fool: True
Has XX - The Judgement: False
 Has 0 - The Fool: True
Has XX - The Judgement: False
 Has 0 - The Fool: True
Has XX - The Judgement: False
 Has 0 - The Fool: True
Has XX - The Judgement: False
 Has 0 - The Fool: True
Has XX - The Judgement: False
 Has 0 - The Fool: True
Has XX - The Judgement: False
 Has 0 - The Fool: True
Has XX - The Judgement: False
 Has 0 - The Fool: True
Has XX - The Judgement: False
 Has 0 - The Fool: True
Has XX - The Judgement: False
 Has 0 - The Fool: True
Has XX - The Judgement: False
 Has 0 - The Fool: True
Has XX - The Judgement: False
 Has 0 - The Fool: True
Has XX - The Judgement: False
 Has 0 - The Fool: True
Has XX - The Judgement: False
 Has 0 - The Fool: True
Has XX - The Judgement: False
 Has 0 - The Fool: True
Has XX - The Judgement: False
 Has 0 - The Fool: True
Has XX - The Judgement: False
 Has 0 - The Fool: True
Has XX - The Judgement: False
 Has 0 - The Fool: True
Has XX - The Judgement: False
 Has 0 - The Fool: True
Has XX - The Judgement: False
 Has 0 - The Fool: True
Has XX - The Judgement: False
 Has 0 - The Fool: True
Has XX - The Judgement: False
 Has 0 - The Fool: True
Has XX - The Judgement: False
 Has 0 - The Fool: True
Has XX - The Judgement: False
 Has 0 - The Fool: True
Has XX - The Judgement: False
 Has 0 - The Fool: True
Has XX - The Judgement: False
 Has 0 - The Fool: True
Has XX - The Judgement: False
 Has 0 - The Fool: True
Has XX - The Judgement: False
 Has 0 - The Fool: True
Has XX - The Judgement: False
 Has 0 - The Fool: True
Has XX - The Judgement: False
 Has 0 - The Fool: True
Has XX - The Judgement: False
 Has 0 - The Fool: True
Has XX - The Judgement: False
 Has 0 - The Fool: True
Has XX - The Judgement: False
 Has 0 - The Fool: True
Has XX - The Judgement: False
 Has 0 - The Fool: True
Has XX - The Judgement: False
 Has 0 - The Fool: True
Has XX - The Judgement: False
 Has 0 - The Fool: True
Has XX - The Judgement: False
 Has 0 - The Fool: True
Has XX - The Judgement: False
 Has 0 - The Fool: True
Has XX - The Judgement: False
 Has 0 - The Fool: True
Has XX - The Judgement: False
 Has 0 - The Fool: True
Has XX - The Judgement: False
 Has 0 - The Fool: True
Has XX - The Judgement: False
 Has 0 - The Fool: True
Has XX - The Judgement: False
 Has 0 - The Fool: True
Has XX - The Judgement: False
 Has 0 - The Fool: True
Has XX - The Judgement: False
 Has 0 - The Fool: True
Has XX - The Judgement: False
 Has 0 - The Fool: True
Has XX - The Judgement: False
 Has 0 - The Fool: True
Has XX - The Judgement: False
 Has 0 - The Fool: True
Has XX - The Judgement: False
 Has 0 - The Fool: True
Has XX - The Judgement: False
 Has 0 - The Fool: True
Has XX - The Judgement: False
 Has 0 - The Fool: True
Has XX - The Judgement: False
 Has 0 - The Fool: True
Has XX - The Judgement: False
 Has 0 - The Fool: True
Has XX - The Judgement: False
 Has 0 - The Fool: True
Has XX - The Judgement: False
 Has 0 - The Fool: True
Has XX - The Judgement: False
 Has 0 - The Fool: True
Has XX - The Judgement: False
 Has 0 - The Fool: True
Has XX - The Judgement: False
 Has 0 - The Fool: True
Has XX - The Judgement: False
 Has 0 - The Fool: True
Has XX - The Judgement: False
 Has 0 - The Fool: True
Has XX - The Judgement: False
 Has 0 - The Fool: True
Has XX - The Judgement: False
 Has 0 - The Fool: True
Has XX - The Judgement: False
 Has 0 - The Fool: True
Has XX - The Judgement: False
 Has 0 - The Fool: True
Has XX - The Judgement: False
 Has 0 - The Fool: True
Has XX - The Judgement: False
 Has 0 - The Fool: True
Has XX - The Judgement: False
 Has 0 - The Fool: True
Has XX - The Judgement: False
 Has 0 - The Fool: True
Has XX - The Judgement: False
 Has 0 - The Fool: True
Has XX - The Judgement: False
 Has 0 - The Fool: True
Has XX - The Judgement: False
 Has 0 - The Fool: True
Has XX - The Judgement: False
 Has 0 - The Fool: True
Has XX - The Judgement: False
 Has 0 - The Fool: True
Has XX - The Judgement: False
 Has 0 - The Fool: True
Has XX - The Judgement: False
 Has 0 - The Fool: True
Has XX - The Judgement: False
 Has 0 - The Fool: True
Has XX - The Judgement: False
 Has 0 - The Fool: True
Has XX - The Judgement: False
 Has 0 - The Fool: True
Has XX - The Judgement: False
 Has 0 - The Fool: True
Has XX - The Judgement: False
 Has 0 - The Fool: True
Has XX - The Judgement: False
 Has 0 - The Fool: True
Has XX - The Judgement: False
 Has 0 - The Fool: True
Has XX - The Judgement: False
 Has 0 - The Fool: True
Has XX - The Judgement: False
 Has 0 - The Fool: True
Has XX - The Judgement: False
 Has 0 - The Fool: True
Has XX - The Judgement: False
 Has 0 - The Fool: True
Has XX - The Judgement: False
 Has 0 - The Fool: True
Has XX - The Judgement: False
 Has 0 - The Fool: True
Has XX - The Judgement: False
 Has 0 - The Fool: True
Has XX - The Judgement: False
 Has 0 - The Fool: True
Has XX - The Judgement: False
 Has 0 - The Fool: True
Has XX - The Judgement: False
 Has 0 - The Fool: True
Has XX - The Judgement: False
 Has 0 - The Fool: True
Has XX - The Judgement: False
 Has 0 - The Fool: True
Has XX - The Judgement: False
 Has 0 - The Fool: True
Has XX - The Judgement: False
 Has 0 - The Fool: True
Has XX - The Judgement: False
 Has 0 - The Fool: True
Has XX - The Judgement: False
 Has 0 - The Fool: True
Has XX - The Judgement: False
 Has 0 - The Fool: True
Has XX - The Judgement: False
 Has 0 - The Fool: True
Has XX - The Judgement: False
 Has 0 - The Fool: True
Has XX - The Judgement: False
 Has 0 - The Fool: True
Has XX - The Judgement: False
 Has 0 - The Fool: True
Has XX - The Judgement: False
 Has 0 - The Fool: True
Has XX - The Judgement: False
 Has 0 - The Fool: True
Has XX - The Judgement: False
 Has 0 - The Fool: True
Has XX - The Judgement: False
 Has 0 - The Fool: True
Has XX - The Judgement: False
 Has 0 - The Fool: True
Has XX - The Judgement: False
 Has 0 - The Fool: True
Has XX - The Judgement: False
 Has 0 - The Fool: True
Has XX - The Judgement: False
 Has 0 - The Fool: True
Has XX - The Judgement: False
 Has 0 - The Fool: True
Has XX - The Judgement: False
 Has 0 - The Fool: True
Has XX - The Judgement: False
 Has 0 - The Fool: True
Has XX - The Judgement: False
 Has 0 - The Fool: True
Has XX - The Judgement: False
 Has 0 - The Fool: True
Has XX - The Judgement: False
 Has 0 - The Fool: True
Has XX - The Judgement: False
 Has 0 - The Fool: True
Has XX - The Judgement: False
 Has 0 - The Fool: True
Has XX - The Judgement: False
 Has 0 - The Fool: True
Has XX - The Judgement: False
 Has 0 - The Fool: True
Has XX - The Judgement: False
 Has 0 - The Fool: True
Has XX - The Judgement: False
 Has 0 - The Fool: True
Has XX - The Judgement: False
 Has 0 - The Fool: True
Has XX - The Judgement: False
 Has 0 - The Fool: True
Has XX - The Judgement: False
 Has 0 - The Fool: True
Has XX - The Judgement: False
 Has 0 - The Fool: True
Has XX - The Judgement: False
 Has 0 - The Fool: True
Has XX - The Judgement: False
 Has 0 - The Fool: True
Has XX - The Judgement: False
 Has 0 - The Fool: True
Has XX - The Judgement: False
 Has 0 - The Fool: True
Has XX - The Judgement: False
 Has 0 - The Fool: True
Has XX - The Judgement: False
 Has 0 - The Fool: True
Has XX - The Judgement: False
 Has 0 - The Fool: True
Has XX - The Judgement: False
 Has 0 - The Fool: True
Has XX - The Judgement: False
 Has 0 - The Fool: True
Has XX - The Judgement: False
 Has 0 - The Fool: True
Has XX - The Judgement: False
 Has 0 - The Fool: True
Has XX - The Judgement: False
 Has 0 - The Fool: True
Has XX - The Judgement: False
 Has 0 - The Fool: True
Has XX - The Judgement: False
 Has 0 - The Fool: True
Has XX - The Judgement: False
 Has 0 - The Fool: True
Has XX - The Judgement: False
 Has 0 - The Fool: True
Has XX - The Judgement: False
 Has 0 - The Fool: True
Has XX - The Judgement: False
 Has 0 - The Fool: True
Has XX - The Judgement: False
 Has 0 - The Fool: True
Has XX - The Judgement: False
 Has 0 - The Fool: True
Has XX - The Judgement: False
 Has 0 - The Fool: True
Has XX - The Judgement: False
 Has 0 - The Fool: True
Has XX - The Judgement: False
 Has 0 - The Fool: True
Has XX - The Judgement: False
 Has 0 - The Fool: True
Has XX - The Judgement: False
 Has 0 - The Fool: True
Has XX - The Judgement: False
 Has 0 - The Fool: True
Has XX - The Judgement: False
 Has 0 - The Fool: True
Has XX - The Judgement: False
 Has 0 - The Fool: True
Has XX - The Judgement: False
 Has 0 - The Fool: True
Has XX - The Judgement: False
 Has 0 - The Fool: True
Has XX - The Judgement: False
 Has 0 - The Fool: True
Has XX - The Judgement: False
 Has 0 - The Fool: True
Has XX - The Judgement: False
 Has 0 - The Fool: True
Has XX - The Judgement: False
 Has 0 - The Fool: True
Has XX - The Judgement: False
 Has 0 - The Fool: True
Has XX - The Judgement: False
 Has 0 - The Fool: True
Has XX - The Judgement: False
 Has 0 - The Fool: True
Has XX - The Judgement: False
 Has 0 - The Fool: True
Has XX - The Judgement: False
 Has 0 - The Fool: True
Has XX - The Judgement: False
 Has 0 - The Fool: True
Has XX - The Judgement: False
 Has 0 - The Fool: True
Has XX - The Judgement: False
 Has 0 - The Fool: True
Has XX - The Judgement: False
 Has 0 - The Fool: True
Has XX - The Judgement: False
 Has 0 - The Fool: True
Has XX - The Judgement: False
 Has 0 - The Fool: True
Has XX - The Judgement: False
 Has 0 - The Fool: True
Has XX - The Judgement: False
 Has 0 - The Fool: True
Has XX - The Judgement: False
 Has 0 - The Fool: True
Has XX - The Judgement: False
 Has 0 - The Fool: True
Has XX - The Judgement: False
 Has 0 - The Fool: True
Has XX - The Judgement: False
 Has 0 - The Fool: True
Has XX - The Judgement: False
 Has 0 - The Fool: True
Has XX - The Judgement: False
 Has 0 - The Fool: True
Has XX - The Judgement: False
 Has 0 - The Fool: True
Has XX - The Judgement: False
 Has 0 - The Fool: True
Has XX - The Judgement: False
 Has 0 - The Fool: True
[CORE] System offline
Has XX - The Judgement: False
 Has 0 - The Fool: True
[CORE] System online
[FARMING] Killing Boss Dummy for 1x Celestial Staff
Aura Name: Resurgence
Aura Name: Resurgence
Aura Name: Resurgence
Aura Name: Resurgence
Has XX - The Judgement: False
 Has 0 - The Fool: False
Aura Name: Resurgence
Aura Name: Resurgence
Aura Name: Resurgence
Aura Name: Resurgence
Aura Name: Resurgence
Aura Name: Resurgence
Has XX - The Judgement: False
 Has 0 - The Fool: False
Aura Name: Resurgence
Aura Name: Resurgence
Aura Name: Resurgence
Aura Name: Resurgence
Aura Name: The Cycle Anew
Aura Name: 0 - The Fool
Aura Name: Resurgence
Aura Name: The Cycle Anew
Aura Name: 0 - The Fool
Aura Name: Resurgence
Aura Name: The Cycle Anew
Aura Name: 0 - The Fool
Aura Name: Resurgence
Aura Name: The Cycle Anew
Aura Name: 0 - The Fool
Has XX - The Judgement: False
 Has 0 - The Fool: True
Aura Name: Resurgence
Aura Name: The Cycle Anew
Aura Name: 0 - The Fool
Aura Name: Resurgence
Aura Name: The Cycle Anew
Aura Name: 0 - The Fool
Aura Name: Resurgence
Aura Name: The Cycle Anew
Aura Name: 0 - The Fool
Aura Name: Resurgence
Aura Name: The Cycle Anew
Aura Name: 0 - The Fool
Aura Name: Resurgence
Aura Name: The Cycle Anew
Aura Name: 0 - The Fool
Aura Name: Resurgence
Aura Name: The Cycle Anew
Aura Name: 0 - The Fool
Aura Name: Resurgence
Aura Name: The Cycle Anew
Aura Name: 0 - The Fool
Has XX - The Judgement: False
 Has 0 - The Fool: True
Aura Name: Resurgence
Aura Name: The Cycle Anew
Aura Name: 0 - The Fool
Aura Name: Resurgence
Aura Name: The Cycle Anew
Aura Name: 0 - The Fool
Aura Name: Resurgence
Aura Name: The Cycle Anew
Aura Name: 0 - The Fool
Aura Name: Resurgence
Aura Name: The Cycle Anew
Aura Name: 0 - The Fool
Aura Name: Resurgence
Aura Name: The Cycle Anew
Aura Name: 0 - The Fool
Aura Name: Resurgence
Aura Name: The Cycle Anew
Aura Name: 0 - The Fool
Aura Name: Resurgence
Aura Name: The Cycle Anew
Aura Name: 0 - The Fool
Has XX - The Judgement: False
 Has 0 - The Fool: True
Aura Name: Resurgence
Aura Name: The Cycle Anew
Aura Name: 0 - The Fool
Aura Name: Resurgence
Aura Name: The Cycle Anew
Aura Name: 0 - The Fool
Aura Name: Resurgence
Aura Name: The Cycle Anew
Aura Name: 0 - The Fool
Aura Name: Resurgence
Aura Name: 0 - The Fool
Aura Name: I - The Magician
Aura Name: Resurgence
Aura Name: 0 - The Fool
Aura Name: I - The Magician
Aura Name: Resurgence
Aura Name: 0 - The Fool
Aura Name: I - The Magician
Aura Name: Resurgence
Aura Name: 0 - The Fool
Has XX - The Judgement: False
 Has 0 - The Fool: True
Aura Name: Resurgence
Aura Name: 0 - The Fool
Aura Name: I - The Magician
Aura Name: Resurgence
Aura Name: 0 - The Fool
Aura Name: Resurgence
Aura Name: 0 - The Fool
Aura Name: Resurgence
Aura Name: 0 - The Fool
Aura Name: I - The Magician
Aura Name: Resurgence
Aura Name: 0 - The Fool
Aura Name: I - The Magician
Aura Name: Resurgence
Aura Name: 0 - The Fool
Aura Name: I - The Magician
Aura Name: Resurgence
Aura Name: 0 - The Fool
Has XX - The Judgement: False
 Has 0 - The Fool: True
Aura Name: Resurgence
Aura Name: 0 - The Fool
Aura Name: I - The Magician
Aura Name: Resurgence
Aura Name: 0 - The Fool
Aura Name: Resurgence
Aura Name: 0 - The Fool
Aura Name: Resurgence
Aura Name: 0 - The Fool
Aura Name: I - The Magician
Aura Name: Resurgence
Aura Name: 0 - The Fool
Aura Name: I - The Magician
Aura Name: Resurgence
Aura Name: 0 - The Fool
Aura Name: I - The Magician
Aura Name: Resurgence
Aura Name: 0 - The Fool
Has XX - The Judgement: False
 Has 0 - The Fool: True
Aura Name: Resurgence
Aura Name: 0 - The Fool
Aura Name: I - The Magician
Aura Name: Resurgence
Aura Name: 0 - The Fool
Aura Name: Resurgence
Aura Name: 0 - The Fool
Aura Name: Resurgence
Aura Name: 0 - The Fool
Aura Name: I - The Magician
Aura Name: Resurgence
Aura Name: 0 - The Fool
Aura Name: I - The Magician
Aura Name: Resurgence
Aura Name: 0 - The Fool
Aura Name: I - The Magician
Aura Name: Resurgence
Aura Name: 0 - The Fool
Has XX - The Judgement: False
 Has 0 - The Fool: True
Aura Name: Resurgence
Aura Name: 0 - The Fool
Aura Name: I - The Magician
Aura Name: Resurgence
Aura Name: 0 - The Fool
Aura Name: Resurgence
Aura Name: 0 - The Fool
Aura Name: Resurgence
Aura Name: 0 - The Fool
Aura Name: I - The Magician
Aura Name: Resurgence
Aura Name: 0 - The Fool
Aura Name: I - The Magician
Aura Name: Resurgence
Aura Name: 0 - The Fool
Aura Name: I - The Magician
Aura Name: Resurgence
Aura Name: 0 - The Fool
Has XX - The Judgement: False
 Has 0 - The Fool: True
Aura Name: Resurgence
Aura Name: 0 - The Fool
Aura Name: I - The Magician
Aura Name: Resurgence
Aura Name: 0 - The Fool
Aura Name: Resurgence
Aura Name: 0 - The Fool
Aura Name: Resurgence
Aura Name: 0 - The Fool
Aura Name: I - The Magician
Aura Name: Resurgence
Aura Name: 0 - The Fool
Aura Name: I - The Magician
Aura Name: Resurgence
Aura Name: 0 - The Fool
Aura Name: I - The Magician
Aura Name: Resurgence
Aura Name: 0 - The Fool
Has XX - The Judgement: False
 Has 0 - The Fool: True
Aura Name: Resurgence
Aura Name: 0 - The Fool
Aura Name: I - The Magician
Aura Name: Resurgence
Aura Name: 0 - The Fool
Aura Name: Resurgence
Aura Name: 0 - The Fool
Aura Name: Resurgence
Aura Name: 0 - The Fool
Aura Name: II - The High Priestess
Aura Name: Resurgence
Aura Name: 0 - The Fool
Aura Name: II - The High Priestess
Aura Name: Resurgence
Aura Name: 0 - The Fool
Aura Name: II - The High Priestess
Aura Name: Resurgence
Aura Name: 0 - The Fool
Has XX - The Judgement: False
 Has 0 - The Fool: True
Aura Name: Resurgence
Aura Name: 0 - The Fool
Aura Name: II - The High Priestess
Aura Name: Resurgence
Aura Name: 0 - The Fool
Aura Name: Resurgence
Aura Name: 0 - The Fool
Aura Name: Resurgence
Aura Name: 0 - The Fool
Aura Name: II - The High Priestess
Aura Name: Resurgence
Aura Name: 0 - The Fool
Aura Name: II - The High Priestess
Aura Name: Resurgence
Aura Name: 0 - The Fool
Aura Name: II - The High Priestess
Aura Name: Resurgence
Aura Name: 0 - The Fool
Has XX - The Judgement: False
 Has 0 - The Fool: True
Aura Name: Resurgence
Aura Name: 0 - The Fool
Aura Name: II - The High Priestess
Aura Name: Resurgence
Aura Name: 0 - The Fool
Aura Name: Resurgence
Aura Name: 0 - The Fool
Aura Name: Resurgence
Aura Name: 0 - The Fool
Aura Name: II - The High Priestess
Aura Name: Resurgence
Aura Name: 0 - The Fool
Aura Name: II - The High Priestess
Aura Name: Resurgence
Aura Name: 0 - The Fool
Aura Name: II - The High Priestess
Aura Name: Resurgence
Aura Name: 0 - The Fool
Has XX - The Judgement: False
 Has 0 - The Fool: True
Aura Name: Resurgence
Aura Name: 0 - The Fool
Aura Name: II - The High Priestess
Aura Name: Resurgence
Aura Name: 0 - The Fool
Aura Name: Resurgence
Aura Name: 0 - The Fool
Aura Name: Resurgence
Aura Name: 0 - The Fool
Aura Name: II - The High Priestess
Aura Name: Resurgence
Aura Name: 0 - The Fool
Aura Name: II - The High Priestess
Aura Name: Resurgence
Aura Name: 0 - The Fool
Aura Name: II - The High Priestess
Aura Name: Resurgence
Aura Name: 0 - The Fool
Has XX - The Judgement: False
 Has 0 - The Fool: True
Aura Name: Resurgence
Aura Name: 0 - The Fool
Aura Name: II - The High Priestess
Aura Name: Resurgence
Aura Name: 0 - The Fool
Aura Name: Resurgence
Aura Name: 0 - The Fool
Aura Name: Resurgence
Aura Name: 0 - The Fool
Aura Name: II - The High Priestess
Aura Name: Resurgence
Aura Name: 0 - The Fool
Aura Name: II - The High Priestess
Aura Name: Resurgence
Aura Name: 0 - The Fool
Aura Name: II - The High Priestess
Aura Name: Resurgence
Aura Name: 0 - The Fool
Has XX - The Judgement: False
 Has 0 - The Fool: True
Aura Name: Resurgence
Aura Name: 0 - The Fool
Aura Name: II - The High Priestess
Aura Name: Resurgence
Aura Name: 0 - The Fool
Aura Name: Resurgence
Aura Name: 0 - The Fool
Aura Name: Resurgence
Aura Name: 0 - The Fool
Aura Name: III - The Empress
Aura Name: Resurgence
Aura Name: 0 - The Fool
Aura Name: III - The Empress
Aura Name: Resurgence
Aura Name: 0 - The Fool
Aura Name: III - The Empress
Aura Name: Resurgence
Aura Name: 0 - The Fool
Has XX - The Judgement: False
 Has 0 - The Fool: True
Aura Name: Resurgence
Aura Name: 0 - The Fool
Aura Name: III - The Empress
Aura Name: Resurgence
Aura Name: 0 - The Fool
Aura Name: Resurgence
Aura Name: 0 - The Fool
Aura Name: Resurgence
Aura Name: 0 - The Fool
Aura Name: III - The Empress
Aura Name: Resurgence
Aura Name: 0 - The Fool
Aura Name: III - The Empress
Aura Name: Resurgence
Aura Name: 0 - The Fool
Aura Name: III - The Empress
Aura Name: Resurgence
Aura Name: 0 - The Fool
Has XX - The Judgement: False
 Has 0 - The Fool: True
Aura Name: Resurgence
Aura Name: 0 - The Fool
Aura Name: III - The Empress
Aura Name: Resurgence
Aura Name: 0 - The Fool
Aura Name: Resurgence
Aura Name: 0 - The Fool
Aura Name: Resurgence
Aura Name: 0 - The Fool
Aura Name: III - The Empress
Aura Name: Resurgence
Aura Name: 0 - The Fool
Aura Name: III - The Empress
Aura Name: Resurgence
Aura Name: 0 - The Fool
Aura Name: III - The Empress
Aura Name: Resurgence
Aura Name: 0 - The Fool
Has XX - The Judgement: False
 Has 0 - The Fool: True
Aura Name: Resurgence
Aura Name: 0 - The Fool
Aura Name: III - The Empress
Aura Name: Resurgence
Aura Name: 0 - The Fool
Aura Name: Resurgence
Aura Name: 0 - The Fool
Aura Name: Resurgence
Aura Name: 0 - The Fool
Aura Name: III - The Empress
Aura Name: Resurgence
Aura Name: 0 - The Fool
Aura Name: III - The Empress
Aura Name: Resurgence
Aura Name: 0 - The Fool
Aura Name: III - The Empress
Aura Name: Resurgence
Aura Name: 0 - The Fool
Has XX - The Judgement: False
 Has 0 - The Fool: True
Aura Name: Resurgence
Aura Name: 0 - The Fool
Aura Name: III - The Empress
Aura Name: Resurgence
Aura Name: 0 - The Fool
Aura Name: Resurgence
Aura Name: 0 - The Fool
Aura Name: Resurgence
Aura Name: 0 - The Fool
Aura Name: III - The Empress
Aura Name: Resurgence
Aura Name: 0 - The Fool
Aura Name: III - The Empress
Aura Name: Resurgence
Aura Name: 0 - The Fool
Aura Name: III - The Empress
Aura Name: Resurgence
Aura Name: 0 - The Fool
Has XX - The Judgement: False
 Has 0 - The Fool: True
Aura Name: Resurgence
Aura Name: 0 - The Fool
Aura Name: III - The Empress
Aura Name: Resurgence
Aura Name: 0 - The Fool
Aura Name: Resurgence
Aura Name: 0 - The Fool
Aura Name: Resurgence
Aura Name: 0 - The Fool
Aura Name: III - The Empress
Aura Name: Resurgence
Aura Name: 0 - The Fool
Aura Name: III - The Empress
Aura Name: Resurgence
Aura Name: 0 - The Fool
Aura Name: III - The Empress
Aura Name: Resurgence
Aura Name: 0 - The Fool
Has XX - The Judgement: False
 Has 0 - The Fool: True
Aura Name: Resurgence
Aura Name: 0 - The Fool
Aura Name: III - The Empress
Aura Name: Resurgence
Aura Name: 0 - The Fool
Aura Name: Resurgence
Aura Name: 0 - The Fool
Aura Name: Resurgence
Aura Name: 0 - The Fool
Aura Name: IV - The Emperor
Aura Name: Resurgence
Aura Name: 0 - The Fool
Aura Name: IV - The Emperor
Aura Name: Resurgence
Aura Name: 0 - The Fool
Aura Name: IV - The Emperor
Aura Name: Resurgence
Aura Name: 0 - The Fool
Has XX - The Judgement: False
 Has 0 - The Fool: True
Aura Name: Resurgence
Aura Name: 0 - The Fool
Aura Name: IV - The Emperor
Aura Name: Resurgence
Aura Name: 0 - The Fool
Aura Name: Resurgence
Aura Name: 0 - The Fool
Aura Name: Resurgence
Aura Name: 0 - The Fool
Aura Name: IV - The Emperor
Aura Name: Resurgence
Aura Name: 0 - The Fool
Aura Name: IV - The Emperor
Aura Name: Resurgence
Aura Name: 0 - The Fool
Aura Name: IV - The Emperor
Aura Name: Resurgence
Aura Name: 0 - The Fool
Has XX - The Judgement: False
 Has 0 - The Fool: True
Aura Name: Resurgence
Aura Name: 0 - The Fool
Aura Name: IV - The Emperor
Aura Name: Resurgence
Aura Name: 0 - The Fool
Aura Name: Resurgence
Aura Name: 0 - The Fool
Aura Name: Resurgence
Aura Name: 0 - The Fool
Aura Name: IV - The Emperor
Aura Name: Resurgence
Aura Name: 0 - The Fool
Aura Name: IV - The Emperor
Aura Name: Resurgence
Aura Name: 0 - The Fool
Aura Name: IV - The Emperor
Aura Name: Resurgence
Aura Name: 0 - The Fool
Has XX - The Judgement: False
 Has 0 - The Fool: True
Aura Name: Resurgence
Aura Name: 0 - The Fool
Aura Name: IV - The Emperor
Aura Name: Resurgence
Aura Name: 0 - The Fool
Aura Name: Resurgence
Aura Name: 0 - The Fool
Aura Name: Resurgence
Aura Name: 0 - The Fool
Aura Name: IV - The Emperor
Aura Name: Resurgence
Aura Name: 0 - The Fool
Aura Name: IV - The Emperor
Aura Name: Resurgence
Aura Name: 0 - The Fool
Aura Name: IV - The Emperor
Aura Name: Resurgence
Aura Name: 0 - The Fool
Has XX - The Judgement: False
 Has 0 - The Fool: True
Aura Name: Resurgence
Aura Name: 0 - The Fool
Aura Name: IV - The Emperor
Aura Name: Resurgence
Aura Name: 0 - The Fool
Aura Name: Resurgence
Aura Name: 0 - The Fool
Aura Name: Resurgence
Aura Name: 0 - The Fool
Aura Name: IV - The Emperor
Aura Name: Resurgence
Aura Name: 0 - The Fool
Aura Name: IV - The Emperor
Aura Name: Resurgence
Aura Name: 0 - The Fool
Aura Name: IV - The Emperor
Aura Name: Resurgence
Aura Name: 0 - The Fool
Has XX - The Judgement: False
 Has 0 - The Fool: True
Aura Name: Resurgence
Aura Name: 0 - The Fool
Aura Name: IV - The Emperor
Aura Name: Resurgence
Aura Name: 0 - The Fool
Aura Name: Resurgence
Aura Name: 0 - The Fool
Aura Name: Resurgence
Aura Name: 0 - The Fool
Aura Name: IV - The Emperor
Aura Name: Resurgence
Aura Name: 0 - The Fool
Aura Name: IV - The Emperor
Aura Name: Resurgence
Aura Name: 0 - The Fool
Aura Name: IV - The Emperor
Aura Name: Resurgence
Aura Name: 0 - The Fool
Has XX - The Judgement: False
 Has 0 - The Fool: True
Aura Name: Resurgence
Aura Name: 0 - The Fool
Aura Name: IV - The Emperor
Aura Name: Resurgence
Aura Name: 0 - The Fool
Aura Name: Resurgence
Aura Name: 0 - The Fool
Aura Name: Resurgence
Aura Name: 0 - The Fool
Aura Name: V - The Hierophant
Aura Name: Resurgence
Aura Name: 0 - The Fool
Aura Name: V - The Hierophant
Aura Name: Resurgence
Aura Name: 0 - The Fool
Aura Name: V - The Hierophant
Aura Name: Resurgence
Aura Name: 0 - The Fool
Has XX - The Judgement: False
 Has 0 - The Fool: True
Aura Name: Resurgence
Aura Name: 0 - The Fool
Aura Name: V - The Hierophant
Aura Name: Resurgence
Aura Name: 0 - The Fool
Aura Name: Resurgence
Aura Name: 0 - The Fool
Aura Name: Resurgence
Aura Name: 0 - The Fool
Aura Name: V - The Hierophant
Aura Name: Resurgence
Aura Name: 0 - The Fool
Aura Name: V - The Hierophant
Aura Name: Resurgence
Aura Name: 0 - The Fool
Aura Name: V - The Hierophant
Aura Name: Resurgence
Aura Name: 0 - The Fool
Has XX - The Judgement: False
 Has 0 - The Fool: True
Aura Name: Resurgence
Aura Name: 0 - The Fool
Aura Name: V - The Hierophant
Aura Name: Resurgence
Aura Name: 0 - The Fool
Aura Name: Resurgence
Aura Name: 0 - The Fool
Aura Name: Resurgence
Aura Name: 0 - The Fool
Aura Name: V - The Hierophant
Aura Name: Resurgence
Aura Name: 0 - The Fool
Aura Name: V - The Hierophant
Aura Name: Resurgence
Aura Name: 0 - The Fool
Aura Name: V - The Hierophant
Aura Name: Resurgence
Aura Name: 0 - The Fool
Has XX - The Judgement: False
 Has 0 - The Fool: True
Aura Name: Resurgence
Aura Name: 0 - The Fool
Aura Name: V - The Hierophant
Aura Name: Resurgence
Aura Name: 0 - The Fool
Aura Name: Resurgence
Aura Name: 0 - The Fool
Aura Name: Resurgence
Aura Name: 0 - The Fool
Aura Name: V - The Hierophant
Aura Name: Resurgence
Aura Name: 0 - The Fool
Aura Name: V - The Hierophant
Aura Name: Resurgence
Aura Name: 0 - The Fool
Aura Name: V - The Hierophant
Aura Name: Resurgence
Aura Name: 0 - The Fool
Has XX - The Judgement: False
 Has 0 - The Fool: True
Aura Name: Resurgence
Aura Name: 0 - The Fool
Aura Name: V - The Hierophant
Aura Name: Resurgence
Aura Name: 0 - The Fool
Aura Name: Resurgence
Aura Name: 0 - The Fool
Aura Name: Resurgence
Aura Name: 0 - The Fool
Aura Name: V - The Hierophant
Aura Name: Resurgence
Aura Name: 0 - The Fool
Aura Name: V - The Hierophant
Aura Name: Resurgence
Aura Name: 0 - The Fool
Aura Name: VI - The Lovers
Aura Name: Resurgence
Aura Name: 0 - The Fool
Has XX - The Judgement: False
 Has 0 - The Fool: True
Aura Name: Resurgence
Aura Name: 0 - The Fool
Aura Name: VI - The Lovers
Aura Name: Resurgence
Aura Name: 0 - The Fool
Aura Name: Resurgence
Aura Name: 0 - The Fool
Aura Name: Resurgence
Aura Name: 0 - The Fool
Aura Name: VI - The Lovers
Aura Name: Resurgence
Aura Name: 0 - The Fool
Aura Name: VI - The Lovers
Aura Name: Resurgence
Aura Name: 0 - The Fool
Aura Name: VI - The Lovers
Aura Name: Resurgence
Aura Name: 0 - The Fool
Has XX - The Judgement: False
 Has 0 - The Fool: True
Aura Name: Resurgence
Aura Name: 0 - The Fool
Aura Name: VI - The Lovers
Aura Name: Resurgence
Aura Name: 0 - The Fool
Aura Name: Resurgence
Aura Name: 0 - The Fool
Aura Name: Resurgence
Aura Name: 0 - The Fool
Aura Name: VI - The Lovers
Aura Name: Resurgence
Aura Name: 0 - The Fool
Aura Name: VI - The Lovers
Aura Name: Resurgence
Aura Name: 0 - The Fool
Aura Name: VI - The Lovers
Aura Name: Resurgence
Aura Name: 0 - The Fool
Has XX - The Judgement: False
 Has 0 - The Fool: True
Aura Name: Resurgence
Aura Name: 0 - The Fool
Aura Name: VI - The Lovers
Aura Name: Resurgence
Aura Name: 0 - The Fool
Aura Name: Resurgence
Aura Name: 0 - The Fool
Aura Name: Resurgence
Aura Name: 0 - The Fool
Aura Name: VI - The Lovers
Aura Name: Resurgence
Aura Name: 0 - The Fool
Aura Name: VI - The Lovers
Aura Name: Resurgence
Aura Name: 0 - The Fool
Aura Name: VI - The Lovers
Aura Name: Resurgence
Aura Name: 0 - The Fool
Has XX - The Judgement: False
 Has 0 - The Fool: True
Aura Name: Resurgence
Aura Name: 0 - The Fool
Aura Name: VI - The Lovers
Aura Name: Resurgence
Aura Name: 0 - The Fool
Aura Name: Resurgence
Aura Name: 0 - The Fool
Aura Name: Resurgence
Aura Name: 0 - The Fool
Aura Name: VI - The Lovers
Aura Name: Resurgence
Aura Name: 0 - The Fool
Aura Name: VI - The Lovers
Aura Name: Resurgence
Aura Name: 0 - The Fool
Aura Name: VI - The Lovers
Aura Name: Resurgence
Aura Name: 0 - The Fool
Has XX - The Judgement: False
 Has 0 - The Fool: True
Aura Name: Resurgence
Aura Name: 0 - The Fool
Aura Name: VI - The Lovers
Aura Name: Resurgence
Aura Name: 0 - The Fool
Aura Name: Resurgence
Aura Name: 0 - The Fool
Aura Name: Resurgence
Aura Name: 0 - The Fool
Aura Name: VI - The Lovers
Aura Name: Resurgence
Aura Name: 0 - The Fool
Aura Name: VI - The Lovers
Aura Name: Resurgence
Aura Name: 0 - The Fool
Aura Name: VI - The Lovers
Aura Name: Resurgence
Aura Name: 0 - The Fool
Has XX - The Judgement: False
 Has 0 - The Fool: True
Aura Name: Resurgence
Aura Name: 0 - The Fool
Aura Name: VII - The Chariot
Aura Name: Resurgence
Aura Name: 0 - The Fool
Aura Name: Resurgence
Aura Name: 0 - The Fool
Aura Name: Resurgence
Aura Name: 0 - The Fool
Aura Name: VII - The Chariot
Aura Name: Resurgence
Aura Name: 0 - The Fool
Aura Name: VII - The Chariot
Aura Name: Resurgence
Aura Name: 0 - The Fool
Aura Name: VII - The Chariot
Aura Name: Resurgence
Aura Name: 0 - The Fool
Has XX - The Judgement: False
 Has 0 - The Fool: True
Aura Name: Resurgence
Aura Name: 0 - The Fool
Aura Name: VII - The Chariot
Aura Name: Resurgence
Aura Name: 0 - The Fool
Aura Name: Resurgence
Aura Name: 0 - The Fool
Aura Name: Resurgence
Aura Name: 0 - The Fool
Aura Name: VII - The Chariot
Aura Name: Resurgence
Aura Name: 0 - The Fool
Aura Name: VII - The Chariot
Aura Name: Resurgence
Aura Name: 0 - The Fool
Aura Name: VII - The Chariot
Aura Name: Resurgence
Aura Name: 0 - The Fool
Has XX - The Judgement: False
 Has 0 - The Fool: True
Aura Name: Resurgence
Aura Name: 0 - The Fool
Aura Name: VII - The Chariot
Aura Name: Resurgence
Aura Name: 0 - The Fool
Aura Name: Resurgence
Aura Name: 0 - The Fool
Aura Name: Resurgence
Aura Name: 0 - The Fool
Aura Name: VII - The Chariot
Aura Name: Resurgence
Aura Name: 0 - The Fool
Aura Name: VII - The Chariot
Aura Name: Resurgence
Aura Name: 0 - The Fool
Aura Name: VII - The Chariot
Aura Name: Resurgence
Aura Name: 0 - The Fool
Has XX - The Judgement: False
 Has 0 - The Fool: True
Aura Name: Resurgence
Aura Name: 0 - The Fool
Aura Name: VII - The Chariot
Aura Name: Resurgence
Aura Name: 0 - The Fool
Aura Name: Resurgence
Aura Name: 0 - The Fool
Aura Name: Resurgence
Aura Name: 0 - The Fool
Aura Name: VII - The Chariot
Aura Name: Resurgence
Aura Name: 0 - The Fool
Aura Name: VIII - Justice
Aura Name: Resurgence
Aura Name: 0 - The Fool
Aura Name: VIII - Justice
Aura Name: Resurgence
Aura Name: 0 - The Fool
Has XX - The Judgement: False
 Has 0 - The Fool: True
Aura Name: Resurgence
Aura Name: 0 - The Fool
Aura Name: VIII - Justice
Aura Name: Resurgence
Aura Name: 0 - The Fool
Aura Name: Resurgence
Aura Name: 0 - The Fool
Aura Name: Resurgence
Aura Name: 0 - The Fool
Aura Name: VIII - Justice
Aura Name: Resurgence
Aura Name: 0 - The Fool
Aura Name: VIII - Justice
Aura Name: Resurgence
Aura Name: 0 - The Fool
Aura Name: VIII - Justice
Aura Name: Resurgence
Aura Name: 0 - The Fool
Has XX - The Judgement: False
 Has 0 - The Fool: True
Aura Name: Resurgence
Aura Name: 0 - The Fool
Aura Name: VIII - Justice
Aura Name: Resurgence
Aura Name: 0 - The Fool
Aura Name: Resurgence
Aura Name: 0 - The Fool
Aura Name: Resurgence
Aura Name: 0 - The Fool
Aura Name: VIII - Justice
Aura Name: Resurgence
Aura Name: 0 - The Fool
Aura Name: VIII - Justice
Aura Name: Resurgence
Aura Name: 0 - The Fool
Aura Name: VIII - Justice
Aura Name: Resurgence
Aura Name: 0 - The Fool
Has XX - The Judgement: False
 Has 0 - The Fool: True
Aura Name: Resurgence
Aura Name: 0 - The Fool
Aura Name: VIII - Justice
Aura Name: Resurgence
Aura Name: 0 - The Fool
Aura Name: Resurgence
Aura Name: 0 - The Fool
Aura Name: Resurgence
Aura Name: 0 - The Fool
Aura Name: VIII - Justice
Aura Name: Resurgence
Aura Name: 0 - The Fool
Aura Name: VIII - Justice
Aura Name: Resurgence
Aura Name: 0 - The Fool
Aura Name: VIII - Justice
Aura Name: Resurgence
Aura Name: 0 - The Fool
Has XX - The Judgement: False
 Has 0 - The Fool: True
Aura Name: Resurgence
Aura Name: 0 - The Fool
Aura Name: VIII - Justice
Aura Name: Resurgence
Aura Name: 0 - The Fool
Aura Name: Resurgence
Aura Name: 0 - The Fool
Aura Name: Resurgence
Aura Name: 0 - The Fool
Aura Name: VIII - Justice
Aura Name: Resurgence
Aura Name: 0 - The Fool
Aura Name: VIII - Justice
Aura Name: Resurgence
Aura Name: 0 - The Fool
Aura Name: VIII - Justice
Aura Name: Resurgence
Aura Name: 0 - The Fool
Has XX - The Judgement: False
 Has 0 - The Fool: True
Aura Name: Resurgence
Aura Name: 0 - The Fool
Aura Name: VIII - Justice
Aura Name: Resurgence
Aura Name: 0 - The Fool
Aura Name: Resurgence
Aura Name: 0 - The Fool
Aura Name: Resurgence
Aura Name: 0 - The Fool
Aura Name: IX - The Hermit
Aura Name: Resurgence
Aura Name: 0 - The Fool
Aura Name: IX - The Hermit
Aura Name: Resurgence
Aura Name: 0 - The Fool
Aura Name: IX - The Hermit
Aura Name: Resurgence
Aura Name: 0 - The Fool
Has XX - The Judgement: False
 Has 0 - The Fool: True
Aura Name: Resurgence
Aura Name: 0 - The Fool
Aura Name: IX - The Hermit
Aura Name: Resurgence
Aura Name: 0 - The Fool
Aura Name: Resurgence
Aura Name: 0 - The Fool
Aura Name: Resurgence
Aura Name: 0 - The Fool
Aura Name: IX - The Hermit
Aura Name: Resurgence
Aura Name: 0 - The Fool
Aura Name: IX - The Hermit
Aura Name: Resurgence
Aura Name: 0 - The Fool
Aura Name: IX - The Hermit
Aura Name: Resurgence
Aura Name: 0 - The Fool
Has XX - The Judgement: False
 Has 0 - The Fool: True
Aura Name: Resurgence
Aura Name: 0 - The Fool
Aura Name: IX - The Hermit
Aura Name: Resurgence
Aura Name: 0 - The Fool
Aura Name: Resurgence
Aura Name: 0 - The Fool
Aura Name: Resurgence
Aura Name: 0 - The Fool
Aura Name: IX - The Hermit
Aura Name: Resurgence
Aura Name: 0 - The Fool
Aura Name: IX - The Hermit
Aura Name: Resurgence
Aura Name: 0 - The Fool
Aura Name: IX - The Hermit
Aura Name: Resurgence
Aura Name: 0 - The Fool
Has XX - The Judgement: False
 Has 0 - The Fool: True
Aura Name: Resurgence
Aura Name: 0 - The Fool
Aura Name: IX - The Hermit
Aura Name: Resurgence
Aura Name: 0 - The Fool
Aura Name: Resurgence
Aura Name: 0 - The Fool
Aura Name: Resurgence
Aura Name: 0 - The Fool
Aura Name: IX - The Hermit
Aura Name: Resurgence
Aura Name: 0 - The Fool
Aura Name: IX - The Hermit
Aura Name: Resurgence
Aura Name: 0 - The Fool
Aura Name: IX - The Hermit
Aura Name: Resurgence
Aura Name: 0 - The Fool
Has XX - The Judgement: False
 Has 0 - The Fool: True
Aura Name: Resurgence
Aura Name: 0 - The Fool
Aura Name: IX - The Hermit
Aura Name: Resurgence
Aura Name: 0 - The Fool
Aura Name: Resurgence
Aura Name: 0 - The Fool
Aura Name: Resurgence
Aura Name: 0 - The Fool
Aura Name: X - Wheel of Fortune
Aura Name: Resurgence
Aura Name: 0 - The Fool
Aura Name: X - Wheel of Fortune
Aura Name: Resurgence
Aura Name: 0 - The Fool
Aura Name: X - Wheel of Fortune
Aura Name: Resurgence
Aura Name: 0 - The Fool
Has XX - The Judgement: False
 Has 0 - The Fool: True
Aura Name: Resurgence
Aura Name: 0 - The Fool
Aura Name: X - Wheel of Fortune
Aura Name: Resurgence
Aura Name: 0 - The Fool
Aura Name: Resurgence
Aura Name: 0 - The Fool
Aura Name: Resurgence
Aura Name: 0 - The Fool
Aura Name: X - Wheel of Fortune
Aura Name: Resurgence
Aura Name: 0 - The Fool
Aura Name: X - Wheel of Fortune
Aura Name: Resurgence
Aura Name: 0 - The Fool
Aura Name: X - Wheel of Fortune
Aura Name: Resurgence
Aura Name: 0 - The Fool
Has XX - The Judgement: False
 Has 0 - The Fool: True
Aura Name: Resurgence
Aura Name: 0 - The Fool
Aura Name: X - Wheel of Fortune
Aura Name: Resurgence
Aura Name: 0 - The Fool
Aura Name: Resurgence
Aura Name: 0 - The Fool
Aura Name: Resurgence
Aura Name: 0 - The Fool
Aura Name: X - Wheel of Fortune
Aura Name: Resurgence
Aura Name: 0 - The Fool
Aura Name: X - Wheel of Fortune
Aura Name: Resurgence
Aura Name: 0 - The Fool
Aura Name: X - Wheel of Fortune
Aura Name: Resurgence
Aura Name: 0 - The Fool
Has XX - The Judgement: False
 Has 0 - The Fool: True
Aura Name: Resurgence
Aura Name: 0 - The Fool
Aura Name: X - Wheel of Fortune
Aura Name: Resurgence
Aura Name: 0 - The Fool
Aura Name: Resurgence
Aura Name: 0 - The Fool
Aura Name: Resurgence
Aura Name: 0 - The Fool
Aura Name: X - Wheel of Fortune
Aura Name: Resurgence
Aura Name: 0 - The Fool
Aura Name: X - Wheel of Fortune
Aura Name: Resurgence
Aura Name: 0 - The Fool
Aura Name: X - Wheel of Fortune
Aura Name: Resurgence
Aura Name: 0 - The Fool
Has XX - The Judgement: False
 Has 0 - The Fool: True
Aura Name: Resurgence
Aura Name: 0 - The Fool
Aura Name: X - Wheel of Fortune
Aura Name: Resurgence
Aura Name: 0 - The Fool
Aura Name: Resurgence
Aura Name: 0 - The Fool
Aura Name: Resurgence
Aura Name: 0 - The Fool
Aura Name: X - Wheel of Fortune
Aura Name: Resurgence
Aura Name: 0 - The Fool
Aura Name: X - Wheel of Fortune
Aura Name: Resurgence
Aura Name: 0 - The Fool
Aura Name: X - Wheel of Fortune
Aura Name: Resurgence
Aura Name: 0 - The Fool
Has XX - The Judgement: False
 Has 0 - The Fool: True
Aura Name: Resurgence
Aura Name: 0 - The Fool
Aura Name: X - Wheel of Fortune
Aura Name: Resurgence
Aura Name: 0 - The Fool
Aura Name: Resurgence
Aura Name: 0 - The Fool
Aura Name: Resurgence
Aura Name: 0 - The Fool
Aura Name: X - Wheel of Fortune
Aura Name: Resurgence
Aura Name: 0 - The Fool
Aura Name: XI - Strength
Aura Name: Resurgence
Aura Name: 0 - The Fool
Aura Name: XI - Strength
Aura Name: Resurgence
Aura Name: 0 - The Fool
Has XX - The Judgement: False
 Has 0 - The Fool: True
Aura Name: Resurgence
Aura Name: 0 - The Fool
Aura Name: XI - Strength
Aura Name: Resurgence
Aura Name: 0 - The Fool
Aura Name: Resurgence
Aura Name: 0 - The Fool
Aura Name: Resurgence
Aura Name: 0 - The Fool
Aura Name: XI - Strength
Aura Name: Resurgence
Aura Name: 0 - The Fool
Aura Name: XI - Strength
Aura Name: Resurgence
Aura Name: 0 - The Fool
Aura Name: XI - Strength
Aura Name: Resurgence
Aura Name: 0 - The Fool
Has XX - The Judgement: False
 Has 0 - The Fool: True
Aura Name: Resurgence
Aura Name: 0 - The Fool
Aura Name: XI - Strength
Aura Name: Resurgence
Aura Name: 0 - The Fool
Aura Name: Resurgence
Aura Name: 0 - The Fool
Aura Name: Resurgence
Aura Name: 0 - The Fool
Aura Name: XI - Strength
Aura Name: Resurgence
Aura Name: 0 - The Fool
Aura Name: XI - Strength
Aura Name: Resurgence
Aura Name: 0 - The Fool
Aura Name: XI - Strength
Aura Name: Resurgence
Aura Name: 0 - The Fool
Has XX - The Judgement: False
 Has 0 - The Fool: True
Aura Name: Resurgence
Aura Name: 0 - The Fool
Aura Name: XI - Strength
Aura Name: Resurgence
Aura Name: 0 - The Fool
Aura Name: Resurgence
Aura Name: 0 - The Fool
Aura Name: Resurgence
Aura Name: 0 - The Fool
Aura Name: XI - Strength
Aura Name: Resurgence
Aura Name: 0 - The Fool
Aura Name: XI - Strength
Aura Name: Resurgence
Aura Name: 0 - The Fool
Aura Name: XI - Strength
Aura Name: Resurgence
Aura Name: 0 - The Fool
Has XX - The Judgement: False
 Has 0 - The Fool: True
Aura Name: Resurgence
Aura Name: 0 - The Fool
Aura Name: XI - Strength
Aura Name: Resurgence
Aura Name: 0 - The Fool
Aura Name: Resurgence
Aura Name: 0 - The Fool
Aura Name: Resurgence
Aura Name: 0 - The Fool
Aura Name: XI - Strength
Aura Name: Resurgence
Aura Name: 0 - The Fool
Aura Name: XI - Strength
Aura Name: Resurgence
Aura Name: 0 - The Fool
Aura Name: XI - Strength
Aura Name: Resurgence
Aura Name: 0 - The Fool
Has XX - The Judgement: False
 Has 0 - The Fool: True
Aura Name: Resurgence
Aura Name: 0 - The Fool
Aura Name: XI - Strength
Aura Name: Resurgence
Aura Name: 0 - The Fool
Aura Name: Resurgence
Aura Name: 0 - The Fool
Aura Name: Resurgence
Aura Name: 0 - The Fool
Aura Name: XII - The Hanged Man
Aura Name: Resurgence
Aura Name: 0 - The Fool
Aura Name: XII - The Hanged Man
Aura Name: Resurgence
Aura Name: 0 - The Fool
Aura Name: XII - The Hanged Man
Aura Name: Resurgence
Aura Name: 0 - The Fool
Has XX - The Judgement: False
 Has 0 - The Fool: True
Aura Name: Resurgence
Aura Name: 0 - The Fool
Aura Name: XII - The Hanged Man
Aura Name: Resurgence
Aura Name: 0 - The Fool
Aura Name: Resurgence
Aura Name: 0 - The Fool
Aura Name: Resurgence
Aura Name: 0 - The Fool
Aura Name: XII - The Hanged Man
Aura Name: Resurgence
Aura Name: 0 - The Fool
Aura Name: XII - The Hanged Man
Aura Name: Resurgence
Aura Name: 0 - The Fool
Aura Name: XII - The Hanged Man
Aura Name: Resurgence
Aura Name: 0 - The Fool
Has XX - The Judgement: False
 Has 0 - The Fool: True
Aura Name: Resurgence
Aura Name: 0 - The Fool
Aura Name: XII - The Hanged Man
Aura Name: Resurgence
Aura Name: 0 - The Fool
Aura Name: Resurgence
Aura Name: 0 - The Fool
Aura Name: Resurgence
Aura Name: 0 - The Fool
Aura Name: XII - The Hanged Man
Aura Name: Resurgence
Aura Name: 0 - The Fool
Aura Name: XII - The Hanged Man
Aura Name: Resurgence
Aura Name: 0 - The Fool
Aura Name: XII - The Hanged Man
Aura Name: Resurgence
Aura Name: 0 - The Fool
Has XX - The Judgement: False
 Has 0 - The Fool: True
Aura Name: Resurgence
Aura Name: 0 - The Fool
Aura Name: XII - The Hanged Man
Aura Name: Resurgence
Aura Name: 0 - The Fool
Aura Name: Resurgence
Aura Name: 0 - The Fool
Aura Name: Resurgence
Aura Name: 0 - The Fool
Aura Name: XII - The Hanged Man
Aura Name: Resurgence
Aura Name: 0 - The Fool
Aura Name: XII - The Hanged Man
Aura Name: Resurgence
Aura Name: 0 - The Fool
Aura Name: XII - The Hanged Man
Aura Name: Resurgence
Aura Name: 0 - The Fool
Has XX - The Judgement: False
 Has 0 - The Fool: True
Aura Name: Resurgence
Aura Name: 0 - The Fool
Aura Name: XIII - Death
Aura Name: Resurgence
Aura Name: 0 - The Fool
Aura Name: Resurgence
Aura Name: 0 - The Fool
Aura Name: Resurgence
Aura Name: 0 - The Fool
Aura Name: XIII - Death
Aura Name: Resurgence
Aura Name: 0 - The Fool
Aura Name: XIII - Death
Aura Name: Resurgence
Aura Name: 0 - The Fool
Aura Name: XIII - Death
Aura Name: Resurgence
Aura Name: 0 - The Fool
Has XX - The Judgement: False
 Has 0 - The Fool: True
Aura Name: Resurgence
Aura Name: 0 - The Fool
Aura Name: XIII - Death
Aura Name: Resurgence
Aura Name: 0 - The Fool
Aura Name: Resurgence
Aura Name: 0 - The Fool
Aura Name: Resurgence
Aura Name: 0 - The Fool
Aura Name: XIII - Death
Aura Name: Resurgence
Aura Name: 0 - The Fool
Aura Name: XIII - Death
Aura Name: Resurgence
Aura Name: 0 - The Fool
Aura Name: XIII - Death
Aura Name: Resurgence
Aura Name: 0 - The Fool
Has XX - The Judgement: False
 Has 0 - The Fool: True
Aura Name: Resurgence
Aura Name: 0 - The Fool
Aura Name: XIII - Death
Aura Name: Resurgence
Aura Name: 0 - The Fool
Aura Name: Resurgence
Aura Name: 0 - The Fool
Aura Name: Resurgence
Aura Name: 0 - The Fool
Aura Name: XIII - Death
Aura Name: Resurgence
Aura Name: 0 - The Fool
Aura Name: XIII - Death
Aura Name: Resurgence
Aura Name: 0 - The Fool
Aura Name: XIII - Death
Aura Name: Resurgence
Aura Name: 0 - The Fool
Has XX - The Judgement: False
 Has 0 - The Fool: True
Aura Name: Resurgence
Aura Name: 0 - The Fool
Aura Name: XIII - Death
Aura Name: Resurgence
Aura Name: 0 - The Fool
Aura Name: Resurgence
Aura Name: 0 - The Fool
Aura Name: Resurgence
Aura Name: 0 - The Fool
Aura Name: XIII - Death
Aura Name: Resurgence
Aura Name: 0 - The Fool
Aura Name: XIII - Death
Aura Name: Resurgence
Aura Name: 0 - The Fool
Aura Name: XIII - Death
Aura Name: Resurgence
Aura Name: 0 - The Fool
Has XX - The Judgement: False
 Has 0 - The Fool: True
Aura Name: Resurgence
Aura Name: 0 - The Fool
Aura Name: XIII - Death
Aura Name: Resurgence
Aura Name: 0 - The Fool
Aura Name: Resurgence
Aura Name: 0 - The Fool
Aura Name: Resurgence
Aura Name: 0 - The Fool
Aura Name: XIII - Death
Aura Name: Resurgence
Aura Name: 0 - The Fool
Aura Name: XIII - Death
Aura Name: Resurgence
Aura Name: 0 - The Fool
Aura Name: XIII - Death
Aura Name: Resurgence
Aura Name: 0 - The Fool
Has XX - The Judgement: False
 Has 0 - The Fool: True
Aura Name: Resurgence
Aura Name: 0 - The Fool
Aura Name: XIV - Temperance
Aura Name: Resurgence
Aura Name: 0 - The Fool
Aura Name: Resurgence
Aura Name: 0 - The Fool
Aura Name: Resurgence
Aura Name: 0 - The Fool
Aura Name: XIV - Temperance
Aura Name: Resurgence
Aura Name: 0 - The Fool
Aura Name: XIV - Temperance
Aura Name: Resurgence
Aura Name: 0 - The Fool
Aura Name: XIV - Temperance
Aura Name: Resurgence
Aura Name: 0 - The Fool
Has XX - The Judgement: False
 Has 0 - The Fool: True
Aura Name: Resurgence
Aura Name: 0 - The Fool
Aura Name: XIV - Temperance
Aura Name: Resurgence
Aura Name: 0 - The Fool
Aura Name: Resurgence
Aura Name: 0 - The Fool
Aura Name: Resurgence
Aura Name: 0 - The Fool
Aura Name: XIV - Temperance
Aura Name: Resurgence
Aura Name: 0 - The Fool
Aura Name: XIV - Temperance
Aura Name: Resurgence
Aura Name: 0 - The Fool
Aura Name: XIV - Temperance
Aura Name: Resurgence
Aura Name: 0 - The Fool
Has XX - The Judgement: False
 Has 0 - The Fool: True
Aura Name: Resurgence
Aura Name: 0 - The Fool
Aura Name: XIV - Temperance
Aura Name: Resurgence
Aura Name: 0 - The Fool
Aura Name: Resurgence
Aura Name: 0 - The Fool
Aura Name: Resurgence
Aura Name: 0 - The Fool
Aura Name: XIV - Temperance
Aura Name: Resurgence
Aura Name: 0 - The Fool
Aura Name: XIV - Temperance
Aura Name: Resurgence
Aura Name: 0 - The Fool
Aura Name: XIV - Temperance
Aura Name: Resurgence
Aura Name: 0 - The Fool
Has XX - The Judgement: False
 Has 0 - The Fool: True
Aura Name: Resurgence
Aura Name: 0 - The Fool
Aura Name: XIV - Temperance
Aura Name: Resurgence
Aura Name: 0 - The Fool
Aura Name: Resurgence
Aura Name: 0 - The Fool
Aura Name: Resurgence
Aura Name: 0 - The Fool
Aura Name: XIV - Temperance
Aura Name: Resurgence
Aura Name: 0 - The Fool
Aura Name: XIV - Temperance
Aura Name: Resurgence
Aura Name: 0 - The Fool
Aura Name: XIV - Temperance
Aura Name: Resurgence
Aura Name: 0 - The Fool
Has XX - The Judgement: False
 Has 0 - The Fool: True
Aura Name: Resurgence
Aura Name: 0 - The Fool
Aura Name: XIV - Temperance
Aura Name: Resurgence
Aura Name: 0 - The Fool
Aura Name: Resurgence
Aura Name: 0 - The Fool
Aura Name: Resurgence
Aura Name: 0 - The Fool
Aura Name: XIV - Temperance
Aura Name: Resurgence
Aura Name: 0 - The Fool
Aura Name: XIV - Temperance
Aura Name: Resurgence
Aura Name: 0 - The Fool
Aura Name: XIV - Temperance
Aura Name: Resurgence
Aura Name: 0 - The Fool
Has XX - The Judgement: False
 Has 0 - The Fool: True
Aura Name: Resurgence
Aura Name: 0 - The Fool
Aura Name: XIV - Temperance
Aura Name: Resurgence
Aura Name: 0 - The Fool
Aura Name: Resurgence
Aura Name: 0 - The Fool
Aura Name: Resurgence
Aura Name: 0 - The Fool
Aura Name: XV - The Devil
Aura Name: Resurgence
Aura Name: 0 - The Fool
Aura Name: XV - The Devil
Aura Name: Resurgence
Aura Name: 0 - The Fool
Aura Name: XV - The Devil
Aura Name: Resurgence
Aura Name: 0 - The Fool
Has XX - The Judgement: False
 Has 0 - The Fool: True
Aura Name: Resurgence
Aura Name: 0 - The Fool
Aura Name: XV - The Devil
Aura Name: Resurgence
Aura Name: 0 - The Fool
Aura Name: Resurgence
Aura Name: 0 - The Fool
Aura Name: Resurgence
Aura Name: 0 - The Fool
Aura Name: XV - The Devil
Aura Name: Resurgence
Aura Name: 0 - The Fool
Aura Name: XV - The Devil
Aura Name: Resurgence
Aura Name: 0 - The Fool
Aura Name: XV - The Devil
Aura Name: Resurgence
Aura Name: 0 - The Fool
Has XX - The Judgement: False
 Has 0 - The Fool: True
Aura Name: Resurgence
Aura Name: 0 - The Fool
Aura Name: XV - The Devil
Aura Name: Resurgence
Aura Name: 0 - The Fool
Aura Name: Resurgence
Aura Name: 0 - The Fool
Aura Name: Resurgence
Aura Name: 0 - The Fool
Aura Name: XV - The Devil
Aura Name: Resurgence
Aura Name: 0 - The Fool
Aura Name: XV - The Devil
Aura Name: Resurgence
Aura Name: 0 - The Fool
Aura Name: XV - The Devil
Aura Name: Resurgence
Aura Name: 0 - The Fool
Has XX - The Judgement: False
 Has 0 - The Fool: True
Aura Name: Resurgence
Aura Name: 0 - The Fool
Aura Name: XV - The Devil
Aura Name: Resurgence
Aura Name: 0 - The Fool
Aura Name: Resurgence
Aura Name: 0 - The Fool
Aura Name: Resurgence
Aura Name: 0 - The Fool
Aura Name: XV - The Devil
Aura Name: Resurgence
Aura Name: 0 - The Fool
Aura Name: XV - The Devil
Aura Name: Resurgence
Aura Name: 0 - The Fool
Aura Name: XV - The Devil
Aura Name: Resurgence
Aura Name: 0 - The Fool
Has XX - The Judgement: False
 Has 0 - The Fool: True
Aura Name: Resurgence
Aura Name: 0 - The Fool
Aura Name: XV - The Devil
Aura Name: Resurgence
Aura Name: 0 - The Fool
Aura Name: Resurgence
Aura Name: 0 - The Fool
Aura Name: Resurgence
Aura Name: 0 - The Fool
Aura Name: XV - The Devil
Aura Name: Resurgence
Aura Name: 0 - The Fool
Aura Name: XV - The Devil
Aura Name: Resurgence
Aura Name: 0 - The Fool
Aura Name: XV - The Devil
Aura Name: Resurgence
Aura Name: 0 - The Fool
Has XX - The Judgement: False
 Has 0 - The Fool: True
Aura Name: Resurgence
Aura Name: 0 - The Fool
Aura Name: XV - The Devil
Aura Name: Resurgence
Aura Name: 0 - The Fool
Aura Name: Resurgence
Aura Name: 0 - The Fool
Aura Name: Resurgence
Aura Name: 0 - The Fool
Aura Name: XVI - The Tower
Aura Name: Resurgence
Aura Name: 0 - The Fool
Aura Name: XVI - The Tower
Aura Name: Resurgence
Aura Name: 0 - The Fool
Aura Name: XVI - The Tower
Aura Name: Resurgence
Aura Name: 0 - The Fool
Has XX - The Judgement: False
 Has 0 - The Fool: True
Aura Name: Resurgence
Aura Name: 0 - The Fool
Aura Name: XVI - The Tower
Aura Name: Resurgence
Aura Name: 0 - The Fool
Aura Name: Resurgence
Aura Name: 0 - The Fool
Aura Name: Resurgence
Aura Name: 0 - The Fool
Aura Name: XVI - The Tower
Aura Name: Resurgence
Aura Name: 0 - The Fool
Aura Name: XVI - The Tower
Aura Name: Resurgence
Aura Name: 0 - The Fool
Aura Name: XVI - The Tower
Aura Name: Resurgence
Aura Name: 0 - The Fool
Has XX - The Judgement: False
 Has 0 - The Fool: True
Aura Name: Resurgence
Aura Name: 0 - The Fool
Aura Name: XVI - The Tower
Aura Name: Resurgence
Aura Name: 0 - The Fool
Aura Name: Resurgence
Aura Name: 0 - The Fool
Aura Name: Resurgence
Aura Name: 0 - The Fool
Aura Name: XVI - The Tower
Aura Name: Resurgence
Aura Name: 0 - The Fool
Aura Name: XVI - The Tower
Aura Name: Resurgence
Aura Name: 0 - The Fool
Aura Name: XVI - The Tower
Aura Name: Resurgence
Aura Name: 0 - The Fool
Has XX - The Judgement: False
 Has 0 - The Fool: True
Aura Name: Resurgence
Aura Name: 0 - The Fool
Aura Name: XVI - The Tower
Aura Name: Resurgence
Aura Name: 0 - The Fool
Aura Name: Resurgence
Aura Name: 0 - The Fool
Aura Name: Resurgence
Aura Name: 0 - The Fool
Aura Name: XVI - The Tower
Aura Name: Resurgence
Aura Name: 0 - The Fool
Aura Name: XVI - The Tower
Aura Name: Resurgence
Aura Name: 0 - The Fool
Aura Name: XVII - The Star
Aura Name: Resurgence
Aura Name: 0 - The Fool
Has XX - The Judgement: False
 Has 0 - The Fool: True
Aura Name: Resurgence
Aura Name: 0 - The Fool
Aura Name: XVII - The Star
Aura Name: Resurgence
Aura Name: 0 - The Fool
Aura Name: Resurgence
Aura Name: 0 - The Fool
Aura Name: Resurgence
Aura Name: 0 - The Fool
Aura Name: XVII - The Star
Aura Name: Resurgence
Aura Name: 0 - The Fool
Aura Name: XVII - The Star
Aura Name: Resurgence
Aura Name: 0 - The Fool
Aura Name: XVII - The Star
Aura Name: Resurgence
Aura Name: 0 - The Fool
Has XX - The Judgement: False
 Has 0 - The Fool: True
Aura Name: Resurgence
Aura Name: 0 - The Fool
Aura Name: XVII - The Star
Aura Name: Resurgence
Aura Name: 0 - The Fool
Aura Name: Resurgence
Aura Name: 0 - The Fool
Aura Name: Resurgence
Aura Name: 0 - The Fool
Aura Name: XVII - The Star
Aura Name: Resurgence
Aura Name: 0 - The Fool
Aura Name: XVII - The Star
Aura Name: Resurgence
Aura Name: 0 - The Fool
Aura Name: XVII - The Star
Aura Name: Resurgence
Aura Name: 0 - The Fool
Has XX - The Judgement: False
 Has 0 - The Fool: True
Aura Name: Resurgence
Aura Name: 0 - The Fool
Aura Name: XVII - The Star
Aura Name: Resurgence
Aura Name: 0 - The Fool
Aura Name: Resurgence
Aura Name: 0 - The Fool
Aura Name: Resurgence
Aura Name: 0 - The Fool
Aura Name: XVII - The Star
Aura Name: Resurgence
Aura Name: 0 - The Fool
Aura Name: XVII - The Star
Aura Name: Resurgence
Aura Name: 0 - The Fool
Aura Name: XVII - The Star
Aura Name: Resurgence
Aura Name: 0 - The Fool
Has XX - The Judgement: False
 Has 0 - The Fool: True
Aura Name: Resurgence
Aura Name: 0 - The Fool
Aura Name: XVII - The Star
Aura Name: Resurgence
Aura Name: 0 - The Fool
Aura Name: Resurgence
Aura Name: 0 - The Fool
Aura Name: Resurgence
Aura Name: 0 - The Fool
Aura Name: XVII - The Star
Aura Name: Resurgence
Aura Name: 0 - The Fool
Aura Name: XVII - The Star
Aura Name: Resurgence
Aura Name: 0 - The Fool
Aura Name: XVII - The Star
Aura Name: Resurgence
Aura Name: 0 - The Fool
Has XX - The Judgement: False
 Has 0 - The Fool: True
Aura Name: Resurgence
Aura Name: 0 - The Fool
Aura Name: XVII - The Star
Aura Name: Resurgence
Aura Name: 0 - The Fool
Aura Name: Resurgence
Aura Name: 0 - The Fool
Aura Name: Resurgence
Aura Name: 0 - The Fool
Aura Name: XVII - The Star
Aura Name: Resurgence
Aura Name: 0 - The Fool
Aura Name: XVII - The Star
Aura Name: Resurgence
Aura Name: 0 - The Fool
Aura Name: XVII - The Star
Aura Name: Resurgence
Aura Name: 0 - The Fool
Has XX - The Judgement: False
 Has 0 - The Fool: True
Aura Name: Resurgence
Aura Name: 0 - The Fool
Aura Name: XVII - The Star
Aura Name: Resurgence
Aura Name: 0 - The Fool
Aura Name: Resurgence
Aura Name: 0 - The Fool
Aura Name: Resurgence
Aura Name: 0 - The Fool
Aura Name: XVIII - The Moon
Aura Name: Resurgence
Aura Name: 0 - The Fool
Aura Name: XVIII - The Moon
Aura Name: Resurgence
Aura Name: 0 - The Fool
Aura Name: XVIII - The Moon
Aura Name: Resurgence
Aura Name: 0 - The Fool
Has XX - The Judgement: False
 Has 0 - The Fool: True
Aura Name: Resurgence
Aura Name: 0 - The Fool
Aura Name: XVIII - The Moon
Aura Name: Resurgence
Aura Name: 0 - The Fool
Aura Name: Resurgence
Aura Name: 0 - The Fool
Aura Name: Resurgence
Aura Name: 0 - The Fool
Aura Name: XVIII - The Moon
Aura Name: Resurgence
Aura Name: 0 - The Fool
Aura Name: XVIII - The Moon
Aura Name: Resurgence
Aura Name: 0 - The Fool
Aura Name: XVIII - The Moon
Aura Name: Resurgence
Aura Name: 0 - The Fool
Has XX - The Judgement: False
 Has 0 - The Fool: True
Aura Name: Resurgence
Aura Name: 0 - The Fool
Aura Name: XVIII - The Moon
Aura Name: Resurgence
Aura Name: 0 - The Fool
Aura Name: Resurgence
Aura Name: 0 - The Fool
Aura Name: Resurgence
Aura Name: 0 - The Fool
Aura Name: XVIII - The Moon
Aura Name: Resurgence
Aura Name: 0 - The Fool
Aura Name: XVIII - The Moon
Aura Name: Resurgence
Aura Name: 0 - The Fool
Aura Name: XVIII - The Moon
Aura Name: Resurgence
Aura Name: 0 - The Fool
Has XX - The Judgement: False
 Has 0 - The Fool: True
Aura Name: Resurgence
Aura Name: 0 - The Fool
Aura Name: XVIII - The Moon
Aura Name: Resurgence
Aura Name: 0 - The Fool
Aura Name: Resurgence
Aura Name: 0 - The Fool
Aura Name: Resurgence
Aura Name: 0 - The Fool
Aura Name: XVIII - The Moon
Aura Name: Resurgence
Aura Name: 0 - The Fool
Aura Name: XVIII - The Moon
Aura Name: Resurgence
Aura Name: 0 - The Fool
Aura Name: XIX - The Sun
Aura Name: Resurgence
Aura Name: 0 - The Fool
Has XX - The Judgement: False
 Has 0 - The Fool: True
Aura Name: Resurgence
Aura Name: 0 - The Fool
Aura Name: XIX - The Sun
Aura Name: Resurgence
Aura Name: 0 - The Fool
Aura Name: Resurgence
Aura Name: 0 - The Fool
Aura Name: Resurgence
Aura Name: 0 - The Fool
Aura Name: XIX - The Sun
Aura Name: Resurgence
Aura Name: 0 - The Fool
Aura Name: XIX - The Sun
Aura Name: Resurgence
Aura Name: 0 - The Fool
Aura Name: XIX - The Sun
Aura Name: Resurgence
Aura Name: 0 - The Fool
Has XX - The Judgement: False
 Has 0 - The Fool: True
Aura Name: Resurgence
Aura Name: 0 - The Fool
Aura Name: XIX - The Sun
Aura Name: Resurgence
Aura Name: 0 - The Fool
Aura Name: Resurgence
Aura Name: 0 - The Fool
Aura Name: Resurgence
Aura Name: 0 - The Fool
Aura Name: XIX - The Sun
Aura Name: Resurgence
Aura Name: 0 - The Fool
Aura Name: XIX - The Sun
Aura Name: Resurgence
Aura Name: 0 - The Fool
Aura Name: XIX - The Sun
Aura Name: Resurgence
Aura Name: 0 - The Fool
Has XX - The Judgement: False
 Has 0 - The Fool: True
Aura Name: Resurgence
Aura Name: 0 - The Fool
Aura Name: XIX - The Sun
Aura Name: Resurgence
Aura Name: 0 - The Fool
Aura Name: Resurgence
Aura Name: 0 - The Fool
Aura Name: Resurgence
Aura Name: 0 - The Fool
Aura Name: XIX - The Sun
Aura Name: Resurgence
Aura Name: 0 - The Fool
Aura Name: XIX - The Sun
Aura Name: Resurgence
Aura Name: 0 - The Fool
Aura Name: XIX - The Sun
Aura Name: Resurgence
Aura Name: 0 - The Fool
Has XX - The Judgement: False
 Has 0 - The Fool: True
Aura Name: Resurgence
Aura Name: 0 - The Fool
Aura Name: XIX - The Sun
Aura Name: Resurgence
Aura Name: 0 - The Fool
Aura Name: Resurgence
Aura Name: 0 - The Fool
Aura Name: Resurgence
Aura Name: 0 - The Fool
Aura Name: XIX - The Sun
Aura Name: Resurgence
Aura Name: 0 - The Fool
Aura Name: Judgement Day
Aura Name: XX - Judgement
Aura Name: Resurgence
Aura Name: 0 - The Fool
Aura Name: Judgement Day
Aura Name: XX - Judgement
Aura Name: Resurgence
Aura Name: 0 - The Fool
Has XX - The Judgement: False
 Has 0 - The Fool: True
Aura Name: Resurgence
Aura Name: 0 - The Fool
Aura Name: Judgement Day
Aura Name: XX - Judgement
Aura Name: Resurgence
Aura Name: 0 - The Fool
Aura Name: Resurgence
Aura Name: 0 - The Fool
Aura Name: Resurgence
Aura Name: 0 - The Fool
Aura Name: Judgement Day
Aura Name: XX - Judgement
Aura Name: Resurgence
Aura Name: 0 - The Fool
Aura Name: Judgement Day
Aura Name: XX - Judgement
Aura Name: Resurgence
Aura Name: 0 - The Fool
Aura Name: Judgement Day
Aura Name: XX - Judgement
Aura Name: Resurgence
Aura Name: 0 - The Fool
Has XX - The Judgement: False
 Has 0 - The Fool: True
Aura Name: Resurgence
Aura Name: 0 - The Fool
Aura Name: Judgement Day
Aura Name: XX - Judgement
Aura Name: Resurgence
Aura Name: 0 - The Fool
Aura Name: Resurgence
Aura Name: 0 - The Fool
Aura Name: Resurgence
Aura Name: 0 - The Fool
Aura Name: Judgement Day
Aura Name: XX - Judgement
Aura Name: Resurgence
Aura Name: 0 - The Fool
Aura Name: Judgement Day
Aura Name: XX - Judgement
Aura Name: Resurgence
Aura Name: 0 - The Fool
Aura Name: Judgement Day
Aura Name: XX - Judgement
Aura Name: Resurgence
Aura Name: 0 - The Fool
Has XX - The Judgement: False
 Has 0 - The Fool: True
Aura Name: Resurgence
Aura Name: 0 - The Fool
Aura Name: Judgement Day
Aura Name: XX - Judgement
Aura Name: Resurgence
Aura Name: 0 - The Fool
Aura Name: Resurgence
Aura Name: 0 - The Fool
Aura Name: Resurgence
Aura Name: 0 - The Fool
Aura Name: Judgement Day
Aura Name: XX - Judgement
Aura Name: Resurgence
Aura Name: 0 - The Fool
Aura Name: Judgement Day
Aura Name: XX - Judgement
Aura Name: Resurgence
Aura Name: 0 - The Fool
Aura Name: Judgement Day
Aura Name: XX - Judgement
Aura Name: Resurgence
Aura Name: 0 - The Fool
Has XX - The Judgement: False
 Has 0 - The Fool: True
Aura Name: Resurgence
Aura Name: 0 - The Fool
Aura Name: Judgement Day
Aura Name: XX - Judgement
Aura Name: Resurgence
Aura Name: 0 - The Fool
Aura Name: Resurgence
Aura Name: 0 - The Fool
Aura Name: Resurgence
Aura Name: 0 - The Fool
Aura Name: Judgement Day
Aura Name: XX - Judgement
Aura Name: Resurgence
Aura Name: 0 - The Fool
Aura Name: Judgement Day
Aura Name: XX - Judgement
Aura Name: Resurgence
Aura Name: 0 - The Fool
Aura Name: Judgement Day
Aura Name: XX - Judgement
Aura Name: Resurgence
Aura Name: 0 - The Fool
Has XX - The Judgement: False
 Has 0 - The Fool: True
Aura Name: Resurgence
Aura Name: 0 - The Fool
Aura Name: Judgement Day
Aura Name: XX - Judgement
Aura Name: Resurgence
Aura Name: 0 - The Fool
Aura Name: Resurgence
Aura Name: 0 - The Fool
Aura Name: Resurgence
Aura Name: 0 - The Fool
Aura Name: Judgement Day
Aura Name: XX - Judgement
Aura Name: Resurgence
Aura Name: 0 - The Fool
Aura Name: XX - Judgement
Aura Name: Resurgence
Aura Name: 0 - The Fool
Aura Name: XX - Judgement
Aura Name: Resurgence
Aura Name: 0 - The Fool
Has XX - The Judgement: False
 Has 0 - The Fool: True
Aura Name: Resurgence
Aura Name: 0 - The Fool
Aura Name: XX - Judgement
Aura Name: Resurgence
Aura Name: 0 - The Fool
Aura Name: Resurgence
Aura Name: 0 - The Fool
Aura Name: Resurgence
Aura Name: 0 - The Fool
Aura Name: XX - Judgement
Aura Name: Resurgence
Aura Name: 0 - The Fool
Aura Name: XX - Judgement
Aura Name: Resurgence
Aura Name: 0 - The Fool
Aura Name: XX - Judgement
Aura Name: Resurgence
Aura Name: 0 - The Fool
Has XX - The Judgement: False
 Has 0 - The Fool: True
Aura Name: Resurgence
Aura Name: 0 - The Fool
Aura Name: XX - Judgement
Aura Name: Resurgence
Aura Name: 0 - The Fool
Aura Name: Resurgence
Aura Name: 0 - The Fool
Aura Name: Resurgence
Aura Name: 0 - The Fool
Aura Name: XX - Judgement
Aura Name: Resurgence
Aura Name: 0 - The Fool
Aura Name: XX - Judgement
Aura Name: Resurgence
Aura Name: 0 - The Fool
Aura Name: XX - Judgement
Aura Name: Resurgence
Aura Name: 0 - The Fool
Has XX - The Judgement: False
 Has 0 - The Fool: True
Aura Name: Resurgence
Aura Name: 0 - The Fool
Aura Name: XX - Judgement
Aura Name: Resurgence
Aura Name: 0 - The Fool
Aura Name: Resurgence
Aura Name: 0 - The Fool
Aura Name: Resurgence
Aura Name: 0 - The Fool
Aura Name: XX - Judgement
Aura Name: Resurgence
Aura Name: 0 - The Fool
Aura Name: XX - Judgement
Aura Name: Resurgence
Aura Name: 0 - The Fool
Aura Name: XX - Judgement
Aura Name: Resurgence
Aura Name: 0 - The Fool
Has XX - The Judgement: False
 Has 0 - The Fool: True
Aura Name: Resurgence
Aura Name: 0 - The Fool
Aura Name: XX - Judgement
Aura Name: Resurgence
Aura Name: 0 - The Fool
Aura Name: Resurgence
Aura Name: 0 - The Fool
Aura Name: Resurgence
Aura Name: 0 - The Fool
Aura Name: XX - Judgement
Aura Name: Resurgence
Aura Name: 0 - The Fool
Aura Name: XX - Judgement
Aura Name: Resurgence
Aura Name: 0 - The Fool
Aura Name: XX - Judgement
Aura Name: Resurgence
Aura Name: 0 - The Fool
Has XX - The Judgement: False
 Has 0 - The Fool: True
Aura Name: Resurgence
Aura Name: 0 - The Fool
Aura Name: XX - Judgement
Aura Name: Resurgence
Aura Name: 0 - The Fool
Aura Name: Resurgence
Aura Name: 0 - The Fool
Aura Name: Resurgence
Aura Name: 0 - The Fool
Aura Name: XX - Judgement
Aura Name: Resurgence
Aura Name: 0 - The Fool
Aura Name: XX - Judgement
Aura Name: Resurgence
Aura Name: 0 - The Fool
Aura Name: XX - Judgement
Aura Name: Resurgence
Aura Name: 0 - The Fool
Has XX - The Judgement: False
 Has 0 - The Fool: True
Aura Name: Resurgence
Aura Name: 0 - The Fool
Aura Name: XX - Judgement
Aura Name: Resurgence
Aura Name: 0 - The Fool
Aura Name: Resurgence
Aura Name: 0 - The Fool
Aura Name: Resurgence
Aura Name: 0 - The Fool
Aura Name: XX - Judgement
Aura Name: Resurgence
Aura Name: 0 - The Fool
Aura Name: XX - Judgement
Aura Name: Resurgence
Aura Name: 0 - The Fool
Aura Name: XX - Judgement
Aura Name: Resurgence
Aura Name: 0 - The Fool
Has XX - The Judgement: False
 Has 0 - The Fool: True
Aura Name: Resurgence
Aura Name: 0 - The Fool
Aura Name: XX - Judgement
Aura Name: Resurgence
Aura Name: 0 - The Fool
Aura Name: Resurgence
Aura Name: 0 - The Fool
Aura Name: Resurgence
Aura Name: 0 - The Fool
Aura Name: XX - Judgement
Aura Name: Resurgence
Aura Name: 0 - The Fool
Aura Name: XX - Judgement
Aura Name: Resurgence
Aura Name: 0 - The Fool
Aura Name: XX - Judgement
Aura Name: Resurgence
Aura Name: 0 - The Fool
Has XX - The Judgement: False
 Has 0 - The Fool: True
Aura Name: Resurgence
Aura Name: 0 - The Fool
Aura Name: XX - Judgement
Aura Name: Resurgence
Aura Name: 0 - The Fool
Aura Name: Resurgence
Aura Name: 0 - The Fool
Aura Name: Resurgence
Aura Name: 0 - The Fool
Aura Name: XX - Judgement
Aura Name: Resurgence
Aura Name: 0 - The Fool
Aura Name: XX - Judgement
Aura Name: Resurgence
Aura Name: 0 - The Fool
Aura Name: XX - Judgement
Aura Name: Resurgence
Aura Name: 0 - The Fool
Has XX - The Judgement: False
 Has 0 - The Fool: True
Aura Name: Resurgence
Aura Name: 0 - The Fool
Aura Name: XX - Judgement
Aura Name: Resurgence
Aura Name: 0 - The Fool
Aura Name: Resurgence
Aura Name: 0 - The Fool
[CORE] System offline
Aura Name: Resurgence
Aura Name: 0 - The Fool
Aura Name: XX - Judgement
Aura Name: Resurgence
Aura Name: 0 - The Fool
Aura Name: XX - Judgement
Aura Name: Resurgence
Aura Name: 0 - The Fool
Aura Name: XX - Judgement
Aura Name: Resurgence
Aura Name: 0 - The Fool
Has XX - The Judgement: False
 Has 0 - The Fool: True
Aura Name: Resurgence
Aura Name: 0 - The Fool
Aura Name: XX - Judgement
Aura Name: Resurgence
Aura Name: 0 - The Fool
Aura Name: Resurgence
Aura Name: 0 - The Fool
[CORE] System online
[FARMING] Killing Boss Dummy for 1x Celestial Staff
[CORE] System offline
[CORE] System online
[FARMING] Killing Testing Dummy for 1x Celestial Staff
[CORE] System offline
[CORE] System online
[FARMING] Killing Testing Dummy for 1x Celestial Staff
Left XXI - The World: True
 Has XXI - The World: False
Left XXI - The World: True
 Has XXI - The World: False
Left XXI - The World: True
 Has XXI - The World: False
Left XXI - The World: True
 Has XXI - The World: False
Left XXI - The World: True
 Has XXI - The World: False
Left XXI - The World: True
 Has XXI - The World: False
Left XXI - The World: True
 Has XXI - The World: False
Left XXI - The World: True
 Has XXI - The World: False
Left XXI - The World: True
 Has XXI - The World: False
Left XXI - The World: True
 Has XXI - The World: False
Left XXI - The World: True
 Has XXI - The World: False
Left XXI - The World: True
 Has XXI - The World: False
Left XXI - The World: True
 Has XXI - The World: False
Left XXI - The World: True
 Has XXI - The World: False
Left XXI - The World: True
 Has XXI - The World: False
Left XXI - The World: True
 Has XXI - The World: False
Left XXI - The World: True
 Has XXI - The World: False
Left XXI - The World: True
 Has XXI - The World: False
Left XXI - The World: True
 Has XXI - The World: False
Left XXI - The World: True
 Has XXI - The World: False
Left XXI - The World: True
 Has XXI - The World: False
Left XXI - The World: True
 Has XXI - The World: False
Left XXI - The World: True
 Has XXI - The World: False
Left XXI - The World: True
 Has XXI - The World: False
Left XXI - The World: True
 Has XXI - The World: False
Left XXI - The World: True
 Has XXI - The World: False
Left XXI - The World: True
 Has XXI - The World: False
Left XXI - The World: True
 Has XXI - The World: False
Left XXI - The World: True
 Has XXI - The World: False
Left XXI - The World: True
 Has XXI - The World: False
Left XXI - The World: True
 Has XXI - The World: False
Left XXI - The World: True
 Has XXI - The World: False
Left XXI - The World: True
 Has XXI - The World: False
Left XXI - The World: True
 Has XXI - The World: False
Left XXI - The World: True
 Has XXI - The World: False
Left XXI - The World: True
 Has XXI - The World: False
Left XXI - The World: True
 Has XXI - The World: False
Left XXI - The World: True
 Has XXI - The World: False
Left XXI - The World: True
 Has XXI - The World: False
Left XXI - The World: True
 Has XXI - The World: False
Left XXI - The World: True
 Has XXI - The World: False
Left XXI - The World: True
 Has XXI - The World: False
Left XXI - The World: True
 Has XXI - The World: False
Left XXI - The World: True
 Has XXI - The World: False
Left XXI - The World: True
 Has XXI - The World: False
Left XXI - The World: True
 Has XXI - The World: False
Left XXI - The World: True
 Has XXI - The World: False
Left XXI - The World: True
 Has XXI - The World: False
Left XXI - The World: True
 Has XXI - The World: False
Left XXI - The World: True
 Has XXI - The World: False
Left XXI - The World: True
 Has XXI - The World: False
Left XXI - The World: True
 Has XXI - The World: False
Left XXI - The World: True
 Has XXI - The World: False
Left XXI - The World: True
 Has XXI - The World: False
Left XXI - The World: True
 Has XXI - The World: False
Left XXI - The World: True
 Has XXI - The World: False
Left XXI - The World: True
 Has XXI - The World: False
Left XXI - The World: True
 Has XXI - The World: False
Left XXI - The World: True
 Has XXI - The World: False
Left XXI - The World: True
 Has XXI - The World: False
Left XXI - The World: True
 Has XXI - The World: False
Left XXI - The World: True
 Has XXI - The World: False
Left XXI - The World: True
 Has XXI - The World: False
Left XXI - The World: True
 Has XXI - The World: False
Left XXI - The World: True
 Has XXI - The World: False
Left XXI - The World: True
 Has XXI - The World: False
Left XXI - The World: True
 Has XXI - The World: False
Left XXI - The World: True
 Has XXI - The World: False
Left XXI - The World: True
 Has XXI - The World: False
Left XXI - The World: True
 Has XXI - The World: False
Left XXI - The World: True
 Has XXI - The World: False
Left XXI - The World: True
 Has XXI - The World: False
Left XXI - The World: True
 Has XXI - The World: False
Left XXI - The World: True
 Has XXI - The World: False
Left XXI - The World: True
 Has XXI - The World: False
Left XXI - The World: True
 Has XXI - The World: False
Left XXI - The World: True
 Has XXI - The World: False
Left XXI - The World: True
 Has XXI - The World: False
Left XXI - The World: True
 Has XXI - The World: False
Left XXI - The World: True
 Has XXI - The World: False
Left XXI - The World: True
 Has XXI - The World: False
Left XXI - The World: True
 Has XXI - The World: False
Left XXI - The World: True
 Has XXI - The World: False
Left XXI - The World: True
 Has XXI - The World: False
Left XXI - The World: True
 Has XXI - The World: False
Left XXI - The World: True
 Has XXI - The World: False
Left XXI - The World: True
 Has XXI - The World: False
Left XXI - The World: True
 Has XXI - The World: False
Left XXI - The World: True
 Has XXI - The World: False
Left XXI - The World: True
 Has XXI - The World: False
Left XXI - The World: True
 Has XXI - The World: False
Left XXI - The World: True
 Has XXI - The World: False
Left XXI - The World: True
 Has XXI - The World: False
Left XXI - The World: True
 Has XXI - The World: False
Left XXI - The World: True
 Has XXI - The World: False
Left XXI - The World: True
 Has XXI - The World: False
Left XXI - The World: True
 Has XXI - The World: False
Left XXI - The World: True
 Has XXI - The World: False
Left XXI - The World: True
 Has XXI - The World: False
Left XXI - The World: True
 Has XXI - The World: False
Left XXI - The World: True
 Has XXI - The World: False
Left XXI - The World: True
 Has XXI - The World: False
Left XXI - The World: True
 Has XXI - The World: False
Left XXI - The World: True
 Has XXI - The World: False
Left XXI - The World: True
 Has XXI - The World: False
Left XXI - The World: True
 Has XXI - The World: False
Left XXI - The World: True
 Has XXI - The World: False
Left XXI - The World: True
 Has XXI - The World: False
Left XXI - The World: True
 Has XXI - The World: False
Left XXI - The World: True
 Has XXI - The World: False
Left XXI - The World: True
 Has XXI - The World: False
Left XXI - The World: True
 Has XXI - The World: False
Left XXI - The World: True
 Has XXI - The World: False
Left XXI - The World: True
 Has XXI - The World: False
Left XXI - The World: True
 Has XXI - The World: False
Left XXI - The World: True
 Has XXI - The World: False
Left XXI - The World: True
 Has XXI - The World: False
Left XXI - The World: True
 Has XXI - The World: False
Left XXI - The World: True
 Has XXI - The World: False
Left XXI - The World: True
 Has XXI - The World: False
Left XXI - The World: True
 Has XXI - The World: False
Left XXI - The World: True
 Has XXI - The World: False
Left XXI - The World: True
 Has XXI - The World: False
Left XXI - The World: True
 Has XXI - The World: False
Left XXI - The World: True
 Has XXI - The World: False
Left XXI - The World: True
 Has XXI - The World: False
Left XXI - The World: True
 Has XXI - The World: False
Left XXI - The World: True
 Has XXI - The World: False
Left XXI - The World: True
 Has XXI - The World: False
Left XXI - The World: True
 Has XXI - The World: False
Left XXI - The World: True
 Has XXI - The World: False
Left XXI - The World: True
 Has XXI - The World: False
Left XXI - The World: True
 Has XXI - The World: False
Left XXI - The World: True
 Has XXI - The World: False
Left XXI - The World: True
 Has XXI - The World: False
Left XXI - The World: True
 Has XXI - The World: False
Left XXI - The World: True
 Has XXI - The World: False
Left XXI - The World: True
 Has XXI - The World: False
Left XXI - The World: True
 Has XXI - The World: False
Left XXI - The World: True
 Has XXI - The World: False
Left XXI - The World: True
 Has XXI - The World: False
Left XXI - The World: True
 Has XXI - The World: False
Left XXI - The World: True
 Has XXI - The World: False
Left XXI - The World: True
 Has XXI - The World: False
Left XXI - The World: True
 Has XXI - The World: False
Left XXI - The World: True
 Has XXI - The World: False
Left XXI - The World: True
 Has XXI - The World: False
Left XXI - The World: True
 Has XXI - The World: False
Left XXI - The World: True
 Has XXI - The World: False
Left XXI - The World: True
 Has XXI - The World: False
Left XXI - The World: True
 Has XXI - The World: False
Left XXI - The World: True
 Has XXI - The World: False
Left XXI - The World: True
 Has XXI - The World: False
Left XXI - The World: True
 Has XXI - The World: False
Left XXI - The World: True
 Has XXI - The World: False
Left XXI - The World: True
 Has XXI - The World: False
Left XXI - The World: True
 Has XXI - The World: False
Left XXI - The World: True
 Has XXI - The World: False
Left XXI - The World: True
 Has XXI - The World: False
Left XXI - The World: True
 Has XXI - The World: False
Left XXI - The World: True
 Has XXI - The World: False
Left XXI - The World: True
 Has XXI - The World: False
Left XXI - The World: True
 Has XXI - The World: False
Left XXI - The World: True
 Has XXI - The World: False
Left XXI - The World: True
 Has XXI - The World: False
Left XXI - The World: True
 Has XXI - The World: False
Left XXI - The World: True
 Has XXI - The World: False
Left XXI - The World: True
 Has XXI - The World: False
Left XXI - The World: True
 Has XXI - The World: False
Left XXI - The World: True
 Has XXI - The World: False
Left XXI - The World: True
 Has XXI - The World: False
Left XXI - The World: True
 Has XXI - The World: False
Left XXI - The World: True
 Has XXI - The World: False
Left XXI - The World: True
 Has XXI - The World: False
Left XXI - The World: True
 Has XXI - The World: False
Left XXI - The World: True
 Has XXI - The World: False
Left XXI - The World: True
 Has XXI - The World: False
Left XXI - The World: True
 Has XXI - The World: False
Left XXI - The World: True
 Has XXI - The World: False
Left XXI - The World: True
 Has XXI - The World: False
Left XXI - The World: True
 Has XXI - The World: False
Left XXI - The World: True
 Has XXI - The World: False
Left XXI - The World: True
 Has XXI - The World: False
Left XXI - The World: True
 Has XXI - The World: False
Left XXI - The World: True
 Has XXI - The World: False
Left XXI - The World: True
 Has XXI - The World: False
Left XXI - The World: True
 Has XXI - The World: False
Left XXI - The World: True
 Has XXI - The World: False
Left XXI - The World: True
 Has XXI - The World: False
Left XXI - The World: True
 Has XXI - The World: False
Left XXI - The World: True
 Has XXI - The World: False
Left XXI - The World: True
 Has XXI - The World: False
Left XXI - The World: True
 Has XXI - The World: False
Left XXI - The World: True
 Has XXI - The World: False
Left XXI - The World: True
 Has XXI - The World: False
Left XXI - The World: True
 Has XXI - The World: False
Left XXI - The World: True
 Has XXI - The World: False
Left XXI - The World: True
 Has XXI - The World: False
Left XXI - The World: True
 Has XXI - The World: False
Left XXI - The World: True
 Has XXI - The World: False
Left XXI - The World: True
 Has XXI - The World: False
Left XXI - The World: True
 Has XXI - The World: False
Left XXI - The World: True
 Has XXI - The World: False
Left XXI - The World: True
 Has XXI - The World: False
Left XXI - The World: True
 Has XXI - The World: False
Left XXI - The World: True
 Has XXI - The World: False
Left XXI - The World: True
 Has XXI - The World: False
Left XXI - The World: True
 Has XXI - The World: False
Left XXI - The World: True
 Has XXI - The World: False
Left XXI - The World: True
 Has XXI - The World: False
Left XXI - The World: True
 Has XXI - The World: False
Left XXI - The World: True
 Has XXI - The World: False
Left XXI - The World: True
 Has XXI - The World: False
Left XXI - The World: True
 Has XXI - The World: False
Left XXI - The World: True
 Has XXI - The World: False
Left XXI - The World: True
 Has XXI - The World: False
Left XXI - The World: True
 Has XXI - The World: False
Left XXI - The World: True
 Has XXI - The World: False
Left XXI - The World: True
 Has XXI - The World: False
Left XXI - The World: True
 Has XXI - The World: False
Left XXI - The World: True
 Has XXI - The World: False
Left XXI - The World: True
 Has XXI - The World: False
Left XXI - The World: True
 Has XXI - The World: False
Left XXI - The World: True
 Has XXI - The World: False
Left XXI - The World: True
 Has XXI - The World: False
Left XXI - The World: True
 Has XXI - The World: False
Left XXI - The World: True
 Has XXI - The World: False
Left XXI - The World: True
 Has XXI - The World: False
Left XXI - The World: True
 Has XXI - The World: False
Left XXI - The World: True
 Has XXI - The World: False
Left XXI - The World: True
 Has XXI - The World: False
Left XXI - The World: True
 Has XXI - The World: False
Left XXI - The World: True
 Has XXI - The World: False
Left XXI - The World: True
 Has XXI - The World: False
Left XXI - The World: True
 Has XXI - The World: False
Left XXI - The World: True
 Has XXI - The World: False
Left XXI - The World: True
 Has XXI - The World: False
Left XXI - The World: True
 Has XXI - The World: False
Left XXI - The World: True
 Has XXI - The World: False
Left XXI - The World: True
 Has XXI - The World: False
Left XXI - The World: True
 Has XXI - The World: False
Left XXI - The World: True
 Has XXI - The World: False
Left XXI - The World: True
 Has XXI - The World: False
Left XXI - The World: True
 Has XXI - The World: False
Left XXI - The World: True
 Has XXI - The World: False
Left XXI - The World: True
 Has XXI - The World: False
Left XXI - The World: True
 Has XXI - The World: False
Left XXI - The World: True
 Has XXI - The World: False
Left XXI - The World: True
 Has XXI - The World: False
Left XXI - The World: True
 Has XXI - The World: False
Left XXI - The World: True
 Has XXI - The World: False
Left XXI - The World: True
 Has XXI - The World: False
Left XXI - The World: True
 Has XXI - The World: False
Left XXI - The World: True
 Has XXI - The World: False
Left XXI - The World: True
 Has XXI - The World: False
Left XXI - The World: True
 Has XXI - The World: False
Left XXI - The World: True
 Has XXI - The World: False
Left XXI - The World: True
 Has XXI - The World: False
Left XXI - The World: True
 Has XXI - The World: False
Left XXI - The World: True
 Has XXI - The World: False
Left XXI - The World: True
 Has XXI - The World: False
Left XXI - The World: True
 Has XXI - The World: False
Left XXI - The World: True
 Has XXI - The World: False
Left XXI - The World: True
 Has XXI - The World: False
Left XXI - The World: True
 Has XXI - The World: False
Left XXI - The World: True
 Has XXI - The World: False
Left XXI - The World: True
 Has XXI - The World: False
Left XXI - The World: True
 Has XXI - The World: False
Left XXI - The World: True
 Has XXI - The World: False
Left XXI - The World: True
 Has XXI - The World: False
Left XXI - The World: True
 Has XXI - The World: False
Left XXI - The World: True
 Has XXI - The World: False
Left XXI - The World: True
 Has XXI - The World: False
Left XXI - The World: True
 Has XXI - The World: False
Left XXI - The World: True
 Has XXI - The World: False
Left XXI - The World: True
 Has XXI - The World: False
Left XXI - The World: False
 Has XXI - The World: True
Left XXI - The World: False
 Has XXI - The World: True
Left XXI - The World: False
 Has XXI - The World: True
Left XXI - The World: False
 Has XXI - The World: True
Left XXI - The World: False
 Has XXI - The World: True
Left XXI - The World: False
 Has XXI - The World: True
Left XXI - The World: False
 Has XXI - The World: True
Left XXI - The World: False
 Has XXI - The World: True
Left XXI - The World: False
 Has XXI - The World: True
Left XXI - The World: True
 Has XXI - The World: False
Left XXI - The World: True
 Has XXI - The World: False
Left XXI - The World: True
 Has XXI - The World: False
Left XXI - The World: True
 Has XXI - The World: False
Left XXI - The World: True
 Has XXI - The World: False
Left XXI - The World: True
 Has XXI - The World: False
Left XXI - The World: True
 Has XXI - The World: False
Left XXI - The World: True
 Has XXI - The World: False
Left XXI - The World: True
 Has XXI - The World: False
Left XXI - The World: True
 Has XXI - The World: False
Left XXI - The World: True
 Has XXI - The World: False
[CORE] System offline
[CORE] System online
[FARMING] Killing Testing Dummy for 1x Celestial Staff
Aura Name: XXI - The World
 Remaining: 0
 Duration: 10
Left XXI - The World: True
Aura Name: XXI - The World
 Remaining: 0
 Duration: 10
Aura Name: XXI - The World
 Remaining: 0
 Duration: 10
Left XXI - The World: True
Aura Name: XXI - The World
 Remaining: 0
 Duration: 10
Aura Name: XXI - The World
 Remaining: 0
 Duration: 10
Left XXI - The World: True
Aura Name: XXI - The World
 Remaining: 0
 Duration: 10
Aura Name: XXI - The World
 Remaining: 0
 Duration: 10
Left XXI - The World: True
Aura Name: XXI - The World
 Remaining: 0
 Duration: 10
Aura Name: XXI - The World
 Remaining: 0
 Duration: 10
Left XXI - The World: True
Aura Name: XXI - The World
 Remaining: 0
 Duration: 10
Aura Name: XXI - The World
 Remaining: 0
 Duration: 10
Left XXI - The World: True
Aura Name: XXI - The World
 Remaining: 0
 Duration: 10
Aura Name: XXI - The World
 Remaining: 0
 Duration: 10
Left XXI - The World: True
Aura Name: XXI - The World
 Remaining: 0
 Duration: 10
Aura Name: XXI - The World
 Remaining: 0
 Duration: 10
Left XXI - The World: True
Aura Name: XXI - The World
 Remaining: 0
 Duration: 10
Aura Name: XXI - The World
 Remaining: 0
 Duration: 10
Left XXI - The World: True
Aura Name: XXI - The World
 Remaining: 0
 Duration: 10
Aura Name: XXI - The World
 Remaining: 0
 Duration: 10
Left XXI - The World: True
Aura Name: XXI - The World
 Remaining: 0
 Duration: 10
Aura Name: XXI - The World
 Remaining: 0
 Duration: 10
Left XXI - The World: True
Aura Name: XXI - The World
 Remaining: 0
 Duration: 10
Aura Name: XXI - The World
 Remaining: 0
 Duration: 10
Left XXI - The World: True
Aura Name: XXI - The World
 Remaining: 0
 Duration: 10
Aura Name: XXI - The World
 Remaining: 0
 Duration: 10
Left XXI - The World: True
Aura Name: XXI - The World
 Remaining: 0
 Duration: 10
Aura Name: XXI - The World
 Remaining: 0
 Duration: 10
Left XXI - The World: True
Aura Name: XXI - The World
 Remaining: 0
 Duration: 10
Aura Name: XXI - The World
 Remaining: 0
 Duration: 10
Left XXI - The World: True
Aura Name: XXI - The World
 Remaining: 0
 Duration: 10
Aura Name: XXI - The World
 Remaining: 0
 Duration: 10
Left XXI - The World: True
Aura Name: XXI - The World
 Remaining: 0
 Duration: 10
Aura Name: XXI - The World
 Remaining: 0
 Duration: 10
Left XXI - The World: True
Aura Name: XXI - The World
 Remaining: 0
 Duration: 10
Aura Name: XXI - The World
 Remaining: 0
 Duration: 10
Left XXI - The World: True
Aura Name: XXI - The World
 Remaining: 0
 Duration: 10
Aura Name: XXI - The World
 Remaining: 0
 Duration: 10
Left XXI - The World: True
Aura Name: XXI - The World
 Remaining: 0
 Duration: 10
Aura Name: XXI - The World
 Remaining: 0
 Duration: 10
Left XXI - The World: True
Aura Name: XXI - The World
 Remaining: 0
 Duration: 10
Aura Name: XXI - The World
 Remaining: 0
 Duration: 10
Left XXI - The World: True
Aura Name: XXI - The World
 Remaining: 0
 Duration: 10
Aura Name: XXI - The World
 Remaining: 0
 Duration: 10
Left XXI - The World: True
Aura Name: XXI - The World
 Remaining: 0
 Duration: 10
Aura Name: XXI - The World
 Remaining: 0
 Duration: 10
Left XXI - The World: True
Aura Name: XXI - The World
 Remaining: 0
 Duration: 10
Aura Name: XXI - The World
 Remaining: 0
 Duration: 10
Left XXI - The World: True
Aura Name: XXI - The World
 Remaining: 0
 Duration: 10
Aura Name: XXI - The World
 Remaining: 0
 Duration: 10
Left XXI - The World: True
Aura Name: XXI - The World
 Remaining: 0
 Duration: 10
Aura Name: XXI - The World
 Remaining: 0
 Duration: 10
Left XXI - The World: True
Aura Name: XXI - The World
 Remaining: 0
 Duration: 10
Aura Name: XXI - The World
 Remaining: 0
 Duration: 10
Left XXI - The World: True
Aura Name: XXI - The World
 Remaining: 0
 Duration: 10
Aura Name: XXI - The World
 Remaining: 0
 Duration: 10
Left XXI - The World: True
Aura Name: XXI - The World
 Remaining: 0
 Duration: 10
Aura Name: XXI - The World
 Remaining: 0
 Duration: 10
Left XXI - The World: True
Aura Name: XXI - The World
 Remaining: 0
 Duration: 10
Aura Name: XXI - The World
 Remaining: 0
 Duration: 10
Left XXI - The World: True
Aura Name: XXI - The World
 Remaining: 0
 Duration: 10
Aura Name: XXI - The World
 Remaining: 0
 Duration: 10
Left XXI - The World: True
Aura Name: XXI - The World
 Remaining: 0
 Duration: 10
Aura Name: XXI - The World
 Remaining: 0
 Duration: 10
Left XXI - The World: True
Aura Name: XXI - The World
 Remaining: 0
 Duration: 10
Aura Name: XXI - The World
 Remaining: 0
 Duration: 10
Left XXI - The World: True
Aura Name: XXI - The World
 Remaining: 0
 Duration: 10
Aura Name: XXI - The World
 Remaining: 0
 Duration: 10
Left XXI - The World: True
Aura Name: XXI - The World
 Remaining: 0
 Duration: 10
Aura Name: XXI - The World
 Remaining: 0
 Duration: 10
Left XXI - The World: True
Aura Name: XXI - The World
 Remaining: 0
 Duration: 10
Aura Name: XXI - The World
 Remaining: 0
 Duration: 10
Left XXI - The World: True
Aura Name: XXI - The World
 Remaining: 0
 Duration: 10
Aura Name: XXI - The World
 Remaining: 0
 Duration: 10
Left XXI - The World: True
Aura Name: XXI - The World
 Remaining: 0
 Duration: 10
Aura Name: XXI - The World
 Remaining: 0
 Duration: 10
Left XXI - The World: True
Aura Name: XXI - The World
 Remaining: 0
 Duration: 10
Aura Name: XXI - The World
 Remaining: 0
 Duration: 10
Left XXI - The World: True
Aura Name: XXI - The World
 Remaining: 0
 Duration: 10
Aura Name: XXI - The World
 Remaining: 0
 Duration: 10
Left XXI - The World: True
Aura Name: XXI - The World
 Remaining: 0
 Duration: 10
Aura Name: XXI - The World
 Remaining: 0
 Duration: 10
Left XXI - The World: True
Aura Name: XXI - The World
 Remaining: 0
 Duration: 10
Aura Name: XXI - The World
 Remaining: 0
 Duration: 10
Left XXI - The World: True
Aura Name: XXI - The World
 Remaining: 0
 Duration: 10
Aura Name: XXI - The World
 Remaining: 0
 Duration: 10
Left XXI - The World: True
Aura Name: XXI - The World
 Remaining: 0
 Duration: 10
Aura Name: XXI - The World
 Remaining: 0
 Duration: 10
Left XXI - The World: True
Aura Name: XXI - The World
 Remaining: 0
 Duration: 10
Aura Name: XXI - The World
 Remaining: 0
 Duration: 10
Left XXI - The World: True
Aura Name: XXI - The World
 Remaining: 0
 Duration: 10
Aura Name: XXI - The World
 Remaining: 0
 Duration: 10
Left XXI - The World: True
Aura Name: XXI - The World
 Remaining: 0
 Duration: 10
Aura Name: XXI - The World
 Remaining: 0
 Duration: 10
Left XXI - The World: True
Aura Name: XXI - The World
 Remaining: 0
 Duration: 10
Aura Name: XXI - The World
 Remaining: 0
 Duration: 10
Left XXI - The World: True
Aura Name: XXI - The World
 Remaining: 0
 Duration: 10
Aura Name: XXI - The World
 Remaining: 0
 Duration: 10
Left XXI - The World: True
Aura Name: XXI - The World
 Remaining: 0
 Duration: 10
Aura Name: XXI - The World
 Remaining: 0
 Duration: 10
Left XXI - The World: True
Aura Name: XXI - The World
 Remaining: 0
 Duration: 10
Aura Name: XXI - The World
 Remaining: 0
 Duration: 10
Left XXI - The World: True
Aura Name: XXI - The World
 Remaining: 0
 Duration: 10
Aura Name: XXI - The World
 Remaining: 0
 Duration: 10
Left XXI - The World: True
Aura Name: XXI - The World
 Remaining: 0
 Duration: 10
Aura Name: XXI - The World
 Remaining: 0
 Duration: 10
Left XXI - The World: True
Aura Name: XXI - The World
 Remaining: 0
 Duration: 10
Aura Name: XXI - The World
 Remaining: 0
 Duration: 10
Left XXI - The World: True
Aura Name: XXI - The World
 Remaining: 0
 Duration: 10
Aura Name: XXI - The World
 Remaining: 0
 Duration: 10
Left XXI - The World: True
Aura Name: XXI - The World
 Remaining: 0
 Duration: 10
Aura Name: XXI - The World
 Remaining: 0
 Duration: 10
Left XXI - The World: True
Aura Name: XXI - The World
 Remaining: 0
 Duration: 10
Aura Name: XXI - The World
 Remaining: 0
 Duration: 10
Left XXI - The World: True
Aura Name: XXI - The World
 Remaining: 0
 Duration: 10
Aura Name: XXI - The World
 Remaining: 0
 Duration: 10
Left XXI - The World: True
Aura Name: XXI - The World
 Remaining: 0
 Duration: 10
Aura Name: XXI - The World
 Remaining: 0
 Duration: 10
Left XXI - The World: True
Aura Name: XXI - The World
 Remaining: 0
 Duration: 10
Aura Name: XXI - The World
 Remaining: 0
 Duration: 10
Left XXI - The World: True
Aura Name: XXI - The World
 Remaining: 0
 Duration: 10
Aura Name: XXI - The World
 Remaining: 0
 Duration: 10
Left XXI - The World: True
Aura Name: XXI - The World
 Remaining: 0
 Duration: 10
Aura Name: XXI - The World
 Remaining: 0
 Duration: 10
Left XXI - The World: True
Aura Name: XXI - The World
 Remaining: 0
 Duration: 10
Aura Name: XXI - The World
 Remaining: 0
 Duration: 10
Left XXI - The World: True
Aura Name: XXI - The World
 Remaining: 0
 Duration: 10
Aura Name: XXI - The World
 Remaining: 0
 Duration: 10
Left XXI - The World: True
Aura Name: XXI - The World
 Remaining: 0
 Duration: 10
Aura Name: XXI - The World
 Remaining: 0
 Duration: 10
Left XXI - The World: True
Aura Name: XXI - The World
 Remaining: 0
 Duration: 10
Aura Name: XXI - The World
 Remaining: 0
 Duration: 10
Left XXI - The World: True
Aura Name: XXI - The World
 Remaining: 0
 Duration: 10
Aura Name: XXI - The World
 Remaining: 0
 Duration: 10
Left XXI - The World: True
Aura Name: XXI - The World
 Remaining: 0
 Duration: 10
Aura Name: XXI - The World
 Remaining: 0
 Duration: 10
Left XXI - The World: True
Aura Name: XXI - The World
 Remaining: 0
 Duration: 10
Aura Name: XXI - The World
 Remaining: 0
 Duration: 10
Left XXI - The World: True
Aura Name: XXI - The World
 Remaining: 0
 Duration: 10
Aura Name: XXI - The World
 Remaining: 0
 Duration: 10
Left XXI - The World: True
Aura Name: XXI - The World
 Remaining: 0
 Duration: 10
Aura Name: XXI - The World
 Remaining: 0
 Duration: 10
Left XXI - The World: True
Aura Name: XXI - The World
 Remaining: 0
 Duration: 10
Aura Name: XXI - The World
 Remaining: 0
 Duration: 10
Left XXI - The World: True
Aura Name: XXI - The World
 Remaining: 0
 Duration: 10
Aura Name: XXI - The World
 Remaining: 0
 Duration: 10
Left XXI - The World: True
Aura Name: XXI - The World
 Remaining: 0
 Duration: 10
Aura Name: XXI - The World
 Remaining: 0
 Duration: 10
Left XXI - The World: True
Aura Name: XXI - The World
 Remaining: 0
 Duration: 10
Aura Name: XXI - The World
 Remaining: 0
 Duration: 10
Left XXI - The World: True
Aura Name: XXI - The World
 Remaining: 0
 Duration: 10
Aura Name: XXI - The World
 Remaining: 0
 Duration: 10
Left XXI - The World: True
Aura Name: XXI - The World
 Remaining: 0
 Duration: 10
Aura Name: XXI - The World
 Remaining: 0
 Duration: 10
Left XXI - The World: True
Aura Name: XXI - The World
 Remaining: 0
 Duration: 10
Aura Name: XXI - The World
 Remaining: 0
 Duration: 10
Left XXI - The World: True
Aura Name: XXI - The World
 Remaining: 0
 Duration: 10
Aura Name: XXI - The World
 Remaining: 0
 Duration: 10
Left XXI - The World: True
Aura Name: XXI - The World
 Remaining: 0
 Duration: 10
Aura Name: XXI - The World
 Remaining: 0
 Duration: 10
Left XXI - The World: True
Aura Name: XXI - The World
 Remaining: 0
 Duration: 10
Aura Name: XXI - The World
 Remaining: 0
 Duration: 10
Left XXI - The World: True
Aura Name: XXI - The World
 Remaining: 0
 Duration: 10
Aura Name: XXI - The World
 Remaining: 0
 Duration: 10
Left XXI - The World: True
Aura Name: XXI - The World
 Remaining: 0
 Duration: 10
Aura Name: XXI - The World
 Remaining: 0
 Duration: 10
Left XXI - The World: True
Aura Name: XXI - The World
 Remaining: 0
 Duration: 10
Aura Name: XXI - The World
 Remaining: 0
 Duration: 10
Left XXI - The World: True
Aura Name: XXI - The World
 Remaining: 0
 Duration: 10
Aura Name: XXI - The World
 Remaining: 0
 Duration: 10
Left XXI - The World: True
Aura Name: XXI - The World
 Remaining: 0
 Duration: 10
Aura Name: XXI - The World
 Remaining: 0
 Duration: 10
Left XXI - The World: True
Aura Name: XXI - The World
 Remaining: 0
 Duration: 10
Aura Name: XXI - The World
 Remaining: 0
 Duration: 10
Left XXI - The World: True
Aura Name: XXI - The World
 Remaining: 0
 Duration: 10
Aura Name: XXI - The World
 Remaining: 0
 Duration: 10
Left XXI - The World: True
Aura Name: XXI - The World
 Remaining: 0
 Duration: 10
Aura Name: XXI - The World
 Remaining: 0
 Duration: 10
Left XXI - The World: True
Aura Name: XXI - The World
 Remaining: 0
 Duration: 10
Aura Name: XXI - The World
 Remaining: 0
 Duration: 10
Left XXI - The World: True
Aura Name: XXI - The World
 Remaining: 0
 Duration: 10
Aura Name: XXI - The World
 Remaining: 0
 Duration: 10
Left XXI - The World: True
Aura Name: XXI - The World
 Remaining: 0
 Duration: 10
Aura Name: XXI - The World
 Remaining: 0
 Duration: 10
Left XXI - The World: True
Aura Name: XXI - The World
 Remaining: 0
 Duration: 10
Aura Name: XXI - The World
 Remaining: 0
 Duration: 10
Left XXI - The World: True
Aura Name: XXI - The World
 Remaining: 0
 Duration: 10
Aura Name: XXI - The World
 Remaining: 0
 Duration: 10
Left XXI - The World: True
Aura Name: XXI - The World
 Remaining: 0
 Duration: 10
Aura Name: XXI - The World
 Remaining: 0
 Duration: 10
Left XXI - The World: True
Aura Name: XXI - The World
 Remaining: 0
 Duration: 10
Aura Name: XXI - The World
 Remaining: 0
 Duration: 10
Left XXI - The World: True
Aura Name: XXI - The World
 Remaining: 0
 Duration: 10
Aura Name: XXI - The World
 Remaining: 0
 Duration: 10
Left XXI - The World: True
Aura Name: XXI - The World
 Remaining: 0
 Duration: 10
Aura Name: XXI - The World
 Remaining: 0
 Duration: 10
Left XXI - The World: True
Aura Name: XXI - The World
 Remaining: 0
 Duration: 10
Aura Name: XXI - The World
 Remaining: 0
 Duration: 10
Left XXI - The World: True
Aura Name: XXI - The World
 Remaining: 0
 Duration: 10
Aura Name: XXI - The World
 Remaining: 0
 Duration: 10
Left XXI - The World: True
Aura Name: XXI - The World
 Remaining: 0
 Duration: 10
Aura Name: XXI - The World
 Remaining: 0
 Duration: 10
Left XXI - The World: True
Aura Name: XXI - The World
 Remaining: 0
 Duration: 10
Aura Name: XXI - The World
 Remaining: 0
 Duration: 10
Left XXI - The World: True
Aura Name: XXI - The World
 Remaining: 0
 Duration: 10
Aura Name: XXI - The World
 Remaining: 0
 Duration: 10
Left XXI - The World: True
Aura Name: XXI - The World
 Remaining: 0
 Duration: 10
Aura Name: XXI - The World
 Remaining: 0
 Duration: 10
Left XXI - The World: True
Aura Name: XXI - The World
 Remaining: 0
 Duration: 10
Aura Name: XXI - The World
 Remaining: 0
 Duration: 10
Left XXI - The World: True
Aura Name: XXI - The World
 Remaining: 0
 Duration: 10
Aura Name: XXI - The World
 Remaining: 0
 Duration: 10
Left XXI - The World: True
Aura Name: XXI - The World
 Remaining: 0
 Duration: 10
Aura Name: XXI - The World
 Remaining: 0
 Duration: 10
Left XXI - The World: True
Aura Name: XXI - The World
 Remaining: 0
 Duration: 10
Aura Name: XXI - The World
 Remaining: 0
 Duration: 10
Left XXI - The World: True
Aura Name: XXI - The World
 Remaining: 0
 Duration: 10
Aura Name: XXI - The World
 Remaining: 0
 Duration: 10
Left XXI - The World: True
Aura Name: XXI - The World
 Remaining: 0
 Duration: 10
Aura Name: XXI - The World
 Remaining: 0
 Duration: 10
Left XXI - The World: True
Aura Name: XXI - The World
 Remaining: 0
 Duration: 10
Aura Name: XXI - The World
 Remaining: 0
 Duration: 10
Left XXI - The World: True
Aura Name: XXI - The World
 Remaining: 0
 Duration: 10
Aura Name: XXI - The World
 Remaining: 0
 Duration: 10
Left XXI - The World: True
Aura Name: XXI - The World
 Remaining: 0
 Duration: 10
Aura Name: XXI - The World
 Remaining: 0
 Duration: 10
Left XXI - The World: True
Aura Name: XXI - The World
 Remaining: 0
 Duration: 10
Aura Name: XXI - The World
 Remaining: 0
 Duration: 10
Left XXI - The World: True
Aura Name: XXI - The World
 Remaining: 0
 Duration: 10
Aura Name: XXI - The World
 Remaining: 0
 Duration: 10
Left XXI - The World: True
Aura Name: XXI - The World
 Remaining: 0
 Duration: 10
Aura Name: XXI - The World
 Remaining: 0
 Duration: 10
Left XXI - The World: True
Aura Name: XXI - The World
 Remaining: 0
 Duration: 10
Aura Name: XXI - The World
 Remaining: 0
 Duration: 10
Left XXI - The World: True
Aura Name: XXI - The World
 Remaining: 0
 Duration: 10
Aura Name: XXI - The World
 Remaining: 0
 Duration: 10
Left XXI - The World: True
Aura Name: XXI - The World
 Remaining: 0
 Duration: 10
Aura Name: XXI - The World
 Remaining: 0
 Duration: 10
Left XXI - The World: True
Aura Name: XXI - The World
 Remaining: 0
 Duration: 10
Aura Name: XXI - The World
 Remaining: 0
 Duration: 10
Left XXI - The World: True
Aura Name: XXI - The World
 Remaining: 0
 Duration: 10
Aura Name: XXI - The World
 Remaining: 0
 Duration: 10
Left XXI - The World: True
Aura Name: XXI - The World
 Remaining: 0
 Duration: 10
Aura Name: XXI - The World
 Remaining: 0
 Duration: 10
Left XXI - The World: True
Aura Name: XXI - The World
 Remaining: 0
 Duration: 10
Aura Name: XXI - The World
 Remaining: 0
 Duration: 10
Left XXI - The World: True
Aura Name: XXI - The World
 Remaining: 0
 Duration: 10
Aura Name: XXI - The World
 Remaining: 0
 Duration: 10
Left XXI - The World: True
Aura Name: XXI - The World
 Remaining: 0
 Duration: 10
Aura Name: XXI - The World
 Remaining: 0
 Duration: 10
Left XXI - The World: True
Aura Name: XXI - The World
 Remaining: 0
 Duration: 10
Aura Name: XXI - The World
 Remaining: 0
 Duration: 10
Left XXI - The World: True
Aura Name: XXI - The World
 Remaining: 0
 Duration: 10
Aura Name: XXI - The World
 Remaining: 0
 Duration: 10
Left XXI - The World: True
Aura Name: XXI - The World
 Remaining: 0
 Duration: 10
Aura Name: XXI - The World
 Remaining: 0
 Duration: 10
Left XXI - The World: True
Aura Name: XXI - The World
 Remaining: 0
 Duration: 10
Aura Name: XXI - The World
 Remaining: 0
 Duration: 10
Left XXI - The World: True
Aura Name: XXI - The World
 Remaining: 0
 Duration: 10
Aura Name: XXI - The World
 Remaining: 0
 Duration: 10
Left XXI - The World: True
Aura Name: XXI - The World
 Remaining: 0
 Duration: 10
Aura Name: XXI - The World
 Remaining: 0
 Duration: 10
Left XXI - The World: True
Aura Name: XXI - The World
 Remaining: 0
 Duration: 10
Aura Name: XXI - The World
 Remaining: 0
 Duration: 10
Left XXI - The World: True
Aura Name: XXI - The World
 Remaining: 0
 Duration: 10
Aura Name: XXI - The World
 Remaining: 0
 Duration: 10
Left XXI - The World: True
Aura Name: XXI - The World
 Remaining: 0
 Duration: 10
Aura Name: XXI - The World
 Remaining: 0
 Duration: 10
Left XXI - The World: True
Aura Name: XXI - The World
 Remaining: 0
 Duration: 10
Aura Name: XXI - The World
 Remaining: 0
 Duration: 10
Left XXI - The World: True
Aura Name: XXI - The World
 Remaining: 0
 Duration: 10
Aura Name: XXI - The World
 Remaining: 0
 Duration: 10
Left XXI - The World: True
Aura Name: XXI - The World
 Remaining: 0
 Duration: 10
Aura Name: XXI - The World
 Remaining: 0
 Duration: 10
Left XXI - The World: True
Aura Name: XXI - The World
 Remaining: 0
 Duration: 10
Aura Name: XXI - The World
 Remaining: 0
 Duration: 10
Left XXI - The World: True
Aura Name: XXI - The World
 Remaining: 0
 Duration: 10
Aura Name: XXI - The World
 Remaining: 0
 Duration: 10
Left XXI - The World: True
Aura Name: XXI - The World
 Remaining: 0
 Duration: 10
Aura Name: XXI - The World
 Remaining: 0
 Duration: 10
Left XXI - The World: True
Aura Name: XXI - The World
 Remaining: 0
 Duration: 10
Aura Name: XXI - The World
 Remaining: 0
 Duration: 10
Left XXI - The World: True
Aura Name: XXI - The World
 Remaining: 0
 Duration: 10
Aura Name: XXI - The World
 Remaining: 0
 Duration: 10
Left XXI - The World: True
Aura Name: XXI - The World
 Remaining: 0
 Duration: 10
Aura Name: XXI - The World
 Remaining: 0
 Duration: 10
Left XXI - The World: True
Aura Name: XXI - The World
 Remaining: 0
 Duration: 10
Aura Name: XXI - The World
 Remaining: 0
 Duration: 10
Left XXI - The World: True
Aura Name: XXI - The World
 Remaining: 0
 Duration: 10
Aura Name: XXI - The World
 Remaining: 0
 Duration: 10
Left XXI - The World: True
Aura Name: XXI - The World
 Remaining: 0
 Duration: 10
Aura Name: XXI - The World
 Remaining: 0
 Duration: 10
Left XXI - The World: True
Aura Name: XXI - The World
 Remaining: 0
 Duration: 10
Aura Name: XXI - The World
 Remaining: 0
 Duration: 10
Left XXI - The World: True
Aura Name: XXI - The World
 Remaining: 0
 Duration: 10
Aura Name: XXI - The World
 Remaining: 0
 Duration: 10
Left XXI - The World: True
Aura Name: XXI - The World
 Remaining: 0
 Duration: 10
Aura Name: XXI - The World
 Remaining: 0
 Duration: 10
Left XXI - The World: True
Aura Name: XXI - The World
 Remaining: 0
 Duration: 10
Aura Name: XXI - The World
 Remaining: 0
 Duration: 10
Left XXI - The World: True
Aura Name: XXI - The World
 Remaining: 0
 Duration: 10
Aura Name: XXI - The World
 Remaining: 0
 Duration: 10
Left XXI - The World: True
Aura Name: XXI - The World
 Remaining: 0
 Duration: 10
Aura Name: XXI - The World
 Remaining: 0
 Duration: 10
Left XXI - The World: True
Aura Name: XXI - The World
 Remaining: 0
 Duration: 10
Aura Name: XXI - The World
 Remaining: 121
 Duration: 10
Left XXI - The World: False
Aura Name: XXI - The World
 Remaining: 121
 Duration: 10
Aura Name: XXI - The World
 Remaining: 121
 Duration: 10
Left XXI - The World: False
Aura Name: XXI - The World
 Remaining: 121
 Duration: 10
Aura Name: XXI - The World
 Remaining: 120
 Duration: 10
Left XXI - The World: False
Aura Name: XXI - The World
 Remaining: 120
 Duration: 10
Aura Name: XXI - The World
 Remaining: 120
 Duration: 10
Left XXI - The World: False
Aura Name: XXI - The World
 Remaining: 120
 Duration: 10
Aura Name: XXI - The World
 Remaining: 120
 Duration: 10
Left XXI - The World: False
Aura Name: XXI - The World
 Remaining: 120
 Duration: 10
Aura Name: XXI - The World
 Remaining: 119
 Duration: 10
Left XXI - The World: False
Aura Name: XXI - The World
 Remaining: 119
 Duration: 10
Aura Name: XXI - The World
 Remaining: 0
 Duration: 10
Left XXI - The World: True
Aura Name: XXI - The World
 Remaining: 0
 Duration: 10
Aura Name: XXI - The World
 Remaining: 0
 Duration: 10
Left XXI - The World: True
Aura Name: XXI - The World
 Remaining: 0
 Duration: 10
Aura Name: XXI - The World
 Remaining: 0
 Duration: 10
Left XXI - The World: True
Aura Name: XXI - The World
 Remaining: 0
 Duration: 10
Aura Name: XXI - The World
 Remaining: 0
 Duration: 10
Left XXI - The World: True
Aura Name: XXI - The World
 Remaining: 0
 Duration: 10
Aura Name: XXI - The World
 Remaining: 0
 Duration: 10
Left XXI - The World: True
Aura Name: XXI - The World
 Remaining: 0
 Duration: 10
Aura Name: XXI - The World
 Remaining: 0
 Duration: 10
Left XXI - The World: True
Aura Name: XXI - The World
 Remaining: 0
 Duration: 10
Aura Name: XXI - The World
 Remaining: 0
 Duration: 10
Left XXI - The World: True
Aura Name: XXI - The World
 Remaining: 0
 Duration: 10
Aura Name: XXI - The World
 Remaining: 0
 Duration: 10
Left XXI - The World: True
Aura Name: XXI - The World
 Remaining: 0
 Duration: 10
Aura Name: XXI - The World
 Remaining: 0
 Duration: 10
Left XXI - The World: True
Aura Name: XXI - The World
 Remaining: 0
 Duration: 10
Aura Name: XXI - The World
 Remaining: 0
 Duration: 10
Left XXI - The World: True
Aura Name: XXI - The World
 Remaining: 0
 Duration: 10
Aura Name: XXI - The World
 Remaining: 0
 Duration: 10
Left XXI - The World: True
Aura Name: XXI - The World
 Remaining: 0
 Duration: 10
Aura Name: XXI - The World
 Remaining: 0
 Duration: 10
Left XXI - The World: True
Aura Name: XXI - The World
 Remaining: 0
 Duration: 10
Aura Name: XXI - The World
 Remaining: 0
 Duration: 10
Left XXI - The World: True
Aura Name: XXI - The World
 Remaining: 0
 Duration: 10
[CORE] System offline
[CORE] System online
[FARMING] Killing Testing Dummy for 1x Celestial Staff
Aura Name: XXI - The World
 Remaining: 0
 Duration: 10
Left XXI - The World: True
Has XXI - The World: False
Aura Name: XXI - The World
 Remaining: 0
 Duration: 10
Aura Name: XXI - The World
 Remaining: 0
 Duration: 10
Left XXI - The World: True
Has XXI - The World: False
Aura Name: XXI - The World
 Remaining: 0
 Duration: 10
Casting 1 - 3
Aura Name: XXI - The World
 Remaining: 0
 Duration: 10
Left XXI - The World: True
Has XXI - The World: False
Aura Name: XXI - The World
 Remaining: 0
 Duration: 10
Casting 1 - 3
Aura Name: XXI - The World
 Remaining: 0
 Duration: 10
Left XXI - The World: True
Has XXI - The World: False
Aura Name: XXI - The World
 Remaining: 0
 Duration: 10
Aura Name: XXI - The World
 Remaining: 0
 Duration: 10
Left XXI - The World: True
Has XXI - The World: False
Aura Name: XXI - The World
 Remaining: 0
 Duration: 10
Aura Name: XXI - The World
 Remaining: 0
 Duration: 10
Left XXI - The World: True
Has XXI - The World: False
Aura Name: XXI - The World
 Remaining: 0
 Duration: 10
Aura Name: XXI - The World
 Remaining: 0
 Duration: 10
Left XXI - The World: True
Has XXI - The World: False
Aura Name: XXI - The World
 Remaining: 0
 Duration: 10
Aura Name: XXI - The World
 Remaining: 0
 Duration: 10
Left XXI - The World: True
Has XXI - The World: False
Aura Name: XXI - The World
 Remaining: 0
 Duration: 10
Aura Name: XXI - The World
 Remaining: 0
 Duration: 10
Left XXI - The World: True
Has XXI - The World: False
Aura Name: XXI - The World
 Remaining: 0
 Duration: 10
Aura Name: XXI - The World
 Remaining: 0
 Duration: 10
Left XXI - The World: True
Has XXI - The World: False
Aura Name: XXI - The World
 Remaining: 0
 Duration: 10
Aura Name: XXI - The World
 Remaining: 0
 Duration: 10
Left XXI - The World: True
Has XXI - The World: False
Aura Name: XXI - The World
 Remaining: 0
 Duration: 10
Aura Name: XXI - The World
 Remaining: 0
 Duration: 10
Left XXI - The World: True
Has XXI - The World: False
Aura Name: XXI - The World
 Remaining: 0
 Duration: 10
Aura Name: XXI - The World
 Remaining: 0
 Duration: 10
Left XXI - The World: True
Has XXI - The World: False
Aura Name: XXI - The World
 Remaining: 0
 Duration: 10
Aura Name: XXI - The World
 Remaining: 0
 Duration: 10
Left XXI - The World: True
Has XXI - The World: False
Aura Name: XXI - The World
 Remaining: 0
 Duration: 10
Aura Name: XXI - The World
 Remaining: 0
 Duration: 10
Left XXI - The World: True
Has XXI - The World: False
Aura Name: XXI - The World
 Remaining: 0
 Duration: 10
Aura Name: XXI - The World
 Remaining: 0
 Duration: 10
Left XXI - The World: True
Has XXI - The World: False
Aura Name: XXI - The World
 Remaining: 0
 Duration: 10
Aura Name: XXI - The World
 Remaining: 0
 Duration: 10
Left XXI - The World: True
Has XXI - The World: False
Aura Name: XXI - The World
 Remaining: 0
 Duration: 10
Aura Name: XXI - The World
 Remaining: 0
 Duration: 10
Left XXI - The World: True
Has XXI - The World: False
Aura Name: XXI - The World
 Remaining: 0
 Duration: 10
Aura Name: XXI - The World
 Remaining: 0
 Duration: 10
Left XXI - The World: True
Has XXI - The World: False
Aura Name: XXI - The World
 Remaining: 0
 Duration: 10
Aura Name: XXI - The World
 Remaining: 0
 Duration: 10
Left XXI - The World: True
Has XXI - The World: False
Aura Name: XXI - The World
 Remaining: 0
 Duration: 10
Aura Name: XXI - The World
 Remaining: 0
 Duration: 10
Left XXI - The World: True
Has XXI - The World: False
Aura Name: XXI - The World
 Remaining: 0
 Duration: 10
Aura Name: XXI - The World
 Remaining: 0
 Duration: 10
Left XXI - The World: True
Has XXI - The World: False
Aura Name: XXI - The World
 Remaining: 0
 Duration: 10
Aura Name: XXI - The World
 Remaining: 0
 Duration: 10
Left XXI - The World: True
Has XXI - The World: False
Aura Name: XXI - The World
 Remaining: 0
 Duration: 10
Aura Name: XXI - The World
 Remaining: 0
 Duration: 10
Left XXI - The World: True
Has XXI - The World: False
Aura Name: XXI - The World
 Remaining: 0
 Duration: 10
Aura Name: XXI - The World
 Remaining: 0
 Duration: 10
Left XXI - The World: True
Has XXI - The World: False
Aura Name: XXI - The World
 Remaining: 0
 Duration: 10
Aura Name: XXI - The World
 Remaining: 0
 Duration: 10
Left XXI - The World: True
Has XXI - The World: False
Aura Name: XXI - The World
 Remaining: 0
 Duration: 10
Aura Name: XXI - The World
 Remaining: 0
 Duration: 10
Left XXI - The World: True
Has XXI - The World: False
Aura Name: XXI - The World
 Remaining: 0
 Duration: 10
Aura Name: XXI - The World
 Remaining: 0
 Duration: 10
Left XXI - The World: True
Has XXI - The World: False
Aura Name: XXI - The World
 Remaining: 0
 Duration: 10
Aura Name: XXI - The World
 Remaining: 0
 Duration: 10
Left XXI - The World: True
Has XXI - The World: False
Aura Name: XXI - The World
 Remaining: 0
 Duration: 10
Aura Name: XXI - The World
 Remaining: 0
 Duration: 10
Left XXI - The World: True
Has XXI - The World: False
Aura Name: XXI - The World
 Remaining: 0
 Duration: 10
Aura Name: XXI - The World
 Remaining: 0
 Duration: 10
Left XXI - The World: True
Has XXI - The World: False
Aura Name: XXI - The World
 Remaining: 0
 Duration: 10
Aura Name: XXI - The World
 Remaining: 0
 Duration: 10
Left XXI - The World: True
Has XXI - The World: False
Aura Name: XXI - The World
 Remaining: 0
 Duration: 10
Aura Name: XXI - The World
 Remaining: 0
 Duration: 10
Left XXI - The World: True
Has XXI - The World: False
Aura Name: XXI - The World
 Remaining: 0
 Duration: 10
Aura Name: XXI - The World
 Remaining: 0
 Duration: 10
Left XXI - The World: True
Has XXI - The World: False
Aura Name: XXI - The World
 Remaining: 0
 Duration: 10
Aura Name: XXI - The World
 Remaining: 0
 Duration: 10
Left XXI - The World: True
Has XXI - The World: False
Aura Name: XXI - The World
 Remaining: 0
 Duration: 10
Aura Name: XXI - The World
 Remaining: 0
 Duration: 10
Left XXI - The World: True
Has XXI - The World: False
Aura Name: XXI - The World
 Remaining: 0
 Duration: 10
Aura Name: XXI - The World
 Remaining: 0
 Duration: 10
Left XXI - The World: True
Has XXI - The World: False
Aura Name: XXI - The World
 Remaining: 0
 Duration: 10
Aura Name: XXI - The World
 Remaining: 0
 Duration: 10
Left XXI - The World: True
Has XXI - The World: False
Aura Name: XXI - The World
 Remaining: 0
 Duration: 10
Aura Name: XXI - The World
 Remaining: 0
 Duration: 10
Left XXI - The World: True
Has XXI - The World: False
Aura Name: XXI - The World
 Remaining: 0
 Duration: 10
Aura Name: XXI - The World
 Remaining: 0
 Duration: 10
Left XXI - The World: True
Has XXI - The World: False
Aura Name: XXI - The World
 Remaining: 0
 Duration: 10
Aura Name: XXI - The World
 Remaining: 0
 Duration: 10
Left XXI - The World: True
Has XXI - The World: False
Aura Name: XXI - The World
 Remaining: 0
 Duration: 10
Aura Name: XXI - The World
 Remaining: 0
 Duration: 10
Left XXI - The World: True
Has XXI - The World: False
Aura Name: XXI - The World
 Remaining: 0
 Duration: 10
Aura Name: XXI - The World
 Remaining: 0
 Duration: 10
Left XXI - The World: True
Has XXI - The World: False
Aura Name: XXI - The World
 Remaining: 0
 Duration: 10
Aura Name: XXI - The World
 Remaining: 0
 Duration: 10
Left XXI - The World: True
Has XXI - The World: False
Aura Name: XXI - The World
 Remaining: 0
 Duration: 10
Aura Name: XXI - The World
 Remaining: 0
 Duration: 10
Left XXI - The World: True
Has XXI - The World: False
Aura Name: XXI - The World
 Remaining: 0
 Duration: 10
Aura Name: XXI - The World
 Remaining: 0
 Duration: 10
Left XXI - The World: True
Has XXI - The World: False
Aura Name: XXI - The World
 Remaining: 0
 Duration: 10
Aura Name: XXI - The World
 Remaining: 0
 Duration: 10
Left XXI - The World: True
Has XXI - The World: False
Aura Name: XXI - The World
 Remaining: 0
 Duration: 10
Aura Name: XXI - The World
 Remaining: 0
 Duration: 10
Left XXI - The World: True
Has XXI - The World: False
Aura Name: XXI - The World
 Remaining: 0
 Duration: 10
Aura Name: XXI - The World
 Remaining: 0
 Duration: 10
Left XXI - The World: True
Has XXI - The World: False
Aura Name: XXI - The World
 Remaining: 0
 Duration: 10
Aura Name: XXI - The World
 Remaining: 0
 Duration: 10
Left XXI - The World: True
Has XXI - The World: False
Aura Name: XXI - The World
 Remaining: 0
 Duration: 10
Aura Name: XXI - The World
 Remaining: 0
 Duration: 10
Left XXI - The World: True
Has XXI - The World: False
Aura Name: XXI - The World
 Remaining: 0
 Duration: 10
Aura Name: XXI - The World
 Remaining: 0
 Duration: 10
Left XXI - The World: True
Has XXI - The World: False
Aura Name: XXI - The World
 Remaining: 0
 Duration: 10
Aura Name: XXI - The World
 Remaining: 0
 Duration: 10
Left XXI - The World: True
Has XXI - The World: False
Aura Name: XXI - The World
 Remaining: 0
 Duration: 10
Aura Name: XXI - The World
 Remaining: 0
 Duration: 10
Left XXI - The World: True
Has XXI - The World: False
Aura Name: XXI - The World
 Remaining: 0
 Duration: 10
Aura Name: XXI - The World
 Remaining: 0
 Duration: 10
Left XXI - The World: True
Has XXI - The World: False
Aura Name: XXI - The World
 Remaining: 0
 Duration: 10
Aura Name: XXI - The World
 Remaining: 0
 Duration: 10
Left XXI - The World: True
Has XXI - The World: False
Aura Name: XXI - The World
 Remaining: 0
 Duration: 10
Aura Name: XXI - The World
 Remaining: 0
 Duration: 10
Left XXI - The World: True
Has XXI - The World: False
Aura Name: XXI - The World
 Remaining: 0
 Duration: 10
Aura Name: XXI - The World
 Remaining: 0
 Duration: 10
Left XXI - The World: True
Has XXI - The World: False
Aura Name: XXI - The World
 Remaining: 0
 Duration: 10
Aura Name: XXI - The World
 Remaining: 0
 Duration: 10
Left XXI - The World: True
Has XXI - The World: False
Aura Name: XXI - The World
 Remaining: 0
 Duration: 10
Aura Name: XXI - The World
 Remaining: 0
 Duration: 10
Left XXI - The World: True
Has XXI - The World: False
Aura Name: XXI - The World
 Remaining: 0
 Duration: 10
Aura Name: XXI - The World
 Remaining: 0
 Duration: 10
Left XXI - The World: True
Has XXI - The World: False
Aura Name: XXI - The World
 Remaining: 0
 Duration: 10
Aura Name: XXI - The World
 Remaining: 0
 Duration: 10
Left XXI - The World: True
Has XXI - The World: False
Aura Name: XXI - The World
 Remaining: 0
 Duration: 10
Aura Name: XXI - The World
 Remaining: 0
 Duration: 10
Left XXI - The World: True
Has XXI - The World: False
Aura Name: XXI - The World
 Remaining: 0
 Duration: 10
Aura Name: XXI - The World
 Remaining: 0
 Duration: 10
Left XXI - The World: True
Has XXI - The World: False
Aura Name: XXI - The World
 Remaining: 0
 Duration: 10
Aura Name: XXI - The World
 Remaining: 0
 Duration: 10
Left XXI - The World: True
Has XXI - The World: False
Aura Name: XXI - The World
 Remaining: 0
 Duration: 10
Aura Name: XXI - The World
 Remaining: 0
 Duration: 10
Left XXI - The World: True
Has XXI - The World: False
Aura Name: XXI - The World
 Remaining: 0
 Duration: 10
Aura Name: XXI - The World
 Remaining: 0
 Duration: 10
Left XXI - The World: True
Has XXI - The World: False
Aura Name: XXI - The World
 Remaining: 0
 Duration: 10
Aura Name: XXI - The World
 Remaining: 0
 Duration: 10
Left XXI - The World: True
Has XXI - The World: False
Aura Name: XXI - The World
 Remaining: 0
 Duration: 10
Aura Name: XXI - The World
 Remaining: 0
 Duration: 10
Left XXI - The World: True
Has XXI - The World: False
Aura Name: XXI - The World
 Remaining: 0
 Duration: 10
Aura Name: XXI - The World
 Remaining: 0
 Duration: 10
Left XXI - The World: True
Has XXI - The World: False
Aura Name: XXI - The World
 Remaining: 0
 Duration: 10
Aura Name: XXI - The World
 Remaining: 0
 Duration: 10
Left XXI - The World: True
Has XXI - The World: False
Aura Name: XXI - The World
 Remaining: 0
 Duration: 10
Aura Name: XXI - The World
 Remaining: 0
 Duration: 10
Left XXI - The World: True
Has XXI - The World: False
Aura Name: XXI - The World
 Remaining: 0
 Duration: 10
Aura Name: XXI - The World
 Remaining: 0
 Duration: 10
Left XXI - The World: True
Has XXI - The World: False
Aura Name: XXI - The World
 Remaining: 0
 Duration: 10
Aura Name: XXI - The World
 Remaining: 0
 Duration: 10
Left XXI - The World: True
Has XXI - The World: False
Aura Name: XXI - The World
 Remaining: 0
 Duration: 10
Aura Name: XXI - The World
 Remaining: 0
 Duration: 10
Left XXI - The World: True
Has XXI - The World: False
Aura Name: XXI - The World
 Remaining: 0
 Duration: 10
Aura Name: XXI - The World
 Remaining: 0
 Duration: 10
Left XXI - The World: True
Has XXI - The World: False
Aura Name: XXI - The World
 Remaining: 0
 Duration: 10
Aura Name: XXI - The World
 Remaining: 0
 Duration: 10
Left XXI - The World: True
Has XXI - The World: False
Aura Name: XXI - The World
 Remaining: 0
 Duration: 10
Aura Name: XXI - The World
 Remaining: 0
 Duration: 10
Left XXI - The World: True
Has XXI - The World: False
Aura Name: XXI - The World
 Remaining: 0
 Duration: 10
Aura Name: XXI - The World
 Remaining: 0
 Duration: 10
Left XXI - The World: True
Has XXI - The World: False
Aura Name: XXI - The World
 Remaining: 0
 Duration: 10
Aura Name: XXI - The World
 Remaining: 0
 Duration: 10
Left XXI - The World: True
Has XXI - The World: False
Aura Name: XXI - The World
 Remaining: 0
 Duration: 10
Aura Name: XXI - The World
 Remaining: 0
 Duration: 10
Left XXI - The World: True
Has XXI - The World: False
Aura Name: XXI - The World
 Remaining: 0
 Duration: 10
Aura Name: XXI - The World
 Remaining: 0
 Duration: 10
Left XXI - The World: True
Has XXI - The World: False
Aura Name: XXI - The World
 Remaining: 0
 Duration: 10
Aura Name: XXI - The World
 Remaining: 0
 Duration: 10
Left XXI - The World: True
Has XXI - The World: False
Aura Name: XXI - The World
 Remaining: 0
 Duration: 10
Aura Name: XXI - The World
 Remaining: 0
 Duration: 10
Left XXI - The World: True
Has XXI - The World: False
Aura Name: XXI - The World
 Remaining: 0
 Duration: 10
Aura Name: XXI - The World
 Remaining: 0
 Duration: 10
Left XXI - The World: True
Has XXI - The World: False
Aura Name: XXI - The World
 Remaining: 0
 Duration: 10
Aura Name: XXI - The World
 Remaining: 0
 Duration: 10
Left XXI - The World: True
Has XXI - The World: False
Aura Name: XXI - The World
 Remaining: 0
 Duration: 10
Aura Name: XXI - The World
 Remaining: 0
 Duration: 10
Left XXI - The World: True
Has XXI - The World: False
Aura Name: XXI - The World
 Remaining: 0
 Duration: 10
Aura Name: XXI - The World
 Remaining: 0
 Duration: 10
Left XXI - The World: True
Has XXI - The World: False
Aura Name: XXI - The World
 Remaining: 0
 Duration: 10
Aura Name: XXI - The World
 Remaining: 0
 Duration: 10
Left XXI - The World: True
Has XXI - The World: False
Aura Name: XXI - The World
 Remaining: 0
 Duration: 10
Aura Name: XXI - The World
 Remaining: 0
 Duration: 10
Left XXI - The World: True
Has XXI - The World: False
Aura Name: XXI - The World
 Remaining: 0
 Duration: 10
Aura Name: XXI - The World
 Remaining: 0
 Duration: 10
Left XXI - The World: True
Has XXI - The World: False
Aura Name: XXI - The World
 Remaining: 0
 Duration: 10
Aura Name: XXI - The World
 Remaining: 0
 Duration: 10
Left XXI - The World: True
Has XXI - The World: False
Aura Name: XXI - The World
 Remaining: 0
 Duration: 10
Aura Name: XXI - The World
 Remaining: 0
 Duration: 10
Left XXI - The World: True
Has XXI - The World: False
Aura Name: XXI - The World
 Remaining: 0
 Duration: 10
Aura Name: XXI - The World
 Remaining: 0
 Duration: 10
Left XXI - The World: True
Has XXI - The World: False
Aura Name: XXI - The World
 Remaining: 0
 Duration: 10
Aura Name: XXI - The World
 Remaining: 0
 Duration: 10
Left XXI - The World: True
Has XXI - The World: False
Aura Name: XXI - The World
 Remaining: 0
 Duration: 10
Aura Name: XXI - The World
 Remaining: 0
 Duration: 10
Left XXI - The World: True
Has XXI - The World: False
Aura Name: XXI - The World
 Remaining: 0
 Duration: 10
Aura Name: XXI - The World
 Remaining: 0
 Duration: 10
Left XXI - The World: True
Has XXI - The World: False
Aura Name: XXI - The World
 Remaining: 0
 Duration: 10
Aura Name: XXI - The World
 Remaining: 0
 Duration: 10
Left XXI - The World: True
Has XXI - The World: False
Aura Name: XXI - The World
 Remaining: 0
 Duration: 10
Aura Name: XXI - The World
 Remaining: 0
 Duration: 10
Left XXI - The World: True
Has XXI - The World: False
Aura Name: XXI - The World
 Remaining: 0
 Duration: 10
Aura Name: XXI - The World
 Remaining: 0
 Duration: 10
Left XXI - The World: True
Has XXI - The World: False
Aura Name: XXI - The World
 Remaining: 0
 Duration: 10
Aura Name: XXI - The World
 Remaining: 0
 Duration: 10
Left XXI - The World: True
Has XXI - The World: False
Aura Name: XXI - The World
 Remaining: 0
 Duration: 10
Aura Name: XXI - The World
 Remaining: 0
 Duration: 10
Left XXI - The World: True
Has XXI - The World: False
Aura Name: XXI - The World
 Remaining: 0
 Duration: 10
Aura Name: XXI - The World
 Remaining: 0
 Duration: 10
Left XXI - The World: True
Has XXI - The World: False
Aura Name: XXI - The World
 Remaining: 0
 Duration: 10
Aura Name: XXI - The World
 Remaining: 0
 Duration: 10
Left XXI - The World: True
Has XXI - The World: False
Aura Name: XXI - The World
 Remaining: 0
 Duration: 10
Aura Name: XXI - The World
 Remaining: 0
 Duration: 10
Left XXI - The World: True
Has XXI - The World: False
Aura Name: XXI - The World
 Remaining: 0
 Duration: 10
Aura Name: XXI - The World
 Remaining: 0
 Duration: 10
Left XXI - The World: True
Has XXI - The World: False
Aura Name: XXI - The World
 Remaining: 0
 Duration: 10
Aura Name: XXI - The World
 Remaining: 0
 Duration: 10
Left XXI - The World: True
Has XXI - The World: False
Aura Name: XXI - The World
 Remaining: 0
 Duration: 10
Aura Name: XXI - The World
 Remaining: 0
 Duration: 10
Left XXI - The World: True
Has XXI - The World: False
Aura Name: XXI - The World
 Remaining: 0
 Duration: 10
Aura Name: XXI - The World
 Remaining: 0
 Duration: 10
Left XXI - The World: True
Has XXI - The World: False
Aura Name: XXI - The World
 Remaining: 0
 Duration: 10
Aura Name: XXI - The World
 Remaining: 0
 Duration: 10
Left XXI - The World: True
Has XXI - The World: False
Aura Name: XXI - The World
 Remaining: 0
 Duration: 10
Aura Name: XXI - The World
 Remaining: 0
 Duration: 10
Left XXI - The World: True
Has XXI - The World: False
Aura Name: XXI - The World
 Remaining: 0
 Duration: 10
Aura Name: XXI - The World
 Remaining: 0
 Duration: 10
Left XXI - The World: True
Has XXI - The World: False
Aura Name: XXI - The World
 Remaining: 0
 Duration: 10
Aura Name: XXI - The World
 Remaining: 0
 Duration: 10
Left XXI - The World: True
Has XXI - The World: False
Aura Name: XXI - The World
 Remaining: 0
 Duration: 10
Aura Name: XXI - The World
 Remaining: 0
 Duration: 10
Left XXI - The World: True
Has XXI - The World: False
Aura Name: XXI - The World
 Remaining: 0
 Duration: 10
Aura Name: XXI - The World
 Remaining: 0
 Duration: 10
Left XXI - The World: True
Has XXI - The World: False
Aura Name: XXI - The World
 Remaining: 0
 Duration: 10
Aura Name: XXI - The World
 Remaining: 0
 Duration: 10
Left XXI - The World: True
Has XXI - The World: False
Aura Name: XXI - The World
 Remaining: 0
 Duration: 10
Aura Name: XXI - The World
 Remaining: 0
 Duration: 10
Left XXI - The World: True
Has XXI - The World: False
Aura Name: XXI - The World
 Remaining: 0
 Duration: 10
Aura Name: XXI - The World
 Remaining: 0
 Duration: 10
Left XXI - The World: True
Has XXI - The World: False
Aura Name: XXI - The World
 Remaining: 0
 Duration: 10
Aura Name: XXI - The World
 Remaining: 0
 Duration: 10
Left XXI - The World: True
Has XXI - The World: False
Aura Name: XXI - The World
 Remaining: 0
 Duration: 10
Aura Name: XXI - The World
 Remaining: 0
 Duration: 10
Left XXI - The World: True
Has XXI - The World: False
Aura Name: XXI - The World
 Remaining: 0
 Duration: 10
Aura Name: XXI - The World
 Remaining: 0
 Duration: 10
Left XXI - The World: True
Has XXI - The World: False
Aura Name: XXI - The World
 Remaining: 0
 Duration: 10
Aura Name: XXI - The World
 Remaining: 0
 Duration: 10
Left XXI - The World: True
Has XXI - The World: False
Aura Name: XXI - The World
 Remaining: 0
 Duration: 10
Aura Name: XXI - The World
 Remaining: 0
 Duration: 10
Left XXI - The World: True
Has XXI - The World: False
Aura Name: XXI - The World
 Remaining: 0
 Duration: 10
Aura Name: XXI - The World
 Remaining: 0
 Duration: 10
Left XXI - The World: True
Has XXI - The World: False
Aura Name: XXI - The World
 Remaining: 0
 Duration: 10
Aura Name: XXI - The World
 Remaining: 0
 Duration: 10
Left XXI - The World: True
Has XXI - The World: False
Aura Name: XXI - The World
 Remaining: 0
 Duration: 10
Aura Name: XXI - The World
 Remaining: 0
 Duration: 10
Left XXI - The World: True
Has XXI - The World: False
Aura Name: XXI - The World
 Remaining: 0
 Duration: 10
Aura Name: XXI - The World
 Remaining: 0
 Duration: 10
Left XXI - The World: True
Has XXI - The World: False
Aura Name: XXI - The World
 Remaining: 0
 Duration: 10
Aura Name: XXI - The World
 Remaining: 0
 Duration: 10
Left XXI - The World: True
Has XXI - The World: False
Aura Name: XXI - The World
 Remaining: 0
 Duration: 10
Aura Name: XXI - The World
 Remaining: 0
 Duration: 10
Left XXI - The World: True
Has XXI - The World: False
Aura Name: XXI - The World
 Remaining: 0
 Duration: 10
Aura Name: XXI - The World
 Remaining: 0
 Duration: 10
Left XXI - The World: True
Has XXI - The World: False
Aura Name: XXI - The World
 Remaining: 0
 Duration: 10
Aura Name: XXI - The World
 Remaining: 0
 Duration: 10
Left XXI - The World: True
Has XXI - The World: False
Aura Name: XXI - The World
 Remaining: 0
 Duration: 10
Aura Name: XXI - The World
 Remaining: 0
 Duration: 10
Left XXI - The World: True
Has XXI - The World: False
Aura Name: XXI - The World
 Remaining: 0
 Duration: 10
Aura Name: XXI - The World
 Remaining: 0
 Duration: 10
Left XXI - The World: True
Has XXI - The World: False
Aura Name: XXI - The World
 Remaining: 0
 Duration: 10
Aura Name: XXI - The World
 Remaining: 0
 Duration: 10
Left XXI - The World: True
Has XXI - The World: False
Aura Name: XXI - The World
 Remaining: 0
 Duration: 10
Aura Name: XXI - The World
 Remaining: 0
 Duration: 10
Left XXI - The World: True
Has XXI - The World: False
Aura Name: XXI - The World
 Remaining: 0
 Duration: 10
Aura Name: XXI - The World
 Remaining: 0
 Duration: 10
Left XXI - The World: True
Has XXI - The World: False
Aura Name: XXI - The World
 Remaining: 0
 Duration: 10
Aura Name: XXI - The World
 Remaining: 0
 Duration: 10
Left XXI - The World: True
Has XXI - The World: False
Aura Name: XXI - The World
 Remaining: 0
 Duration: 10
Aura Name: XXI - The World
 Remaining: 0
 Duration: 10
Left XXI - The World: True
Has XXI - The World: False
Aura Name: XXI - The World
 Remaining: 0
 Duration: 10
Aura Name: XXI - The World
 Remaining: 0
 Duration: 10
Left XXI - The World: True
Has XXI - The World: False
Aura Name: XXI - The World
 Remaining: 0
 Duration: 10
Aura Name: XXI - The World
 Remaining: 0
 Duration: 10
Left XXI - The World: True
Has XXI - The World: False
Aura Name: XXI - The World
 Remaining: 0
 Duration: 10
Aura Name: XXI - The World
 Remaining: 0
 Duration: 10
Left XXI - The World: True
Has XXI - The World: False
Aura Name: XXI - The World
 Remaining: 0
 Duration: 10
Aura Name: XXI - The World
 Remaining: 0
 Duration: 10
Left XXI - The World: True
Has XXI - The World: False
Aura Name: XXI - The World
 Remaining: 0
 Duration: 10
Aura Name: XXI - The World
 Remaining: 0
 Duration: 10
Left XXI - The World: True
Has XXI - The World: False
Aura Name: XXI - The World
 Remaining: 0
 Duration: 10
Aura Name: XXI - The World
 Remaining: 0
 Duration: 10
Left XXI - The World: True
Has XXI - The World: False
Aura Name: XXI - The World
 Remaining: 0
 Duration: 10
Aura Name: XXI - The World
 Remaining: 0
 Duration: 10
Left XXI - The World: True
Has XXI - The World: False
Aura Name: XXI - The World
 Remaining: 0
 Duration: 10
Aura Name: XXI - The World
 Remaining: 0
 Duration: 10
Left XXI - The World: True
Has XXI - The World: False
Aura Name: XXI - The World
 Remaining: 0
 Duration: 10
Aura Name: XXI - The World
 Remaining: 0
 Duration: 10
Left XXI - The World: True
Has XXI - The World: False
Aura Name: XXI - The World
 Remaining: 0
 Duration: 10
Aura Name: XXI - The World
 Remaining: 0
 Duration: 10
Left XXI - The World: True
Has XXI - The World: False
Aura Name: XXI - The World
 Remaining: 0
 Duration: 10
Aura Name: XXI - The World
 Remaining: 0
 Duration: 10
Left XXI - The World: True
Has XXI - The World: False
Aura Name: XXI - The World
 Remaining: 0
 Duration: 10
Aura Name: XXI - The World
 Remaining: 0
 Duration: 10
Left XXI - The World: True
Has XXI - The World: False
Aura Name: XXI - The World
 Remaining: 0
 Duration: 10
Aura Name: XXI - The World
 Remaining: 0
 Duration: 10
Left XXI - The World: True
Has XXI - The World: False
Aura Name: XXI - The World
 Remaining: 0
 Duration: 10
Aura Name: XXI - The World
 Remaining: 0
 Duration: 10
Left XXI - The World: True
Has XXI - The World: False
Aura Name: XXI - The World
 Remaining: 0
 Duration: 10
Aura Name: XXI - The World
 Remaining: 0
 Duration: 10
Left XXI - The World: True
Has XXI - The World: False
Aura Name: XXI - The World
 Remaining: 0
 Duration: 10
Aura Name: XXI - The World
 Remaining: 0
 Duration: 10
Left XXI - The World: True
Has XXI - The World: False
Aura Name: XXI - The World
 Remaining: 0
 Duration: 10
Aura Name: XXI - The World
 Remaining: 0
 Duration: 10
Left XXI - The World: True
Has XXI - The World: False
Aura Name: XXI - The World
 Remaining: 0
 Duration: 10
Aura Name: XXI - The World
 Remaining: 0
 Duration: 10
Left XXI - The World: True
Has XXI - The World: False
Aura Name: XXI - The World
 Remaining: 0
 Duration: 10
Aura Name: XXI - The World
 Remaining: 0
 Duration: 10
Left XXI - The World: True
Has XXI - The World: False
Aura Name: XXI - The World
 Remaining: 0
 Duration: 10
Aura Name: XXI - The World
 Remaining: 0
 Duration: 10
Left XXI - The World: True
Has XXI - The World: False
Aura Name: XXI - The World
 Remaining: 0
 Duration: 10
Aura Name: XXI - The World
 Remaining: 0
 Duration: 10
Left XXI - The World: True
Has XXI - The World: False
Aura Name: XXI - The World
 Remaining: 0
 Duration: 10
Aura Name: XXI - The World
 Remaining: 0
 Duration: 10
Left XXI - The World: True
Has XXI - The World: False
Aura Name: XXI - The World
 Remaining: 0
 Duration: 10
Aura Name: XXI - The World
 Remaining: 0
 Duration: 10
Left XXI - The World: True
Has XXI - The World: False
Aura Name: XXI - The World
 Remaining: 0
 Duration: 10
Aura Name: XXI - The World
 Remaining: 0
 Duration: 10
Left XXI - The World: True
Has XXI - The World: False
Aura Name: XXI - The World
 Remaining: 0
 Duration: 10
Aura Name: XXI - The World
 Remaining: 0
 Duration: 10
Left XXI - The World: True
Has XXI - The World: False
Aura Name: XXI - The World
 Remaining: 0
 Duration: 10
Aura Name: XXI - The World
 Remaining: 0
 Duration: 10
Left XXI - The World: True
Has XXI - The World: False
Aura Name: XXI - The World
 Remaining: 0
 Duration: 10
Aura Name: XXI - The World
 Remaining: 0
 Duration: 10
Left XXI - The World: True
Has XXI - The World: False
Aura Name: XXI - The World
 Remaining: 0
 Duration: 10
Aura Name: XXI - The World
 Remaining: 0
 Duration: 10
Left XXI - The World: True
Has XXI - The World: False
Aura Name: XXI - The World
 Remaining: 0
 Duration: 10
Aura Name: XXI - The World
 Remaining: 0
 Duration: 10
Left XXI - The World: True
Has XXI - The World: False
Aura Name: XXI - The World
 Remaining: 0
 Duration: 10
Aura Name: XXI - The World
 Remaining: 0
 Duration: 10
Left XXI - The World: True
Has XXI - The World: False
Aura Name: XXI - The World
 Remaining: 0
 Duration: 10
Aura Name: XXI - The World
 Remaining: 0
 Duration: 10
Left XXI - The World: True
Has XXI - The World: False
Aura Name: XXI - The World
 Remaining: 0
 Duration: 10
Aura Name: XXI - The World
 Remaining: 0
 Duration: 10
Left XXI - The World: True
Has XXI - The World: False
Aura Name: XXI - The World
 Remaining: 0
 Duration: 10
Aura Name: XXI - The World
 Remaining: 0
 Duration: 10
Left XXI - The World: True
Has XXI - The World: False
Aura Name: XXI - The World
 Remaining: 0
 Duration: 10
Aura Name: XXI - The World
 Remaining: 0
 Duration: 10
Left XXI - The World: True
Has XXI - The World: False
Aura Name: XXI - The World
 Remaining: 0
 Duration: 10
Aura Name: XXI - The World
 Remaining: 0
 Duration: 10
Left XXI - The World: True
Has XXI - The World: False
Aura Name: XXI - The World
 Remaining: 0
 Duration: 10
Aura Name: XXI - The World
 Remaining: 0
 Duration: 10
Left XXI - The World: True
Has XXI - The World: False
Aura Name: XXI - The World
 Remaining: 0
 Duration: 10
Aura Name: XXI - The World
 Remaining: 0
 Duration: 10
Left XXI - The World: True
Has XXI - The World: False
Aura Name: XXI - The World
 Remaining: 0
 Duration: 10
Aura Name: XXI - The World
 Remaining: 0
 Duration: 10
Left XXI - The World: True
Has XXI - The World: False
Aura Name: XXI - The World
 Remaining: 0
 Duration: 10
Aura Name: XXI - The World
 Remaining: 0
 Duration: 10
Left XXI - The World: True
Has XXI - The World: False
Aura Name: XXI - The World
 Remaining: 0
 Duration: 10
Aura Name: XXI - The World
 Remaining: 0
 Duration: 10
Left XXI - The World: True
Has XXI - The World: False
Aura Name: XXI - The World
 Remaining: 0
 Duration: 10
Aura Name: XXI - The World
 Remaining: 0
 Duration: 10
Left XXI - The World: True
Has XXI - The World: False
Aura Name: XXI - The World
 Remaining: 0
 Duration: 10
Aura Name: XXI - The World
 Remaining: 0
 Duration: 10
Left XXI - The World: True
Has XXI - The World: False
Aura Name: XXI - The World
 Remaining: 0
 Duration: 10
Aura Name: XXI - The World
 Remaining: 0
 Duration: 10
Left XXI - The World: True
Has XXI - The World: False
Aura Name: XXI - The World
 Remaining: 0
 Duration: 10
Aura Name: XXI - The World
 Remaining: 0
 Duration: 10
Left XXI - The World: True
Has XXI - The World: False
Aura Name: XXI - The World
 Remaining: 0
 Duration: 10
Aura Name: XXI - The World
 Remaining: 0
 Duration: 10
Left XXI - The World: True
Has XXI - The World: False
Aura Name: XXI - The World
 Remaining: 0
 Duration: 10
Aura Name: XXI - The World
 Remaining: 0
 Duration: 10
Left XXI - The World: True
Has XXI - The World: False
Aura Name: XXI - The World
 Remaining: 0
 Duration: 10
Aura Name: XXI - The World
 Remaining: 0
 Duration: 10
Left XXI - The World: True
Has XXI - The World: False
Aura Name: XXI - The World
 Remaining: 0
 Duration: 10
Aura Name: XXI - The World
 Remaining: 0
 Duration: 10
Left XXI - The World: True
Has XXI - The World: False
Aura Name: XXI - The World
 Remaining: 0
 Duration: 10
Aura Name: XXI - The World
 Remaining: 0
 Duration: 10
Left XXI - The World: True
Has XXI - The World: False
Aura Name: XXI - The World
 Remaining: 0
 Duration: 10
Aura Name: XXI - The World
 Remaining: 0
 Duration: 10
Left XXI - The World: True
Has XXI - The World: False
Aura Name: XXI - The World
 Remaining: 0
 Duration: 10
Aura Name: XXI - The World
 Remaining: 0
 Duration: 10
Left XXI - The World: True
Has XXI - The World: False
Aura Name: XXI - The World
 Remaining: 0
 Duration: 10
Aura Name: XXI - The World
 Remaining: 0
 Duration: 10
Left XXI - The World: True
Has XXI - The World: False
Aura Name: XXI - The World
 Remaining: 0
 Duration: 10
Aura Name: XXI - The World
 Remaining: 0
 Duration: 10
Left XXI - The World: True
Has XXI - The World: False
Aura Name: XXI - The World
 Remaining: 0
 Duration: 10
Aura Name: XXI - The World
 Remaining: 0
 Duration: 10
Left XXI - The World: True
Has XXI - The World: False
Aura Name: XXI - The World
 Remaining: 0
 Duration: 10
Aura Name: XXI - The World
 Remaining: 0
 Duration: 10
Left XXI - The World: True
Has XXI - The World: False
Aura Name: XXI - The World
 Remaining: 0
 Duration: 10
Aura Name: XXI - The World
 Remaining: 0
 Duration: 10
Left XXI - The World: True
Has XXI - The World: False
Aura Name: XXI - The World
 Remaining: 0
 Duration: 10
Aura Name: XXI - The World
 Remaining: 0
 Duration: 10
Left XXI - The World: True
Has XXI - The World: False
Aura Name: XXI - The World
 Remaining: 0
 Duration: 10
Aura Name: XXI - The World
 Remaining: 0
 Duration: 10
Left XXI - The World: True
Has XXI - The World: False
Aura Name: XXI - The World
 Remaining: 0
 Duration: 10
Aura Name: XXI - The World
 Remaining: 0
 Duration: 10
Left XXI - The World: True
Has XXI - The World: False
Aura Name: XXI - The World
 Remaining: 0
 Duration: 10
Aura Name: XXI - The World
 Remaining: 0
 Duration: 10
Left XXI - The World: True
Has XXI - The World: False
Aura Name: XXI - The World
 Remaining: 0
 Duration: 10
Aura Name: XXI - The World
 Remaining: 0
 Duration: 10
Left XXI - The World: True
Has XXI - The World: False
Aura Name: XXI - The World
 Remaining: 0
 Duration: 10
Aura Name: XXI - The World
 Remaining: 0
 Duration: 10
Left XXI - The World: True
Has XXI - The World: False
Aura Name: XXI - The World
 Remaining: 0
 Duration: 10
Aura Name: XXI - The World
 Remaining: 0
 Duration: 10
Left XXI - The World: True
Has XXI - The World: False
Aura Name: XXI - The World
 Remaining: 0
 Duration: 10
Aura Name: XXI - The World
 Remaining: 0
 Duration: 10
Left XXI - The World: True
Has XXI - The World: False
Aura Name: XXI - The World
 Remaining: 0
 Duration: 10
Aura Name: XXI - The World
 Remaining: 0
 Duration: 10
Left XXI - The World: True
Has XXI - The World: False
Aura Name: XXI - The World
 Remaining: 0
 Duration: 10
Aura Name: XXI - The World
 Remaining: 0
 Duration: 10
Left XXI - The World: True
Has XXI - The World: False
Aura Name: XXI - The World
 Remaining: 0
 Duration: 10
Aura Name: XXI - The World
 Remaining: 0
 Duration: 10
Left XXI - The World: True
Has XXI - The World: False
Aura Name: XXI - The World
 Remaining: 0
 Duration: 10
Aura Name: XXI - The World
 Remaining: 0
 Duration: 10
Left XXI - The World: True
Has XXI - The World: False
Aura Name: XXI - The World
 Remaining: 0
 Duration: 10
Aura Name: XXI - The World
 Remaining: 0
 Duration: 10
Left XXI - The World: True
Has XXI - The World: False
Aura Name: XXI - The World
 Remaining: 0
 Duration: 10
Aura Name: XXI - The World
 Remaining: 0
 Duration: 10
Left XXI - The World: True
Has XXI - The World: False
Aura Name: XXI - The World
 Remaining: 0
 Duration: 10
Aura Name: XXI - The World
 Remaining: 0
 Duration: 10
Left XXI - The World: True
Has XXI - The World: False
Aura Name: XXI - The World
 Remaining: 0
 Duration: 10
Aura Name: XXI - The World
 Remaining: 0
 Duration: 10
Left XXI - The World: True
Has XXI - The World: False
Aura Name: XXI - The World
 Remaining: 0
 Duration: 10
Aura Name: XXI - The World
 Remaining: 0
 Duration: 10
Left XXI - The World: True
Has XXI - The World: False
Aura Name: XXI - The World
 Remaining: 0
 Duration: 10
Aura Name: XXI - The World
 Remaining: 0
 Duration: 10
Left XXI - The World: True
Has XXI - The World: False
Aura Name: XXI - The World
 Remaining: 0
 Duration: 10
Aura Name: XXI - The World
 Remaining: 0
 Duration: 10
Left XXI - The World: True
Has XXI - The World: False
Aura Name: XXI - The World
 Remaining: 0
 Duration: 10
Aura Name: XXI - The World
 Remaining: 0
 Duration: 10
Left XXI - The World: True
Has XXI - The World: False
Aura Name: XXI - The World
 Remaining: 0
 Duration: 10
Aura Name: XXI - The World
 Remaining: 0
 Duration: 10
Left XXI - The World: True
Has XXI - The World: False
Aura Name: XXI - The World
 Remaining: 0
 Duration: 10
Aura Name: XXI - The World
 Remaining: 0
 Duration: 10
Left XXI - The World: True
Has XXI - The World: False
Aura Name: XXI - The World
 Remaining: 0
 Duration: 10
Aura Name: XXI - The World
 Remaining: 0
 Duration: 10
Left XXI - The World: True
Has XXI - The World: False
Aura Name: XXI - The World
 Remaining: 0
 Duration: 10
Aura Name: XXI - The World
 Remaining: 0
 Duration: 10
Left XXI - The World: True
Has XXI - The World: False
Aura Name: XXI - The World
 Remaining: 0
 Duration: 10
Aura Name: XXI - The World
 Remaining: 0
 Duration: 10
Left XXI - The World: True
Has XXI - The World: False
Aura Name: XXI - The World
 Remaining: 0
 Duration: 10
Aura Name: XXI - The World
 Remaining: 0
 Duration: 10
Left XXI - The World: True
Has XXI - The World: False
Aura Name: XXI - The World
 Remaining: 0
 Duration: 10
Aura Name: XXI - The World
 Remaining: 0
 Duration: 10
Left XXI - The World: True
Has XXI - The World: False
Aura Name: XXI - The World
 Remaining: 0
 Duration: 10
Aura Name: XXI - The World
 Remaining: 0
 Duration: 10
Left XXI - The World: True
Has XXI - The World: False
Aura Name: XXI - The World
 Remaining: 0
 Duration: 10
Aura Name: XXI - The World
 Remaining: 0
 Duration: 10
Left XXI - The World: True
Has XXI - The World: False
Aura Name: XXI - The World
 Remaining: 0
 Duration: 10
Aura Name: XXI - The World
 Remaining: 0
 Duration: 10
Left XXI - The World: True
Has XXI - The World: False
Aura Name: XXI - The World
 Remaining: 0
 Duration: 10
Aura Name: XXI - The World
 Remaining: 0
 Duration: 10
Left XXI - The World: True
Has XXI - The World: False
Aura Name: XXI - The World
 Remaining: 0
 Duration: 10
Aura Name: XXI - The World
 Remaining: 0
 Duration: 10
Left XXI - The World: True
Has XXI - The World: False
Aura Name: XXI - The World
 Remaining: 0
 Duration: 10
Aura Name: XXI - The World
 Remaining: 0
 Duration: 10
Left XXI - The World: True
Has XXI - The World: False
Aura Name: XXI - The World
 Remaining: 0
 Duration: 10
Aura Name: XXI - The World
 Remaining: 0
 Duration: 10
Left XXI - The World: True
Has XXI - The World: False
Aura Name: XXI - The World
 Remaining: 0
 Duration: 10
Aura Name: XXI - The World
 Remaining: 0
 Duration: 10
Left XXI - The World: True
Has XXI - The World: False
Aura Name: XXI - The World
 Remaining: 0
 Duration: 10
Aura Name: XXI - The World
 Remaining: 0
 Duration: 10
Left XXI - The World: True
Has XXI - The World: False
Aura Name: XXI - The World
 Remaining: 0
 Duration: 10
Aura Name: XXI - The World
 Remaining: 0
 Duration: 10
Left XXI - The World: True
Has XXI - The World: False
Aura Name: XXI - The World
 Remaining: 0
 Duration: 10
Aura Name: XXI - The World
 Remaining: 0
 Duration: 10
Left XXI - The World: True
Has XXI - The World: False
Aura Name: XXI - The World
 Remaining: 0
 Duration: 10
Aura Name: XXI - The World
 Remaining: 0
 Duration: 10
Left XXI - The World: True
Has XXI - The World: False
Aura Name: XXI - The World
 Remaining: 0
 Duration: 10
Aura Name: XXI - The World
 Remaining: 0
 Duration: 10
Left XXI - The World: True
Has XXI - The World: False
Aura Name: XXI - The World
 Remaining: 0
 Duration: 10
Aura Name: XXI - The World
 Remaining: 0
 Duration: 10
Left XXI - The World: True
Has XXI - The World: False
Aura Name: XXI - The World
 Remaining: 0
 Duration: 10
Aura Name: XXI - The World
 Remaining: 0
 Duration: 10
Left XXI - The World: True
Has XXI - The World: False
Aura Name: XXI - The World
 Remaining: 0
 Duration: 10
Aura Name: XXI - The World
 Remaining: 0
 Duration: 10
Left XXI - The World: True
Has XXI - The World: False
Aura Name: XXI - The World
 Remaining: 0
 Duration: 10
Aura Name: XXI - The World
 Remaining: 0
 Duration: 10
Left XXI - The World: True
Has XXI - The World: False
Aura Name: XXI - The World
 Remaining: 0
 Duration: 10
Aura Name: XXI - The World
 Remaining: 0
 Duration: 10
Left XXI - The World: True
Has XXI - The World: False
Aura Name: XXI - The World
 Remaining: 0
 Duration: 10
Aura Name: XXI - The World
 Remaining: 0
 Duration: 10
Left XXI - The World: True
Has XXI - The World: False
Aura Name: XXI - The World
 Remaining: 0
 Duration: 10
Aura Name: XXI - The World
 Remaining: 0
 Duration: 10
Left XXI - The World: True
Has XXI - The World: False
Aura Name: XXI - The World
 Remaining: 0
 Duration: 10
Aura Name: XXI - The World
 Remaining: 0
 Duration: 10
Left XXI - The World: True
Has XXI - The World: False
Aura Name: XXI - The World
 Remaining: 0
 Duration: 10
Aura Name: XXI - The World
 Remaining: 0
 Duration: 10
Left XXI - The World: True
Has XXI - The World: False
Aura Name: XXI - The World
 Remaining: 0
 Duration: 10
Aura Name: XXI - The World
 Remaining: 0
 Duration: 10
Left XXI - The World: True
Has XXI - The World: False
Aura Name: XXI - The World
 Remaining: 0
 Duration: 10
Aura Name: XXI - The World
 Remaining: 0
 Duration: 10
Left XXI - The World: True
Has XXI - The World: False
Aura Name: XXI - The World
 Remaining: 0
 Duration: 10
Aura Name: XXI - The World
 Remaining: 0
 Duration: 10
Left XXI - The World: True
Has XXI - The World: False
Aura Name: XXI - The World
 Remaining: 0
 Duration: 10
Aura Name: XXI - The World
 Remaining: 0
 Duration: 10
Left XXI - The World: True
Has XXI - The World: False
Aura Name: XXI - The World
 Remaining: 0
 Duration: 10
Aura Name: XXI - The World
 Remaining: 0
 Duration: 10
Left XXI - The World: True
Has XXI - The World: False
Aura Name: XXI - The World
 Remaining: 0
 Duration: 10
Aura Name: XXI - The World
 Remaining: 0
 Duration: 10
Left XXI - The World: True
Has XXI - The World: False
Aura Name: XXI - The World
 Remaining: 0
 Duration: 10
Aura Name: XXI - The World
 Remaining: 0
 Duration: 10
Left XXI - The World: True
Has XXI - The World: False
Aura Name: XXI - The World
 Remaining: 0
 Duration: 10
Aura Name: XXI - The World
 Remaining: 0
 Duration: 10
Left XXI - The World: True
Has XXI - The World: False
Aura Name: XXI - The World
 Remaining: 0
 Duration: 10
Aura Name: XXI - The World
 Remaining: 0
 Duration: 10
Left XXI - The World: True
Has XXI - The World: False
Aura Name: XXI - The World
 Remaining: 0
 Duration: 10
Aura Name: XXI - The World
 Remaining: 0
 Duration: 10
Left XXI - The World: True
Has XXI - The World: False
Aura Name: XXI - The World
 Remaining: 0
 Duration: 10
Aura Name: XXI - The World
 Remaining: 0
 Duration: 10
Left XXI - The World: True
Has XXI - The World: False
Aura Name: XXI - The World
 Remaining: 0
 Duration: 10
Aura Name: XXI - The World
 Remaining: 0
 Duration: 10
Left XXI - The World: True
Has XXI - The World: False
Aura Name: XXI - The World
 Remaining: 0
 Duration: 10
Aura Name: XXI - The World
 Remaining: 0
 Duration: 10
Left XXI - The World: True
Has XXI - The World: False
Aura Name: XXI - The World
 Remaining: 0
 Duration: 10
Aura Name: XXI - The World
 Remaining: 0
 Duration: 10
Left XXI - The World: True
Has XXI - The World: False
Aura Name: XXI - The World
 Remaining: 0
 Duration: 10
Aura Name: XXI - The World
 Remaining: 0
 Duration: 10
Left XXI - The World: True
Has XXI - The World: False
Aura Name: XXI - The World
 Remaining: 0
 Duration: 10
Aura Name: XXI - The World
 Remaining: 0
 Duration: 10
Left XXI - The World: True
Has XXI - The World: False
Aura Name: XXI - The World
 Remaining: 0
 Duration: 10
Aura Name: XXI - The World
 Remaining: 0
 Duration: 10
Left XXI - The World: True
Has XXI - The World: False
Aura Name: XXI - The World
 Remaining: 0
 Duration: 10
Aura Name: XXI - The World
 Remaining: 0
 Duration: 10
Left XXI - The World: True
Has XXI - The World: False
Aura Name: XXI - The World
 Remaining: 0
 Duration: 10
Aura Name: XXI - The World
 Remaining: 0
 Duration: 10
Left XXI - The World: True
Has XXI - The World: False
Aura Name: XXI - The World
 Remaining: 0
 Duration: 10
Aura Name: XXI - The World
 Remaining: 0
 Duration: 10
Left XXI - The World: True
Has XXI - The World: False
Aura Name: XXI - The World
 Remaining: 0
 Duration: 10
Aura Name: XXI - The World
 Remaining: 0
 Duration: 10
Left XXI - The World: True
Has XXI - The World: False
Aura Name: XXI - The World
 Remaining: 0
 Duration: 10
Aura Name: XXI - The World
 Remaining: 0
 Duration: 10
Left XXI - The World: True
Has XXI - The World: False
Aura Name: XXI - The World
 Remaining: 0
 Duration: 10
Aura Name: XXI - The World
 Remaining: 0
 Duration: 10
Left XXI - The World: True
Has XXI - The World: False
Aura Name: XXI - The World
 Remaining: 0
 Duration: 10
Aura Name: XXI - The World
 Remaining: 0
 Duration: 10
Left XXI - The World: True
Has XXI - The World: False
Aura Name: XXI - The World
 Remaining: 0
 Duration: 10
Aura Name: XXI - The World
 Remaining: 0
 Duration: 10
Left XXI - The World: True
Has XXI - The World: False
Aura Name: XXI - The World
 Remaining: 0
 Duration: 10
Aura Name: XXI - The World
 Remaining: 0
 Duration: 10
Left XXI - The World: True
Has XXI - The World: False
Aura Name: XXI - The World
 Remaining: 0
 Duration: 10
Aura Name: XXI - The World
 Remaining: 0
 Duration: 10
Left XXI - The World: True
Has XXI - The World: False
Aura Name: XXI - The World
 Remaining: 0
 Duration: 10
Aura Name: XXI - The World
 Remaining: 0
 Duration: 10
Left XXI - The World: True
Has XXI - The World: False
Aura Name: XXI - The World
 Remaining: 0
 Duration: 10
Aura Name: XXI - The World
 Remaining: 0
 Duration: 10
Left XXI - The World: True
Has XXI - The World: False
Aura Name: XXI - The World
 Remaining: 0
 Duration: 10
Aura Name: XXI - The World
 Remaining: 0
 Duration: 10
Left XXI - The World: True
Has XXI - The World: False
Aura Name: XXI - The World
 Remaining: 0
 Duration: 10
Aura Name: XXI - The World
 Remaining: 0
 Duration: 10
Left XXI - The World: True
Has XXI - The World: False
Aura Name: XXI - The World
 Remaining: 0
 Duration: 10
Aura Name: XXI - The World
 Remaining: 0
 Duration: 10
Left XXI - The World: True
Has XXI - The World: False
Aura Name: XXI - The World
 Remaining: 0
 Duration: 10
Aura Name: XXI - The World
 Remaining: 0
 Duration: 10
Left XXI - The World: True
Has XXI - The World: False
Aura Name: XXI - The World
 Remaining: 0
 Duration: 10
Aura Name: XXI - The World
 Remaining: 0
 Duration: 10
Left XXI - The World: True
Has XXI - The World: False
Aura Name: XXI - The World
 Remaining: 0
 Duration: 10
Aura Name: XXI - The World
 Remaining: 0
 Duration: 10
Left XXI - The World: True
Has XXI - The World: False
Aura Name: XXI - The World
 Remaining: 0
 Duration: 10
Aura Name: XXI - The World
 Remaining: 0
 Duration: 10
Left XXI - The World: True
Has XXI - The World: False
Aura Name: XXI - The World
 Remaining: 0
 Duration: 10
Aura Name: XXI - The World
 Remaining: 0
 Duration: 10
Left XXI - The World: True
Has XXI - The World: False
Aura Name: XXI - The World
 Remaining: 0
 Duration: 10
Aura Name: XXI - The World
 Remaining: 0
 Duration: 10
Left XXI - The World: True
Has XXI - The World: False
Aura Name: XXI - The World
 Remaining: 0
 Duration: 10
Aura Name: XXI - The World
 Remaining: 0
 Duration: 10
Left XXI - The World: True
Has XXI - The World: False
Aura Name: XXI - The World
 Remaining: 0
 Duration: 10
Aura Name: XXI - The World
 Remaining: 0
 Duration: 10
Left XXI - The World: True
Has XXI - The World: False
Aura Name: XXI - The World
 Remaining: 0
 Duration: 10
Aura Name: XXI - The World
 Remaining: 0
 Duration: 10
Left XXI - The World: True
Has XXI - The World: False
Aura Name: XXI - The World
 Remaining: 0
 Duration: 10
Aura Name: XXI - The World
 Remaining: 0
 Duration: 10
[CORE] System offline
Left XXI - The World: True
Has XXI - The World: False
Aura Name: XXI - The World
 Remaining: 0
 Duration: 10
Aura Name: XXI - The World
 Remaining: 0
 Duration: 10
Left XXI - The World: True
Has XXI - The World: False
Aura Name: XXI - The World
 Remaining: 0
 Duration: 10
[CORE] System online
[FARMING] Killing Testing Dummy for 1x Celestial Staff
Aura Name: XXI - The World
 Remaining: 0
 Duration: 10
Left XXI - The World: True
Has XXI - The World: False
Aura Name: XXI - The World
 Remaining: 0
 Duration: 10
Aura Name: XXI - The World
 Remaining: 0
 Duration: 10
Left XXI - The World: True
Has XXI - The World: False
Aura Name: XXI - The World
 Remaining: 0
 Duration: 10
Aura Name: XXI - The World
 Remaining: 0
 Duration: 10
Left XXI - The World: True
Has XXI - The World: False
Aura Name: XXI - The World
 Remaining: 0
 Duration: 10
Aura Name: XXI - The World
 Remaining: 0
 Duration: 10
Left XXI - The World: True
Has XXI - The World: False
Aura Name: XXI - The World
 Remaining: 0
 Duration: 10
Aura Name: XXI - The World
 Remaining: 0
 Duration: 10
Left XXI - The World: True
Has XXI - The World: False
Aura Name: XXI - The World
 Remaining: 0
 Duration: 10
Aura Name: XXI - The World
 Remaining: 0
 Duration: 10
Left XXI - The World: True
Has XXI - The World: False
Aura Name: XXI - The World
 Remaining: 0
 Duration: 10
Aura Name: XXI - The World
 Remaining: 0
 Duration: 10
Left XXI - The World: True
Has XXI - The World: False
Aura Name: XXI - The World
 Remaining: 0
 Duration: 10
Aura Name: XXI - The World
 Remaining: 0
 Duration: 10
Left XXI - The World: True
Has XXI - The World: False
Aura Name: XXI - The World
 Remaining: 0
 Duration: 10
Aura Name: XXI - The World
 Remaining: 0
 Duration: 10
Left XXI - The World: True
Has XXI - The World: False
Aura Name: XXI - The World
 Remaining: 0
 Duration: 10
Aura Name: XXI - The World
 Remaining: 0
 Duration: 10
Left XXI - The World: True
Has XXI - The World: False
Aura Name: XXI - The World
 Remaining: 0
 Duration: 10
Aura Name: XXI - The World
 Remaining: 0
 Duration: 10
Left XXI - The World: True
Has XXI - The World: False
Aura Name: XXI - The World
 Remaining: 0
 Duration: 10
Aura Name: XXI - The World
 Remaining: 0
 Duration: 10
Left XXI - The World: True
Has XXI - The World: False
Aura Name: XXI - The World
 Remaining: 0
 Duration: 10
Aura Name: XXI - The World
 Remaining: 0
 Duration: 10
Left XXI - The World: True
Has XXI - The World: False
Aura Name: XXI - The World
 Remaining: 0
 Duration: 10
Aura Name: XXI - The World
 Remaining: 0
 Duration: 10
Left XXI - The World: True
Has XXI - The World: False
Aura Name: XXI - The World
 Remaining: 0
 Duration: 10
Aura Name: XXI - The World
 Remaining: 0
 Duration: 10
Left XXI - The World: True
Has XXI - The World: False
Aura Name: XXI - The World
 Remaining: 0
 Duration: 10
Aura Name: XXI - The World
 Remaining: 0
 Duration: 10
Left XXI - The World: True
Has XXI - The World: False
Aura Name: XXI - The World
 Remaining: 0
 Duration: 10
Aura Name: XXI - The World
 Remaining: 0
 Duration: 10
Left XXI - The World: True
Has XXI - The World: False
Aura Name: XXI - The World
 Remaining: 0
 Duration: 10
Aura Name: XXI - The World
 Remaining: 0
 Duration: 10
Left XXI - The World: True
Has XXI - The World: False
Aura Name: XXI - The World
 Remaining: 0
 Duration: 10
Aura Name: XXI - The World
 Remaining: 0
 Duration: 10
Left XXI - The World: True
Has XXI - The World: False
Aura Name: XXI - The World
 Remaining: 0
 Duration: 10
Aura Name: XXI - The World
 Remaining: 0
 Duration: 10
Left XXI - The World: True
Has XXI - The World: False
Aura Name: XXI - The World
 Remaining: 0
 Duration: 10
Aura Name: XXI - The World
 Remaining: 0
 Duration: 10
Left XXI - The World: True
Has XXI - The World: False
Aura Name: XXI - The World
 Remaining: 0
 Duration: 10
Aura Name: XXI - The World
 Remaining: 0
 Duration: 10
Left XXI - The World: True
Has XXI - The World: False
Aura Name: XXI - The World
 Remaining: 0
 Duration: 10
Aura Name: XXI - The World
 Remaining: 0
 Duration: 10
Left XXI - The World: True
Has XXI - The World: False
Aura Name: XXI - The World
 Remaining: 0
 Duration: 10
Aura Name: XXI - The World
 Remaining: 0
 Duration: 10
Left XXI - The World: True
Has XXI - The World: False
Aura Name: XXI - The World
 Remaining: 0
 Duration: 10
Aura Name: XXI - The World
 Remaining: 0
 Duration: 10
Left XXI - The World: True
Has XXI - The World: False
Aura Name: XXI - The World
 Remaining: 0
 Duration: 10
Aura Name: XXI - The World
 Remaining: 0
 Duration: 10
Left XXI - The World: True
Has XXI - The World: False
Aura Name: XXI - The World
 Remaining: 0
 Duration: 10
Aura Name: XXI - The World
 Remaining: 0
 Duration: 10
Left XXI - The World: True
Has XXI - The World: False
Aura Name: XXI - The World
 Remaining: 0
 Duration: 10
Aura Name: XXI - The World
 Remaining: 0
 Duration: 10
Left XXI - The World: True
Has XXI - The World: False
Aura Name: XXI - The World
 Remaining: 0
 Duration: 10
Aura Name: XXI - The World
 Remaining: 0
 Duration: 10
Left XXI - The World: True
Has XXI - The World: False
Aura Name: XXI - The World
 Remaining: 0
 Duration: 10
Aura Name: XXI - The World
 Remaining: 0
 Duration: 10
Left XXI - The World: True
Has XXI - The World: False
Aura Name: XXI - The World
 Remaining: 0
 Duration: 10
Aura Name: XXI - The World
 Remaining: 0
 Duration: 10
Left XXI - The World: True
Has XXI - The World: False
Aura Name: XXI - The World
 Remaining: 0
 Duration: 10
Aura Name: XXI - The World
 Remaining: 0
 Duration: 10
Left XXI - The World: True
Has XXI - The World: False
Aura Name: XXI - The World
 Remaining: 0
 Duration: 10
Aura Name: XXI - The World
 Remaining: 0
 Duration: 10
Left XXI - The World: True
Has XXI - The World: False
Aura Name: XXI - The World
 Remaining: 0
 Duration: 10
Aura Name: XXI - The World
 Remaining: 0
 Duration: 10
Left XXI - The World: True
Has XXI - The World: False
Aura Name: XXI - The World
 Remaining: 0
 Duration: 10
Aura Name: XXI - The World
 Remaining: 0
 Duration: 10
Left XXI - The World: True
Has XXI - The World: False
Aura Name: XXI - The World
 Remaining: 0
 Duration: 10
Aura Name: XXI - The World
 Remaining: 0
 Duration: 10
Left XXI - The World: True
Has XXI - The World: False
Aura Name: XXI - The World
 Remaining: 0
 Duration: 10
Aura Name: XXI - The World
 Remaining: 0
 Duration: 10
Left XXI - The World: True
Has XXI - The World: False
Aura Name: XXI - The World
 Remaining: 0
 Duration: 10
Aura Name: XXI - The World
 Remaining: 0
 Duration: 10
Left XXI - The World: True
Has XXI - The World: False
Aura Name: XXI - The World
 Remaining: 0
 Duration: 10
[CORE] System offline